[ +405 ms] Artifact Instance of 'AndroidGenSnapshotArtifacts' is not required, skipping update.
[        ] Artifact Instance of 'AndroidInternalBuildArtifacts' is not required, skipping update.
[        ] Artifact Instance of 'IOSEngineArtifacts' is not required, skipping update.
[        ] Artifact Instance of 'FlutterWebSdk' is not required, skipping update.
[        ] Artifact Instance of 'LegacyCanvasKitRemover' is not required, skipping update.
[   +4 ms] Artifact Instance of 'WindowsEngineArtifacts' is not required, skipping update.
[        ] Artifact Instance of 'MacOSEngineArtifacts' is not required, skipping update.
[        ] Artifact Instance of 'LinuxEngineArtifacts' is not required, skipping update.
[        ] Artifact Instance of 'LinuxFuchsiaSDKArtifacts' is not required, skipping update.
[        ] Artifact Instance of 'MacOSFuchsiaSDKArtifacts' is not required, skipping update.
[        ] Artifact Instance of 'FlutterRunnerSDKArtifacts' is not required, skipping update.
[        ] Artifact Instance of 'FlutterRunnerDebugSymbols' is not required, skipping update.
[  +86 ms] executing: C:\Users\thama\AppData\Local\Android\sdk\platform-tools\adb.exe devices -l
[ +113 ms] List of devices attached
           633c1477f5fd           device product:sky_in model:23076RN4BI device:sky transport_id:3
[   +6 ms] C:\Users\thama\AppData\Local\Android\sdk\platform-tools\adb.exe -s 633c1477f5fd shell getprop
[ +169 ms] Artifact Instance of 'AndroidInternalBuildArtifacts' is not required, skipping update.
[        ] Artifact Instance of 'IOSEngineArtifacts' is not required, skipping update.
[        ] Artifact Instance of 'FlutterWebSdk' is not required, skipping update.
[        ] Artifact Instance of 'LegacyCanvasKitRemover' is not required, skipping update.
[   +1 ms] Artifact Instance of 'WindowsEngineArtifacts' is not required, skipping update.
[        ] Artifact Instance of 'MacOSEngineArtifacts' is not required, skipping update.
[        ] Artifact Instance of 'LinuxEngineArtifacts' is not required, skipping update.
[        ] Artifact Instance of 'LinuxFuchsiaSDKArtifacts' is not required, skipping update.
[        ] Artifact Instance of 'MacOSFuchsiaSDKArtifacts' is not required, skipping update.
[        ] Artifact Instance of 'FlutterRunnerSDKArtifacts' is not required, skipping update.
[        ] Artifact Instance of 'FlutterRunnerDebugSymbols' is not required, skipping update.
[ +194 ms] Skipping pub get: version match.
[  +14 ms] executing: [C:\Users\thama\OneDrive\Desktop\Flutterproject\attendance_app/] C:\Flutter\flutter_windows_3.32.8-stable\flutter\bin\cache\dart-sdk\bin\dart pub --suppress-analytics deps --json
[ +630 ms] {
             "root": "attendance_app",
             "packages": [
               {
                 "name": "attendance_app",
                 "version": "1.0.0+1",
                 "kind": "root",
                 "source": "root",
                 "dependencies": [
                   "flutter",
                   "device_info_plus",
                   "shared_preferences",
                   "crypto",
                   "cupertino_icons",
                   "http",
                   "flutter_secure_storage",
                   "uuid",
                   "flutter_ble_peripheral",
                   "permission_handler",
                   "firebase_core",
                   "firebase_auth",
                   "video_player",
                   "flutter_test",
                   "flutter_lints",
                   "flutter_launcher_icons"
                 ],
                 "directDependencies": [
                   "flutter",
                   "device_info_plus",
                   "shared_preferences",
                   "crypto",
                   "cupertino_icons",
                   "http",
                   "flutter_secure_storage",
                   "uuid",
                   "flutter_ble_peripheral",
                   "permission_handler",
                   "firebase_core",
                   "firebase_auth",
                   "video_player"
                 ],
                 "devDependencies": [
                   "flutter_test",
                   "flutter_lints",
                   "flutter_launcher_icons"
                 ]
               },
               {
                 "name": "flutter_launcher_icons",
                 "version": "0.13.1",
                 "kind": "dev",
                 "source": "hosted",
                 "dependencies": [
                   "args",
                   "checked_yaml",
                   "cli_util",
                   "image",
                   "json_annotation",
                   "path",
                   "yaml"
                 ],
                 "directDependencies": [
                   "args",
                   "checked_yaml",
                   "cli_util",
                   "image",
                   "json_annotation",
                   "path",
                   "yaml"
                 ]
               },
               {
                 "name": "yaml",
                 "version": "3.1.3",
                 "kind": "transitive",
                 "source": "hosted",
                 "dependencies": [
                   "collection",
                   "source_span",
                   "string_scanner"
                 ],
                 "directDependencies": [
                   "collection",
                   "source_span",
                   "string_scanner"
                 ]
               },
               {
                 "name": "string_scanner",
                 "version": "1.4.1",
                 "kind": "transitive",
                 "source": "hosted",
                 "dependencies": [
                   "source_span"
                 ],
                 "directDependencies": [
                   "source_span"
                 ]
               },
               {
                 "name": "source_span",
                 "version": "1.10.1",
                 "kind": "transitive",
                 "source": "hosted",
                 "dependencies": [
                   "collection",
                   "path",
                   "term_glyph"
                 ],
                 "directDependencies": [
                   "collection",
                   "path",
                   "term_glyph"
                 ]
               },
               {
                 "name": "term_glyph",
                 "version": "1.2.2",
                 "kind": "transitive",
                 "source": "hosted",
                 "dependencies": [],
                 "directDependencies": []
               },
               {
                 "name": "path",
                 "version": "1.9.1",
                 "kind": "transitive",
                 "source": "hosted",
                 "dependencies": [],
                 "directDependencies": []
               },
               {
                 "name": "collection",
                 "version": "1.19.1",
                 "kind": "transitive",
                 "source": "hosted",
                 "dependencies": [],
                 "directDependencies": []
               },
               {
                 "name": "json_annotation",
                 "version": "4.9.0",
                 "kind": "transitive",
                 "source": "hosted",
                 "dependencies": [
                   "meta"
                 ],
                 "directDependencies": [
                   "meta"
                 ]
               },
               {
                 "name": "meta",
                 "version": "1.16.0",
                 "kind": "transitive",
                 "source": "hosted",
                 "dependencies": [],
                 "directDependencies": []
               },
               {
                 "name": "image",
                 "version": "4.8.0",
                 "kind": "transitive",
                 "source": "hosted",
                 "dependencies": [
                   "archive",
                   "meta",
                   "xml"
                 ],
                 "directDependencies": [
                   "archive",
                   "meta",
                   "xml"
                 ]
               },
               {
                 "name": "xml",
                 "version": "6.6.1",
                 "kind": "transitive",
                 "source": "hosted",
                 "dependencies": [
                   "collection",
                   "meta",
                   "petitparser"
                 ],
                 "directDependencies": [
                   "collection",
                   "meta",
                   "petitparser"
                 ]
               },
               {
                 "name": "petitparser",
                 "version": "7.0.2",
                 "kind": "transitive",
                 "source": "hosted",
                 "dependencies": [
                   "meta",
                   "collection"
                 ],
                 "directDependencies": [
                   "meta",
                   "collection"
                 ]
               },
               {
                 "name": "archive",
                 "version": "4.0.9",
                 "kind": "transitive",
                 "source": "hosted",
                 "dependencies": [
                   "path",
                   "posix"
                 ],
                 "directDependencies": [
                   "path",
                   "posix"
                 ]
               },
               {
                 "name": "posix",
                 "version": "6.5.0",
                 "kind": "transitive",
                 "source": "hosted",
                 "dependencies": [
                   "ffi",
                   "meta",
                   "path"
                 ],
                 "directDependencies": [
                   "ffi",
                   "meta",
                   "path"
                 ]
               },
               {
                 "name": "ffi",
                 "version": "2.2.0",
                 "kind": "transitive",
                 "source": "hosted",
                 "dependencies": [],
                 "directDependencies": []
               },
               {
                 "name": "cli_util",
                 "version": "0.4.2",
                 "kind": "transitive",
                 "source": "hosted",
                 "dependencies": [
                   "meta",
                   "path"
                 ],
                 "directDependencies": [
                   "meta",
                   "path"
                 ]
               },
               {
                 "name": "checked_yaml",
                 "version": "2.0.4",
                 "kind": "transitive",
                 "source": "hosted",
                 "dependencies": [
                   "json_annotation",
                   "source_span",
                   "yaml"
                 ],
                 "directDependencies": [
                   "json_annotation",
                   "source_span",
                   "yaml"
                 ]
               },
               {
                 "name": "args",
                 "version": "2.7.0",
                 "kind": "transitive",
                 "source": "hosted",
                 "dependencies": [],
                 "directDependencies": []
               },
               {
                 "name": "flutter_lints",
                 "version": "5.0.0",
                 "kind": "dev",
                 "source": "hosted",
                 "dependencies": [
                   "lints"
                 ],
                 "directDependencies": [
                   "lints"
                 ]
               },
               {
                 "name": "lints",
                 "version": "5.1.1",
                 "kind": "transitive",
                 "source": "hosted",
                 "dependencies": [],
                 "directDependencies": []
               },
               {
                 "name": "flutter_test",
                 "version": "0.0.0",
                 "kind": "dev",
                 "source": "sdk",
                 "dependencies": [
                   "flutter",
                   "test_api",
                   "matcher",
                   "path",
                   "fake_async",
                   "clock",
                   "stack_trace",
                   "vector_math",
                   "leak_tracker_flutter_testing",
                   "async",
                   "boolean_selector",
                   "characters",
                   "collection",
                   "leak_tracker",
                   "leak_tracker_testing",
                   "material_color_utilities",
                   "meta",
                   "source_span",
                   "stream_channel",
                   "string_scanner",
                   "term_glyph",
                   "vm_service"
                 ],
                 "directDependencies": [
                   "flutter",
                   "test_api",
                   "matcher",
                   "path",
                   "fake_async",
                   "clock",
                   "stack_trace",
                   "vector_math",
                   "leak_tracker_flutter_testing",
                   "async",
                   "boolean_selector",
                   "characters",
                   "collection",
                   "leak_tracker",
                   "leak_tracker_testing",
                   "material_color_utilities",
                   "meta",
                   "source_span",
                   "stream_channel",
                   "string_scanner",
                   "term_glyph",
                   "vm_service"
                 ]
               },
               {
                 "name": "vm_service",
                 "version": "15.0.0",
                 "kind": "transitive",
                 "source": "hosted",
                 "dependencies": [],
                 "directDependencies": []
               },
               {
                 "name": "stream_channel",
                 "version": "2.1.4",
                 "kind": "transitive",
                 "source": "hosted",
                 "dependencies": [
                   "async"
                 ],
                 "directDependencies": [
                   "async"
                 ]
               },
               {
                 "name": "async",
                 "version": "2.13.0",
                 "kind": "transitive",
                 "source": "hosted",
                 "dependencies": [
                   "collection",
                   "meta"
                 ],
                 "directDependencies": [
                   "collection",
                   "meta"
                 ]
               },
               {
                 "name": "material_color_utilities",
                 "version": "0.11.1",
                 "kind": "transitive",
                 "source": "hosted",
                 "dependencies": [
                   "collection"
                 ],
                 "directDependencies": [
                   "collection"
                 ]
               },
               {
                 "name": "leak_tracker_testing",
                 "version": "3.0.1",
                 "kind": "transitive",
                 "source": "hosted",
                 "dependencies": [
                   "leak_tracker",
                   "matcher",
                   "meta"
                 ],
                 "directDependencies": [
                   "leak_tracker",
                   "matcher",
                   "meta"
                 ]
               },
               {
                 "name": "matcher",
                 "version": "0.12.17",
                 "kind": "transitive",
                 "source": "hosted",
                 "dependencies": [
                   "async",
                   "meta",
                   "stack_trace",
                   "term_glyph",
                   "test_api"
                 ],
                 "directDependencies": [
                   "async",
                   "meta",
                   "stack_trace",
                   "term_glyph",
                   "test_api"
                 ]
               },
               {
                 "name": "test_api",
                 "version": "0.7.4",
                 "kind": "transitive",
                 "source": "hosted",
                 "dependencies": [
                   "async",
                   "boolean_selector",
                   "collection",
                   "meta",
                   "source_span",
                   "stack_trace",
                   "stream_channel",
                   "string_scanner",
                   "term_glyph"
                 ],
                 "directDependencies": [
                   "async",
                   "boolean_selector",
                   "collection",
                   "meta",
                   "source_span",
                   "stack_trace",
                   "stream_channel",
                   "string_scanner",
                   "term_glyph"
                 ]
               },
               {
                 "name": "stack_trace",
                 "version": "1.12.1",
                 "kind": "transitive",
                 "source": "hosted",
                 "dependencies": [
                   "path"
                 ],
                 "directDependencies": [
                   "path"
                 ]
               },
               {
                 "name": "boolean_selector",
                 "version": "2.1.2",
                 "kind": "transitive",
                 "source": "hosted",
                 "dependencies": [
                   "source_span",
                   "string_scanner"
                 ],
                 "directDependencies": [
                   "source_span",
                   "string_scanner"
                 ]
               },
               {
                 "name": "leak_tracker",
                 "version": "10.0.9",
                 "kind": "transitive",
                 "source": "hosted",
                 "dependencies": [
                   "clock",
                   "collection",
                   "meta",
                   "path",
                   "vm_service"
                 ],
                 "directDependencies": [
                   "clock",
                   "collection",
                   "meta",
                   "path",
                   "vm_service"
                 ]
               },
               {
                 "name": "clock",
                 "version": "1.1.2",
                 "kind": "transitive",
                 "source": "hosted",
                 "dependencies": [],
                 "directDependencies": []
               },
               {
                 "name": "characters",
                 "version": "1.4.0",
                 "kind": "transitive",
                 "source": "hosted",
                 "dependencies": [],
                 "directDependencies": []
               },
               {
                 "name": "leak_tracker_flutter_testing",
                 "version": "3.0.9",
                 "kind": "transitive",
                 "source": "hosted",
                 "dependencies": [
                   "flutter",
                   "leak_tracker",
                   "leak_tracker_testing",
                   "matcher",
                   "meta"
                 ],
                 "directDependencies": [
                   "flutter",
                   "leak_tracker",
                   "leak_tracker_testing",
                   "matcher",
                   "meta"
                 ]
               },
               {
                 "name": "flutter",
                 "version": "0.0.0",
                 "kind": "direct",
                 "source": "sdk",
                 "dependencies": [
                   "characters",
                   "collection",
                   "material_color_utilities",
                   "meta",
                   "vector_math",
                   "sky_engine"
                 ],
                 "directDependencies": [
                   "characters",
                   "collection",
                   "material_color_utilities",
                   "meta",
                   "vector_math",
                   "sky_engine"
                 ]
               },
               {
                 "name": "sky_engine",
                 "version": "0.0.0",
                 "kind": "transitive",
                 "source": "sdk",
                 "dependencies": [],
                 "directDependencies": []
               },
               {
                 "name": "vector_math",
                 "version": "2.1.4",
                 "kind": "transitive",
                 "source": "hosted",
                 "dependencies": [],
                 "directDependencies": []
               },
               {
                 "name": "fake_async",
                 "version": "1.3.3",
                 "kind": "transitive",
                 "source": "hosted",
                 "dependencies": [
                   "clock",
                   "collection"
                 ],
                 "directDependencies": [
                   "clock",
                   "collection"
                 ]
               },
               {
                 "name": "video_player",
                 "version": "2.10.1",
                 "kind": "direct",
                 "source": "hosted",
                 "dependencies": [
                   "flutter",
                   "html",
                   "video_player_android",
                   "video_player_avfoundation",
                   "video_player_platform_interface",
                   "video_player_web"
                 ],
                 "directDependencies": [
                   "flutter",
                   "html",
                   "video_player_android",
                   "video_player_avfoundation",
                   "video_player_platform_interface",
                   "video_player_web"
                 ]
               },
               {
                 "name": "video_player_web",
                 "version": "2.4.0",
                 "kind": "transitive",
                 "source": "hosted",
                 "dependencies": [
                   "flutter",
                   "flutter_web_plugins",
                   "video_player_platform_interface",
                   "web"
                 ],
                 "directDependencies": [
                   "flutter",
                   "flutter_web_plugins",
                   "video_player_platform_interface",
                   "web"
                 ]
               },
               {
                 "name": "web",
                 "version": "1.1.1",
                 "kind": "transitive",
                 "source": "hosted",
                 "dependencies": [],
                 "directDependencies": []
               },
               {
                 "name": "video_player_platform_interface",
                 "version": "6.6.0",
                 "kind": "transitive",
                 "source": "hosted",
                 "dependencies": [
                   "flutter",
                   "plugin_platform_interface"
                 ],
                 "directDependencies": [
                   "flutter",
                   "plugin_platform_interface"
                 ]
               },
               {
                 "name": "plugin_platform_interface",
                 "version": "2.1.8",
                 "kind": "transitive",
                 "source": "hosted",
                 "dependencies": [
                   "meta"
                 ],
                 "directDependencies": [
                   "meta"
                 ]
               },
               {
                 "name": "flutter_web_plugins",
                 "version": "0.0.0",
                 "kind": "transitive",
                 "source": "sdk",
                 "dependencies": [
                   "flutter",
                   "characters",
                   "collection",
                   "material_color_utilities",
                   "meta",
                   "vector_math"
                 ],
                 "directDependencies": [
                   "flutter",
                   "characters",
                   "collection",
                   "material_color_utilities",
                   "meta",
                   "vector_math"
                 ]
               },
               {
                 "name": "video_player_avfoundation",
                 "version": "2.8.4",
                 "kind": "transitive",
                 "source": "hosted",
                 "dependencies": [
                   "flutter",
                   "video_player_platform_interface"
                 ],
                 "directDependencies": [
                   "flutter",
                   "video_player_platform_interface"
                 ]
               },
               {
                 "name": "video_player_android",
                 "version": "2.8.15",
                 "kind": "transitive",
                 "source": "hosted",
                 "dependencies": [
                   "flutter",
                   "video_player_platform_interface"
                 ],
                 "directDependencies": [
                   "flutter",
                   "video_player_platform_interface"
                 ]
               },
               {
                 "name": "html",
                 "version": "0.15.6",
                 "kind": "transitive",
                 "source": "hosted",
                 "dependencies": [
                   "csslib",
                   "source_span"
                 ],
                 "directDependencies": [
                   "csslib",
                   "source_span"
                 ]
               },
               {
                 "name": "csslib",
                 "version": "1.0.2",
                 "kind": "transitive",
                 "source": "hosted",
                 "dependencies": [
                   "source_span"
                 ],
                 "directDependencies": [
                   "source_span"
                 ]
               },
               {
                 "name": "firebase_auth",
                 "version": "6.2.0",
                 "kind": "direct",
                 "source": "hosted",
                 "dependencies": [
                   "firebase_auth_platform_interface",
                   "firebase_auth_web",
                   "firebase_core",
                   "firebase_core_platform_interface",
                   "flutter",
                   "meta"
                 ],
                 "directDependencies": [
                   "firebase_auth_platform_interface",
                   "firebase_auth_web",
                   "firebase_core",
                   "firebase_core_platform_interface",
                   "flutter",
                   "meta"
                 ]
               },
               {
                 "name": "firebase_core_platform_interface",
                 "version": "6.0.2",
                 "kind": "transitive",
                 "source": "hosted",
                 "dependencies": [
                   "collection",
                   "flutter",
                   "flutter_test",
                   "meta",
                   "plugin_platform_interface"
                 ],
                 "directDependencies": [
                   "collection",
                   "flutter",
                   "flutter_test",
                   "meta",
                   "plugin_platform_interface"
                 ]
               },
               {
                 "name": "firebase_core",
                 "version": "4.5.0",
                 "kind": "direct",
                 "source": "hosted",
                 "dependencies": [
                   "firebase_core_platform_interface",
                   "firebase_core_web",
                   "flutter",
                   "meta"
                 ],
                 "directDependencies": [
                   "firebase_core_platform_interface",
                   "firebase_core_web",
                   "flutter",
                   "meta"
                 ]
               },
               {
                 "name": "firebase_core_web",
                 "version": "3.5.0",
                 "kind": "transitive",
                 "source": "hosted",
                 "dependencies": [
                   "firebase_core_platform_interface",
                   "flutter",
                   "flutter_web_plugins",
                   "meta",
                   "web"
                 ],
                 "directDependencies": [
                   "firebase_core_platform_interface",
                   "flutter",
                   "flutter_web_plugins",
                   "meta",
                   "web"
                 ]
               },
               {
                 "name": "firebase_auth_web",
                 "version": "6.1.3",
                 "kind": "transitive",
                 "source": "hosted",
                 "dependencies": [
                   "firebase_auth_platform_interface",
                   "firebase_core",
                   "firebase_core_web",
                   "flutter",
                   "flutter_web_plugins",
                   "http_parser",
                   "meta",
                   "web"
                 ],
                 "directDependencies": [
                   "firebase_auth_platform_interface",
                   "firebase_core",
                   "firebase_core_web",
                   "flutter",
                   "flutter_web_plugins",
                   "http_parser",
                   "meta",
                   "web"
                 ]
               },
               {
                 "name": "http_parser",
                 "version": "4.1.2",
                 "kind": "transitive",
                 "source": "hosted",
                 "dependencies": [
                   "collection",
                   "source_span",
                   "string_scanner",
                   "typed_data"
                 ],
                 "directDependencies": [
                   "collection",
                   "source_span",
                   "string_scanner",
                   "typed_data"
                 ]
               },
               {
                 "name": "typed_data",
                 "version": "1.4.0",
                 "kind": "transitive",
                 "source": "hosted",
                 "dependencies": [
                   "collection"
                 ],
                 "directDependencies": [
                   "collection"
                 ]
               },
               {
                 "name": "firebase_auth_platform_interface",
                 "version": "8.1.7",
                 "kind": "transitive",
                 "source": "hosted",
                 "dependencies": [
                   "_flutterfire_internals",
                   "collection",
                   "firebase_core",
                   "flutter",
                   "http",
                   "meta",
                   "plugin_platform_interface"
                 ],
                 "directDependencies": [
                   "_flutterfire_internals",
                   "collection",
                   "firebase_core",
                   "flutter",
                   "http",
                   "meta",
                   "plugin_platform_interface"
                 ]
               },
               {
                 "name": "http",
                 "version": "1.6.0",
                 "kind": "direct",
                 "source": "hosted",
                 "dependencies": [
                   "async",
                   "http_parser",
                   "meta",
                   "web"
                 ],
                 "directDependencies": [
                   "async",
                   "http_parser",
                   "meta",
                   "web"
                 ]
               },
               {
                 "name": "_flutterfire_internals",
                 "version": "1.3.67",
                 "kind": "transitive",
                 "source": "hosted",
                 "dependencies": [
                   "collection",
                   "firebase_core",
                   "firebase_core_platform_interface",
                   "flutter",
                   "meta"
                 ],
                 "directDependencies": [
                   "collection",
                   "firebase_core",
                   "firebase_core_platform_interface",
                   "flutter",
                   "meta"
                 ]
               },
               {
                 "name": "permission_handler",
                 "version": "12.0.1",
                 "kind": "direct",
                 "source": "hosted",
                 "dependencies": [
                   "flutter",
                   "meta",
                   "permission_handler_android",
                   "permission_handler_apple",
                   "permission_handler_html",
                   "permission_handler_windows",
                   "permission_handler_platform_interface"
                 ],
                 "directDependencies": [
                   "flutter",
                   "meta",
                   "permission_handler_android",
                   "permission_handler_apple",
                   "permission_handler_html",
                   "permission_handler_windows",
                   "permission_handler_platform_interface"
                 ]
               },
               {
                 "name": "permission_handler_platform_interface",
                 "version": "4.3.0",
                 "kind": "transitive",
                 "source": "hosted",
                 "dependencies": [
                   "flutter",
                   "meta",
                   "plugin_platform_interface"
                 ],
                 "directDependencies": [
                   "flutter",
                   "meta",
                   "plugin_platform_interface"
                 ]
               },
               {
                 "name": "permission_handler_windows",
                 "version": "0.2.1",
                 "kind": "transitive",
                 "source": "hosted",
                 "dependencies": [
                   "flutter",
                   "permission_handler_platform_interface"
                 ],
                 "directDependencies": [
                   "flutter",
                   "permission_handler_platform_interface"
                 ]
               },
               {
                 "name": "permission_handler_html",
                 "version": "0.1.3+5",
                 "kind": "transitive",
                 "source": "hosted",
                 "dependencies": [
                   "flutter",
                   "flutter_web_plugins",
                   "permission_handler_platform_interface",
                   "web"
                 ],
                 "directDependencies": [
                   "flutter",
                   "flutter_web_plugins",
                   "permission_handler_platform_interface",
                   "web"
                 ]
               },
               {
                 "name": "permission_handler_apple",
                 "version": "9.4.7",
                 "kind": "transitive",
                 "source": "hosted",
                 "dependencies": [
                   "flutter",
                   "permission_handler_platform_interface"
                 ],
                 "directDependencies": [
                   "flutter",
                   "permission_handler_platform_interface"
                 ]
               },
               {
                 "name": "permission_handler_android",
                 "version": "13.0.1",
                 "kind": "transitive",
                 "source": "hosted",
                 "dependencies": [
                   "flutter",
                   "permission_handler_platform_interface"
                 ],
                 "directDependencies": [
                   "flutter",
                   "permission_handler_platform_interface"
                 ]
               },
               {
                 "name": "flutter_ble_peripheral",
                 "version": "2.1.0",
                 "kind": "direct",
                 "source": "hosted",
                 "dependencies": [
                   "flutter",
                   "json_annotation"
                 ],
                 "directDependencies": [
                   "flutter",
                   "json_annotation"
                 ]
               },
               {
                 "name": "uuid",
                 "version": "4.5.3",
                 "kind": "direct",
                 "source": "hosted",
                 "dependencies": [
                   "crypto",
                   "fixnum"
                 ],
                 "directDependencies": [
                   "crypto",
                   "fixnum"
                 ]
               },
               {
                 "name": "fixnum",
                 "version": "1.1.1",
                 "kind": "transitive",
                 "source": "hosted",
                 "dependencies": [],
                 "directDependencies": []
               },
               {
                 "name": "crypto",
                 "version": "3.0.7",
                 "kind": "direct",
                 "source": "hosted",
                 "dependencies": [
                   "typed_data"
                 ],
                 "directDependencies": [
                   "typed_data"
                 ]
               },
               {
                 "name": "flutter_secure_storage",
                 "version": "9.2.4",
                 "kind": "direct",
                 "source": "hosted",
                 "dependencies": [
                   "flutter",
                   "flutter_secure_storage_linux",
                   "flutter_secure_storage_macos",
                   "flutter_secure_storage_platform_interface",
                   "flutter_secure_storage_web",
                   "flutter_secure_storage_windows",
                   "meta"
                 ],
                 "directDependencies": [
                   "flutter",
                   "flutter_secure_storage_linux",
                   "flutter_secure_storage_macos",
                   "flutter_secure_storage_platform_interface",
                   "flutter_secure_storage_web",
                   "flutter_secure_storage_windows",
                   "meta"
                 ]
               },
               {
                 "name": "flutter_secure_storage_windows",
                 "version": "3.1.2",
                 "kind": "transitive",
                 "source": "hosted",
                 "dependencies": [
                   "ffi",
                   "flutter",
                   "flutter_secure_storage_platform_interface",
                   "path",
                   "path_provider",
                   "win32"
                 ],
                 "directDependencies": [
                   "ffi",
                   "flutter",
                   "flutter_secure_storage_platform_interface",
                   "path",
                   "path_provider",
                   "win32"
                 ]
               },
               {
                 "name": "win32",
                 "version": "5.15.0",
                 "kind": "transitive",
                 "source": "hosted",
                 "dependencies": [
                   "ffi"
                 ],
                 "directDependencies": [
                   "ffi"
                 ]
               },
               {
                 "name": "path_provider",
                 "version": "2.1.5",
                 "kind": "transitive",
                 "source": "hosted",
                 "dependencies": [
                   "flutter",
                   "path_provider_android",
                   "path_provider_foundation",
                   "path_provider_linux",
                   "path_provider_platform_interface",
                   "path_provider_windows"
                 ],
                 "directDependencies": [
                   "flutter",
                   "path_provider_android",
                   "path_provider_foundation",
                   "path_provider_linux",
                   "path_provider_platform_interface",
                   "path_provider_windows"
                 ]
               },
               {
                 "name": "path_provider_windows",
                 "version": "2.3.0",
                 "kind": "transitive",
                 "source": "hosted",
                 "dependencies": [
                   "ffi",
                   "flutter",
                   "path",
                   "path_provider_platform_interface"
                 ],
                 "directDependencies": [
                   "ffi",
                   "flutter",
                   "path",
                   "path_provider_platform_interface"
                 ]
               },
               {
                 "name": "path_provider_platform_interface",
                 "version": "2.1.2",
                 "kind": "transitive",
                 "source": "hosted",
                 "dependencies": [
                   "flutter",
                   "platform",
                   "plugin_platform_interface"
                 ],
                 "directDependencies": [
                   "flutter",
                   "platform",
                   "plugin_platform_interface"
                 ]
               },
               {
                 "name": "platform",
                 "version": "3.1.6",
                 "kind": "transitive",
                 "source": "hosted",
                 "dependencies": [],
                 "directDependencies": []
               },
               {
                 "name": "path_provider_linux",
                 "version": "2.2.1",
                 "kind": "transitive",
                 "source": "hosted",
                 "dependencies": [
                   "ffi",
                   "flutter",
                   "path",
                   "path_provider_platform_interface",
                   "xdg_directories"
                 ],
                 "directDependencies": [
                   "ffi",
                   "flutter",
                   "path",
                   "path_provider_platform_interface",
                   "xdg_directories"
                 ]
               },
               {
                 "name": "xdg_directories",
                 "version": "1.1.0",
                 "kind": "transitive",
                 "source": "hosted",
                 "dependencies": [
                   "meta",
                   "path"
                 ],
                 "directDependencies": [
                   "meta",
                   "path"
                 ]
               },
               {
                 "name": "path_provider_foundation",
                 "version": "2.4.2",
                 "kind": "transitive",
                 "source": "hosted",
                 "dependencies": [
                   "flutter",
                   "path_provider_platform_interface"
                 ],
                 "directDependencies": [
                   "flutter",
                   "path_provider_platform_interface"
                 ]
               },
               {
                 "name": "path_provider_android",
                 "version": "2.2.19",
                 "kind": "transitive",
                 "source": "hosted",
                 "dependencies": [
                   "flutter",
                   "path_provider_platform_interface"
                 ],
                 "directDependencies": [
                   "flutter",
                   "path_provider_platform_interface"
                 ]
               },
               {
                 "name": "flutter_secure_storage_platform_interface",
                 "version": "1.1.2",
                 "kind": "transitive",
                 "source": "hosted",
                 "dependencies": [
                   "flutter",
                   "plugin_platform_interface"
                 ],
                 "directDependencies": [
                   "flutter",
                   "plugin_platform_interface"
                 ]
               },
               {
                 "name": "flutter_secure_storage_web",
                 "version": "1.2.1",
                 "kind": "transitive",
                 "source": "hosted",
                 "dependencies": [
                   "flutter",
                   "flutter_secure_storage_platform_interface",
                   "flutter_web_plugins",
                   "js"
                 ],
                 "directDependencies": [
                   "flutter",
                   "flutter_secure_storage_platform_interface",
                   "flutter_web_plugins",
                   "js"
                 ]
               },
               {
                 "name": "js",
                 "version": "0.6.7",
                 "kind": "transitive",
                 "source": "hosted",
                 "dependencies": [
                   "meta"
                 ],
                 "directDependencies": [
                   "meta"
                 ]
               },
               {
                 "name": "flutter_secure_storage_macos",
                 "version": "3.1.3",
                 "kind": "transitive",
                 "source": "hosted",
                 "dependencies": [
                   "flutter",
                   "flutter_secure_storage_platform_interface"
                 ],
                 "directDependencies": [
                   "flutter",
                   "flutter_secure_storage_platform_interface"
                 ]
               },
               {
                 "name": "flutter_secure_storage_linux",
                 "version": "1.2.3",
                 "kind": "transitive",
                 "source": "hosted",
                 "dependencies": [
                   "flutter",
                   "flutter_secure_storage_platform_interface"
                 ],
                 "directDependencies": [
                   "flutter",
                   "flutter_secure_storage_platform_interface"
                 ]
               },
               {
                 "name": "cupertino_icons",
                 "version": "1.0.8",
                 "kind": "direct",
                 "source": "hosted",
                 "dependencies": [],
                 "directDependencies": []
               },
               {
                 "name": "shared_preferences",
                 "version": "2.5.3",
                 "kind": "direct",
                 "source": "hosted",
                 "dependencies": [
                   "flutter",
                   "shared_preferences_android",
                   "shared_preferences_foundation",
                   "shared_preferences_linux",
                   "shared_preferences_platform_interface",
                   "shared_preferences_web",
                   "shared_preferences_windows"
                 ],
                 "directDependencies": [
                   "flutter",
                   "shared_preferences_android",
                   "shared_preferences_foundation",
                   "shared_preferences_linux",
                   "shared_preferences_platform_interface",
                   "shared_preferences_web",
                   "shared_preferences_windows"
                 ]
               },
               {
                 "name": "shared_preferences_windows",
                 "version": "2.4.1",
                 "kind": "transitive",
                 "source": "hosted",
                 "dependencies": [
                   "file",
                   "flutter",
                   "path",
                   "path_provider_platform_interface",
                   "path_provider_windows",
                   "shared_preferences_platform_interface"
                 ],
                 "directDependencies": [
                   "file",
                   "flutter",
                   "path",
                   "path_provider_platform_interface",
                   "path_provider_windows",
                   "shared_preferences_platform_interface"
                 ]
               },
               {
                 "name": "shared_preferences_platform_interface",
                 "version": "2.4.1",
                 "kind": "transitive",
                 "source": "hosted",
                 "dependencies": [
                   "flutter",
                   "plugin_platform_interface"
                 ],
                 "directDependencies": [
                   "flutter",
                   "plugin_platform_interface"
                 ]
               },
               {
                 "name": "file",
                 "version": "7.0.1",
                 "kind": "transitive",
                 "source": "hosted",
                 "dependencies": [
                   "meta",
                   "path"
                 ],
                 "directDependencies": [
                   "meta",
                   "path"
                 ]
               },
               {
                 "name": "shared_preferences_web",
                 "version": "2.4.3",
                 "kind": "transitive",
                 "source": "hosted",
                 "dependencies": [
                   "flutter",
                   "flutter_web_plugins",
                   "shared_preferences_platform_interface",
                   "web"
                 ],
                 "directDependencies": [
                   "flutter",
                   "flutter_web_plugins",
                   "shared_preferences_platform_interface",
                   "web"
                 ]
               },
               {
                 "name": "shared_preferences_linux",
                 "version": "2.4.1",
                 "kind": "transitive",
                 "source": "hosted",
                 "dependencies": [
                   "file",
                   "flutter",
                   "path",
                   "path_provider_linux",
                   "path_provider_platform_interface",
                   "shared_preferences_platform_interface"
                 ],
                 "directDependencies": [
                   "file",
                   "flutter",
                   "path",
                   "path_provider_linux",
                   "path_provider_platform_interface",
                   "shared_preferences_platform_interface"
                 ]
               },
               {
                 "name": "shared_preferences_foundation",
                 "version": "2.5.4",
                 "kind": "transitive",
                 "source": "hosted",
                 "dependencies": [
                   "flutter",
                   "shared_preferences_platform_interface"
                 ],
                 "directDependencies": [
                   "flutter",
                   "shared_preferences_platform_interface"
                 ]
               },
               {
                 "name": "shared_preferences_android",
                 "version": "2.4.13",
                 "kind": "transitive",
                 "source": "hosted",
                 "dependencies": [
                   "flutter",
                   "shared_preferences_platform_interface"
                 ],
                 "directDependencies": [
                   "flutter",
                   "shared_preferences_platform_interface"
                 ]
               },
               {
                 "name": "device_info_plus",
                 "version": "10.1.2",
                 "kind": "direct",
                 "source": "hosted",
                 "dependencies": [
                   "device_info_plus_platform_interface",
                   "ffi",
                   "file",
                   "flutter",
                   "flutter_web_plugins",
                   "meta",
                   "web",
                   "win32",
                   "win32_registry"
                 ],
                 "directDependencies": [
                   "device_info_plus_platform_interface",
                   "ffi",
                   "file",
                   "flutter",
                   "flutter_web_plugins",
                   "meta",
                   "web",
                   "win32",
                   "win32_registry"
                 ]
               },
               {
                 "name": "win32_registry",
                 "version": "1.1.5",
                 "kind": "transitive",
                 "source": "hosted",
                 "dependencies": [
                   "ffi",
                   "win32"
                 ],
                 "directDependencies": [
                   "ffi",
                   "win32"
                 ]
               },
               {
                 "name": "device_info_plus_platform_interface",
                 "version": "7.0.3",
                 "kind": "transitive",
                 "source": "hosted",
                 "dependencies": [
                   "flutter",
                   "meta",
                   "plugin_platform_interface"
                 ],
                 "directDependencies": [
                   "flutter",
                   "meta",
                   "plugin_platform_interface"
                 ]
               }
             ],
             "sdks": [
               {
                 "name": "Dart",
                 "version": "3.8.1"
               },
               {
                 "name": "Flutter",
                 "version": "3.32.8"
               }
             ],
             "executables": [
               "flutter_launcher_icons",
               "flutter_launcher_icons:generate",
               "flutter_launcher_icons:main"
             ]
           }
[ +179 ms] Found plugin device_info_plus at C:\Users\thama\AppData\Local\Pub\Cache\hosted\pub.dev\device_info_plus-10.1.2\
[  +21 ms] Found plugin firebase_auth at C:\Users\thama\AppData\Local\Pub\Cache\hosted\pub.dev\firebase_auth-6.2.0\
[  +11 ms] Found plugin firebase_auth_web at C:\Users\thama\AppData\Local\Pub\Cache\hosted\pub.dev\firebase_auth_web-6.1.3\
[   +5 ms] Found plugin firebase_core at C:\Users\thama\AppData\Local\Pub\Cache\hosted\pub.dev\firebase_core-4.5.0\
[  +10 ms] Found plugin firebase_core_web at C:\Users\thama\AppData\Local\Pub\Cache\hosted\pub.dev\firebase_core_web-3.5.0\
[  +15 ms] Found plugin flutter_ble_peripheral at C:\Users\thama\AppData\Local\Pub\Cache\hosted\pub.dev\flutter_ble_peripheral-2.1.0\
[  +12 ms] Found plugin flutter_secure_storage at C:\Users\thama\AppData\Local\Pub\Cache\hosted\pub.dev\flutter_secure_storage-9.2.4\
[   +4 ms] Found plugin flutter_secure_storage_linux at C:\Users\thama\AppData\Local\Pub\Cache\hosted\pub.dev\flutter_secure_storage_linux-1.2.3\
[   +3 ms] Found plugin flutter_secure_storage_macos at C:\Users\thama\AppData\Local\Pub\Cache\hosted\pub.dev\flutter_secure_storage_macos-3.1.3\
[   +6 ms] Found plugin flutter_secure_storage_web at C:\Users\thama\AppData\Local\Pub\Cache\hosted\pub.dev\flutter_secure_storage_web-1.2.1\
[   +5 ms] Found plugin flutter_secure_storage_windows at C:\Users\thama\AppData\Local\Pub\Cache\hosted\pub.dev\flutter_secure_storage_windows-3.1.2\
[  +44 ms] Found plugin path_provider at C:\Users\thama\AppData\Local\Pub\Cache\hosted\pub.dev\path_provider-2.1.5\
[   +4 ms] Found plugin path_provider_android at C:\Users\thama\AppData\Local\Pub\Cache\hosted\pub.dev\path_provider_android-2.2.19\
[   +4 ms] Found plugin path_provider_foundation at C:\Users\thama\AppData\Local\Pub\Cache\hosted\pub.dev\path_provider_foundation-2.4.2\
[   +2 ms] Found plugin path_provider_linux at C:\Users\thama\AppData\Local\Pub\Cache\hosted\pub.dev\path_provider_linux-2.2.1\
[   +3 ms] Found plugin path_provider_windows at C:\Users\thama\AppData\Local\Pub\Cache\hosted\pub.dev\path_provider_windows-2.3.0\
[   +2 ms] Found plugin permission_handler at C:\Users\thama\AppData\Local\Pub\Cache\hosted\pub.dev\permission_handler-12.0.1\
[   +3 ms] Found plugin permission_handler_android at C:\Users\thama\AppData\Local\Pub\Cache\hosted\pub.dev\permission_handler_android-13.0.1\
[   +2 ms] Found plugin permission_handler_apple at C:\Users\thama\AppData\Local\Pub\Cache\hosted\pub.dev\permission_handler_apple-9.4.7\
[   +3 ms] Found plugin permission_handler_html at C:\Users\thama\AppData\Local\Pub\Cache\hosted\pub.dev\permission_handler_html-0.1.3+5\
[   +5 ms] Found plugin permission_handler_windows at C:\Users\thama\AppData\Local\Pub\Cache\hosted\pub.dev\permission_handler_windows-0.2.1\
[  +13 ms] Found plugin shared_preferences at C:\Users\thama\AppData\Local\Pub\Cache\hosted\pub.dev\shared_preferences-2.5.3\
[   +4 ms] Found plugin shared_preferences_android at C:\Users\thama\AppData\Local\Pub\Cache\hosted\pub.dev\shared_preferences_android-2.4.13\
[   +3 ms] Found plugin shared_preferences_foundation at C:\Users\thama\AppData\Local\Pub\Cache\hosted\pub.dev\shared_preferences_foundation-2.5.4\
[   +3 ms] Found plugin shared_preferences_linux at C:\Users\thama\AppData\Local\Pub\Cache\hosted\pub.dev\shared_preferences_linux-2.4.1\
[   +4 ms] Found plugin shared_preferences_web at C:\Users\thama\AppData\Local\Pub\Cache\hosted\pub.dev\shared_preferences_web-2.4.3\
[   +3 ms] Found plugin shared_preferences_windows at C:\Users\thama\AppData\Local\Pub\Cache\hosted\pub.dev\shared_preferences_windows-2.4.1\
[  +17 ms] Found plugin video_player at C:\Users\thama\AppData\Local\Pub\Cache\hosted\pub.dev\video_player-2.10.1\
[   +2 ms] Found plugin video_player_android at C:\Users\thama\AppData\Local\Pub\Cache\hosted\pub.dev\video_player_android-2.8.15\
[   +2 ms] Found plugin video_player_avfoundation at C:\Users\thama\AppData\Local\Pub\Cache\hosted\pub.dev\video_player_avfoundation-2.8.4\
[   +4 ms] Found plugin video_player_web at C:\Users\thama\AppData\Local\Pub\Cache\hosted\pub.dev\video_player_web-2.4.0\
[  +55 ms] executing: [C:\Users\thama\OneDrive\Desktop\Flutterproject\attendance_app/] C:\Flutter\flutter_windows_3.32.8-stable\flutter\bin\cache\dart-sdk\bin\dart pub --suppress-analytics deps --json
[ +622 ms] {
             "root": "attendance_app",
             "packages": [
               {
                 "name": "attendance_app",
                 "version": "1.0.0+1",
                 "kind": "root",
                 "source": "root",
                 "dependencies": [
                   "flutter",
                   "device_info_plus",
                   "shared_preferences",
                   "crypto",
                   "cupertino_icons",
                   "http",
                   "flutter_secure_storage",
                   "uuid",
                   "flutter_ble_peripheral",
                   "permission_handler",
                   "firebase_core",
                   "firebase_auth",
                   "video_player",
                   "flutter_test",
                   "flutter_lints",
                   "flutter_launcher_icons"
                 ],
                 "directDependencies": [
                   "flutter",
                   "device_info_plus",
                   "shared_preferences",
                   "crypto",
                   "cupertino_icons",
                   "http",
                   "flutter_secure_storage",
                   "uuid",
                   "flutter_ble_peripheral",
                   "permission_handler",
                   "firebase_core",
                   "firebase_auth",
                   "video_player"
                 ],
                 "devDependencies": [
                   "flutter_test",
                   "flutter_lints",
                   "flutter_launcher_icons"
                 ]
               },
               {
                 "name": "flutter_launcher_icons",
                 "version": "0.13.1",
                 "kind": "dev",
                 "source": "hosted",
                 "dependencies": [
                   "args",
                   "checked_yaml",
                   "cli_util",
                   "image",
                   "json_annotation",
                   "path",
                   "yaml"
                 ],
                 "directDependencies": [
                   "args",
                   "checked_yaml",
                   "cli_util",
                   "image",
                   "json_annotation",
                   "path",
                   "yaml"
                 ]
               },
               {
                 "name": "yaml",
                 "version": "3.1.3",
                 "kind": "transitive",
                 "source": "hosted",
                 "dependencies": [
                   "collection",
                   "source_span",
                   "string_scanner"
                 ],
                 "directDependencies": [
                   "collection",
                   "source_span",
                   "string_scanner"
                 ]
               },
               {
                 "name": "string_scanner",
                 "version": "1.4.1",
                 "kind": "transitive",
                 "source": "hosted",
                 "dependencies": [
                   "source_span"
                 ],
                 "directDependencies": [
                   "source_span"
                 ]
               },
               {
                 "name": "source_span",
                 "version": "1.10.1",
                 "kind": "transitive",
                 "source": "hosted",
                 "dependencies": [
                   "collection",
                   "path",
                   "term_glyph"
                 ],
                 "directDependencies": [
                   "collection",
                   "path",
                   "term_glyph"
                 ]
               },
               {
                 "name": "term_glyph",
                 "version": "1.2.2",
                 "kind": "transitive",
                 "source": "hosted",
                 "dependencies": [],
                 "directDependencies": []
               },
               {
                 "name": "path",
                 "version": "1.9.1",
                 "kind": "transitive",
                 "source": "hosted",
                 "dependencies": [],
                 "directDependencies": []
               },
               {
                 "name": "collection",
                 "version": "1.19.1",
                 "kind": "transitive",
                 "source": "hosted",
                 "dependencies": [],
                 "directDependencies": []
               },
               {
                 "name": "json_annotation",
                 "version": "4.9.0",
                 "kind": "transitive",
                 "source": "hosted",
                 "dependencies": [
                   "meta"
                 ],
                 "directDependencies": [
                   "meta"
                 ]
               },
               {
                 "name": "meta",
                 "version": "1.16.0",
                 "kind": "transitive",
                 "source": "hosted",
                 "dependencies": [],
                 "directDependencies": []
               },
               {
                 "name": "image",
                 "version": "4.8.0",
                 "kind": "transitive",
                 "source": "hosted",
                 "dependencies": [
                   "archive",
                   "meta",
                   "xml"
                 ],
                 "directDependencies": [
                   "archive",
                   "meta",
                   "xml"
                 ]
               },
               {
                 "name": "xml",
                 "version": "6.6.1",
                 "kind": "transitive",
                 "source": "hosted",
                 "dependencies": [
                   "collection",
                   "meta",
                   "petitparser"
                 ],
                 "directDependencies": [
                   "collection",
                   "meta",
                   "petitparser"
                 ]
               },
               {
                 "name": "petitparser",
                 "version": "7.0.2",
                 "kind": "transitive",
                 "source": "hosted",
                 "dependencies": [
                   "meta",
                   "collection"
                 ],
                 "directDependencies": [
                   "meta",
                   "collection"
                 ]
               },
               {
                 "name": "archive",
                 "version": "4.0.9",
                 "kind": "transitive",
                 "source": "hosted",
                 "dependencies": [
                   "path",
                   "posix"
                 ],
                 "directDependencies": [
                   "path",
                   "posix"
                 ]
               },
               {
                 "name": "posix",
                 "version": "6.5.0",
                 "kind": "transitive",
                 "source": "hosted",
                 "dependencies": [
                   "ffi",
                   "meta",
                   "path"
                 ],
                 "directDependencies": [
                   "ffi",
                   "meta",
                   "path"
                 ]
               },
               {
                 "name": "ffi",
                 "version": "2.2.0",
                 "kind": "transitive",
                 "source": "hosted",
                 "dependencies": [],
                 "directDependencies": []
               },
               {
                 "name": "cli_util",
                 "version": "0.4.2",
                 "kind": "transitive",
                 "source": "hosted",
                 "dependencies": [
                   "meta",
                   "path"
                 ],
                 "directDependencies": [
                   "meta",
                   "path"
                 ]
               },
               {
                 "name": "checked_yaml",
                 "version": "2.0.4",
                 "kind": "transitive",
                 "source": "hosted",
                 "dependencies": [
                   "json_annotation",
                   "source_span",
                   "yaml"
                 ],
                 "directDependencies": [
                   "json_annotation",
                   "source_span",
                   "yaml"
                 ]
               },
               {
                 "name": "args",
                 "version": "2.7.0",
                 "kind": "transitive",
                 "source": "hosted",
                 "dependencies": [],
                 "directDependencies": []
               },
               {
                 "name": "flutter_lints",
                 "version": "5.0.0",
                 "kind": "dev",
                 "source": "hosted",
                 "dependencies": [
                   "lints"
                 ],
                 "directDependencies": [
                   "lints"
                 ]
               },
               {
                 "name": "lints",
                 "version": "5.1.1",
                 "kind": "transitive",
                 "source": "hosted",
                 "dependencies": [],
                 "directDependencies": []
               },
               {
                 "name": "flutter_test",
                 "version": "0.0.0",
                 "kind": "dev",
                 "source": "sdk",
                 "dependencies": [
                   "flutter",
                   "test_api",
                   "matcher",
                   "path",
                   "fake_async",
                   "clock",
                   "stack_trace",
                   "vector_math",
                   "leak_tracker_flutter_testing",
                   "async",
                   "boolean_selector",
                   "characters",
                   "collection",
                   "leak_tracker",
                   "leak_tracker_testing",
                   "material_color_utilities",
                   "meta",
                   "source_span",
                   "stream_channel",
                   "string_scanner",
                   "term_glyph",
                   "vm_service"
                 ],
                 "directDependencies": [
                   "flutter",
                   "test_api",
                   "matcher",
                   "path",
                   "fake_async",
                   "clock",
                   "stack_trace",
                   "vector_math",
                   "leak_tracker_flutter_testing",
                   "async",
                   "boolean_selector",
                   "characters",
                   "collection",
                   "leak_tracker",
                   "leak_tracker_testing",
                   "material_color_utilities",
                   "meta",
                   "source_span",
                   "stream_channel",
                   "string_scanner",
                   "term_glyph",
                   "vm_service"
                 ]
               },
               {
                 "name": "vm_service",
                 "version": "15.0.0",
                 "kind": "transitive",
                 "source": "hosted",
                 "dependencies": [],
                 "directDependencies": []
               },
               {
                 "name": "stream_channel",
                 "version": "2.1.4",
                 "kind": "transitive",
                 "source": "hosted",
                 "dependencies": [
                   "async"
                 ],
                 "directDependencies": [
                   "async"
                 ]
               },
               {
                 "name": "async",
                 "version": "2.13.0",
                 "kind": "transitive",
                 "source": "hosted",
                 "dependencies": [
                   "collection",
                   "meta"
                 ],
                 "directDependencies": [
                   "collection",
                   "meta"
                 ]
               },
               {
                 "name": "material_color_utilities",
                 "version": "0.11.1",
                 "kind": "transitive",
                 "source": "hosted",
                 "dependencies": [
                   "collection"
                 ],
                 "directDependencies": [
                   "collection"
                 ]
               },
               {
                 "name": "leak_tracker_testing",
                 "version": "3.0.1",
                 "kind": "transitive",
                 "source": "hosted",
                 "dependencies": [
                   "leak_tracker",
                   "matcher",
                   "meta"
                 ],
                 "directDependencies": [
                   "leak_tracker",
                   "matcher",
                   "meta"
                 ]
               },
               {
                 "name": "matcher",
                 "version": "0.12.17",
                 "kind": "transitive",
                 "source": "hosted",
                 "dependencies": [
                   "async",
                   "meta",
                   "stack_trace",
                   "term_glyph",
                   "test_api"
                 ],
                 "directDependencies": [
                   "async",
                   "meta",
                   "stack_trace",
                   "term_glyph",
                   "test_api"
                 ]
               },
               {
                 "name": "test_api",
                 "version": "0.7.4",
                 "kind": "transitive",
                 "source": "hosted",
                 "dependencies": [
                   "async",
                   "boolean_selector",
                   "collection",
                   "meta",
                   "source_span",
                   "stack_trace",
                   "stream_channel",
                   "string_scanner",
                   "term_glyph"
                 ],
                 "directDependencies": [
                   "async",
                   "boolean_selector",
                   "collection",
                   "meta",
                   "source_span",
                   "stack_trace",
                   "stream_channel",
                   "string_scanner",
                   "term_glyph"
                 ]
               },
               {
                 "name": "stack_trace",
                 "version": "1.12.1",
                 "kind": "transitive",
                 "source": "hosted",
                 "dependencies": [
                   "path"
                 ],
                 "directDependencies": [
                   "path"
                 ]
               },
               {
                 "name": "boolean_selector",
                 "version": "2.1.2",
                 "kind": "transitive",
                 "source": "hosted",
                 "dependencies": [
                   "source_span",
                   "string_scanner"
                 ],
                 "directDependencies": [
                   "source_span",
                   "string_scanner"
                 ]
               },
               {
                 "name": "leak_tracker",
                 "version": "10.0.9",
                 "kind": "transitive",
                 "source": "hosted",
                 "dependencies": [
                   "clock",
                   "collection",
                   "meta",
                   "path",
                   "vm_service"
                 ],
                 "directDependencies": [
                   "clock",
                   "collection",
                   "meta",
                   "path",
                   "vm_service"
                 ]
               },
               {
                 "name": "clock",
                 "version": "1.1.2",
                 "kind": "transitive",
                 "source": "hosted",
                 "dependencies": [],
                 "directDependencies": []
               },
               {
                 "name": "characters",
                 "version": "1.4.0",
                 "kind": "transitive",
                 "source": "hosted",
                 "dependencies": [],
                 "directDependencies": []
               },
               {
                 "name": "leak_tracker_flutter_testing",
                 "version": "3.0.9",
                 "kind": "transitive",
                 "source": "hosted",
                 "dependencies": [
                   "flutter",
                   "leak_tracker",
                   "leak_tracker_testing",
                   "matcher",
                   "meta"
                 ],
                 "directDependencies": [
                   "flutter",
                   "leak_tracker",
                   "leak_tracker_testing",
                   "matcher",
                   "meta"
                 ]
               },
               {
                 "name": "flutter",
                 "version": "0.0.0",
                 "kind": "direct",
                 "source": "sdk",
                 "dependencies": [
                   "characters",
                   "collection",
                   "material_color_utilities",
                   "meta",
                   "vector_math",
                   "sky_engine"
                 ],
                 "directDependencies": [
                   "characters",
                   "collection",
                   "material_color_utilities",
                   "meta",
                   "vector_math",
                   "sky_engine"
                 ]
               },
               {
                 "name": "sky_engine",
                 "version": "0.0.0",
                 "kind": "transitive",
                 "source": "sdk",
                 "dependencies": [],
                 "directDependencies": []
               },
               {
                 "name": "vector_math",
                 "version": "2.1.4",
                 "kind": "transitive",
                 "source": "hosted",
                 "dependencies": [],
                 "directDependencies": []
               },
               {
                 "name": "fake_async",
                 "version": "1.3.3",
                 "kind": "transitive",
                 "source": "hosted",
                 "dependencies": [
                   "clock",
                   "collection"
                 ],
                 "directDependencies": [
                   "clock",
                   "collection"
                 ]
               },
               {
                 "name": "video_player",
                 "version": "2.10.1",
                 "kind": "direct",
                 "source": "hosted",
                 "dependencies": [
                   "flutter",
                   "html",
                   "video_player_android",
                   "video_player_avfoundation",
                   "video_player_platform_interface",
                   "video_player_web"
                 ],
                 "directDependencies": [
                   "flutter",
                   "html",
                   "video_player_android",
                   "video_player_avfoundation",
                   "video_player_platform_interface",
                   "video_player_web"
                 ]
               },
               {
                 "name": "video_player_web",
                 "version": "2.4.0",
                 "kind": "transitive",
                 "source": "hosted",
                 "dependencies": [
                   "flutter",
                   "flutter_web_plugins",
                   "video_player_platform_interface",
                   "web"
                 ],
                 "directDependencies": [
                   "flutter",
                   "flutter_web_plugins",
                   "video_player_platform_interface",
                   "web"
                 ]
               },
               {
                 "name": "web",
                 "version": "1.1.1",
                 "kind": "transitive",
                 "source": "hosted",
                 "dependencies": [],
                 "directDependencies": []
               },
               {
                 "name": "video_player_platform_interface",
                 "version": "6.6.0",
                 "kind": "transitive",
                 "source": "hosted",
                 "dependencies": [
                   "flutter",
                   "plugin_platform_interface"
                 ],
                 "directDependencies": [
                   "flutter",
                   "plugin_platform_interface"
                 ]
               },
               {
                 "name": "plugin_platform_interface",
                 "version": "2.1.8",
                 "kind": "transitive",
                 "source": "hosted",
                 "dependencies": [
                   "meta"
                 ],
                 "directDependencies": [
                   "meta"
                 ]
               },
               {
                 "name": "flutter_web_plugins",
                 "version": "0.0.0",
                 "kind": "transitive",
                 "source": "sdk",
                 "dependencies": [
                   "flutter",
                   "characters",
                   "collection",
                   "material_color_utilities",
                   "meta",
                   "vector_math"
                 ],
                 "directDependencies": [
                   "flutter",
                   "characters",
                   "collection",
                   "material_color_utilities",
                   "meta",
                   "vector_math"
                 ]
               },
               {
                 "name": "video_player_avfoundation",
                 "version": "2.8.4",
                 "kind": "transitive",
                 "source": "hosted",
                 "dependencies": [
                   "flutter",
                   "video_player_platform_interface"
                 ],
                 "directDependencies": [
                   "flutter",
                   "video_player_platform_interface"
                 ]
               },
               {
                 "name": "video_player_android",
                 "version": "2.8.15",
                 "kind": "transitive",
                 "source": "hosted",
                 "dependencies": [
                   "flutter",
                   "video_player_platform_interface"
                 ],
                 "directDependencies": [
                   "flutter",
                   "video_player_platform_interface"
                 ]
               },
               {
                 "name": "html",
                 "version": "0.15.6",
                 "kind": "transitive",
                 "source": "hosted",
                 "dependencies": [
                   "csslib",
                   "source_span"
                 ],
                 "directDependencies": [
                   "csslib",
                   "source_span"
                 ]
               },
               {
                 "name": "csslib",
                 "version": "1.0.2",
                 "kind": "transitive",
                 "source": "hosted",
                 "dependencies": [
                   "source_span"
                 ],
                 "directDependencies": [
                   "source_span"
                 ]
               },
               {
                 "name": "firebase_auth",
                 "version": "6.2.0",
                 "kind": "direct",
                 "source": "hosted",
                 "dependencies": [
                   "firebase_auth_platform_interface",
                   "firebase_auth_web",
                   "firebase_core",
                   "firebase_core_platform_interface",
                   "flutter",
                   "meta"
                 ],
                 "directDependencies": [
                   "firebase_auth_platform_interface",
                   "firebase_auth_web",
                   "firebase_core",
                   "firebase_core_platform_interface",
                   "flutter",
                   "meta"
                 ]
               },
               {
                 "name": "firebase_core_platform_interface",
                 "version": "6.0.2",
                 "kind": "transitive",
                 "source": "hosted",
                 "dependencies": [
                   "collection",
                   "flutter",
                   "flutter_test",
                   "meta",
                   "plugin_platform_interface"
                 ],
                 "directDependencies": [
                   "collection",
                   "flutter",
                   "flutter_test",
                   "meta",
                   "plugin_platform_interface"
                 ]
               },
               {
                 "name": "firebase_core",
                 "version": "4.5.0",
                 "kind": "direct",
                 "source": "hosted",
                 "dependencies": [
                   "firebase_core_platform_interface",
                   "firebase_core_web",
                   "flutter",
                   "meta"
                 ],
                 "directDependencies": [
                   "firebase_core_platform_interface",
                   "firebase_core_web",
                   "flutter",
                   "meta"
                 ]
               },
               {
                 "name": "firebase_core_web",
                 "version": "3.5.0",
                 "kind": "transitive",
                 "source": "hosted",
                 "dependencies": [
                   "firebase_core_platform_interface",
                   "flutter",
                   "flutter_web_plugins",
                   "meta",
                   "web"
                 ],
                 "directDependencies": [
                   "firebase_core_platform_interface",
                   "flutter",
                   "flutter_web_plugins",
                   "meta",
                   "web"
                 ]
               },
               {
                 "name": "firebase_auth_web",
                 "version": "6.1.3",
                 "kind": "transitive",
                 "source": "hosted",
                 "dependencies": [
                   "firebase_auth_platform_interface",
                   "firebase_core",
                   "firebase_core_web",
                   "flutter",
                   "flutter_web_plugins",
                   "http_parser",
                   "meta",
                   "web"
                 ],
                 "directDependencies": [
                   "firebase_auth_platform_interface",
                   "firebase_core",
                   "firebase_core_web",
                   "flutter",
                   "flutter_web_plugins",
                   "http_parser",
                   "meta",
                   "web"
                 ]
               },
               {
                 "name": "http_parser",
                 "version": "4.1.2",
                 "kind": "transitive",
                 "source": "hosted",
                 "dependencies": [
                   "collection",
                   "source_span",
                   "string_scanner",
                   "typed_data"
                 ],
                 "directDependencies": [
                   "collection",
                   "source_span",
                   "string_scanner",
                   "typed_data"
                 ]
               },
               {
                 "name": "typed_data",
                 "version": "1.4.0",
                 "kind": "transitive",
                 "source": "hosted",
                 "dependencies": [
                   "collection"
                 ],
                 "directDependencies": [
                   "collection"
                 ]
               },
               {
                 "name": "firebase_auth_platform_interface",
                 "version": "8.1.7",
                 "kind": "transitive",
                 "source": "hosted",
                 "dependencies": [
                   "_flutterfire_internals",
                   "collection",
                   "firebase_core",
                   "flutter",
                   "http",
                   "meta",
                   "plugin_platform_interface"
                 ],
                 "directDependencies": [
                   "_flutterfire_internals",
                   "collection",
                   "firebase_core",
                   "flutter",
                   "http",
                   "meta",
                   "plugin_platform_interface"
                 ]
               },
               {
                 "name": "http",
                 "version": "1.6.0",
                 "kind": "direct",
                 "source": "hosted",
                 "dependencies": [
                   "async",
                   "http_parser",
                   "meta",
                   "web"
                 ],
                 "directDependencies": [
                   "async",
                   "http_parser",
                   "meta",
                   "web"
                 ]
               },
               {
                 "name": "_flutterfire_internals",
                 "version": "1.3.67",
                 "kind": "transitive",
                 "source": "hosted",
                 "dependencies": [
                   "collection",
                   "firebase_core",
                   "firebase_core_platform_interface",
                   "flutter",
                   "meta"
                 ],
                 "directDependencies": [
                   "collection",
                   "firebase_core",
                   "firebase_core_platform_interface",
                   "flutter",
                   "meta"
                 ]
               },
               {
                 "name": "permission_handler",
                 "version": "12.0.1",
                 "kind": "direct",
                 "source": "hosted",
                 "dependencies": [
                   "flutter",
                   "meta",
                   "permission_handler_android",
                   "permission_handler_apple",
                   "permission_handler_html",
                   "permission_handler_windows",
                   "permission_handler_platform_interface"
                 ],
                 "directDependencies": [
                   "flutter",
                   "meta",
                   "permission_handler_android",
                   "permission_handler_apple",
                   "permission_handler_html",
                   "permission_handler_windows",
                   "permission_handler_platform_interface"
                 ]
               },
               {
                 "name": "permission_handler_platform_interface",
                 "version": "4.3.0",
                 "kind": "transitive",
                 "source": "hosted",
                 "dependencies": [
                   "flutter",
                   "meta",
                   "plugin_platform_interface"
                 ],
                 "directDependencies": [
                   "flutter",
                   "meta",
                   "plugin_platform_interface"
                 ]
               },
               {
                 "name": "permission_handler_windows",
                 "version": "0.2.1",
                 "kind": "transitive",
                 "source": "hosted",
                 "dependencies": [
                   "flutter",
                   "permission_handler_platform_interface"
                 ],
                 "directDependencies": [
                   "flutter",
                   "permission_handler_platform_interface"
                 ]
               },
               {
                 "name": "permission_handler_html",
                 "version": "0.1.3+5",
                 "kind": "transitive",
                 "source": "hosted",
                 "dependencies": [
                   "flutter",
                   "flutter_web_plugins",
                   "permission_handler_platform_interface",
                   "web"
                 ],
                 "directDependencies": [
                   "flutter",
                   "flutter_web_plugins",
                   "permission_handler_platform_interface",
                   "web"
                 ]
               },
               {
                 "name": "permission_handler_apple",
                 "version": "9.4.7",
                 "kind": "transitive",
                 "source": "hosted",
                 "dependencies": [
                   "flutter",
                   "permission_handler_platform_interface"
                 ],
                 "directDependencies": [
                   "flutter",
                   "permission_handler_platform_interface"
                 ]
               },
               {
                 "name": "permission_handler_android",
                 "version": "13.0.1",
                 "kind": "transitive",
                 "source": "hosted",
                 "dependencies": [
                   "flutter",
                   "permission_handler_platform_interface"
                 ],
                 "directDependencies": [
                   "flutter",
                   "permission_handler_platform_interface"
                 ]
               },
               {
                 "name": "flutter_ble_peripheral",
                 "version": "2.1.0",
                 "kind": "direct",
                 "source": "hosted",
                 "dependencies": [
                   "flutter",
                   "json_annotation"
                 ],
                 "directDependencies": [
                   "flutter",
                   "json_annotation"
                 ]
               },
               {
                 "name": "uuid",
                 "version": "4.5.3",
                 "kind": "direct",
                 "source": "hosted",
                 "dependencies": [
                   "crypto",
                   "fixnum"
                 ],
                 "directDependencies": [
                   "crypto",
                   "fixnum"
                 ]
               },
               {
                 "name": "fixnum",
                 "version": "1.1.1",
                 "kind": "transitive",
                 "source": "hosted",
                 "dependencies": [],
                 "directDependencies": []
               },
               {
                 "name": "crypto",
                 "version": "3.0.7",
                 "kind": "direct",
                 "source": "hosted",
                 "dependencies": [
                   "typed_data"
                 ],
                 "directDependencies": [
                   "typed_data"
                 ]
               },
               {
                 "name": "flutter_secure_storage",
                 "version": "9.2.4",
                 "kind": "direct",
                 "source": "hosted",
                 "dependencies": [
                   "flutter",
                   "flutter_secure_storage_linux",
                   "flutter_secure_storage_macos",
                   "flutter_secure_storage_platform_interface",
                   "flutter_secure_storage_web",
                   "flutter_secure_storage_windows",
                   "meta"
                 ],
                 "directDependencies": [
                   "flutter",
                   "flutter_secure_storage_linux",
                   "flutter_secure_storage_macos",
                   "flutter_secure_storage_platform_interface",
                   "flutter_secure_storage_web",
                   "flutter_secure_storage_windows",
                   "meta"
                 ]
               },
               {
                 "name": "flutter_secure_storage_windows",
                 "version": "3.1.2",
                 "kind": "transitive",
                 "source": "hosted",
                 "dependencies": [
                   "ffi",
                   "flutter",
                   "flutter_secure_storage_platform_interface",
                   "path",
                   "path_provider",
                   "win32"
                 ],
                 "directDependencies": [
                   "ffi",
                   "flutter",
                   "flutter_secure_storage_platform_interface",
                   "path",
                   "path_provider",
                   "win32"
                 ]
               },
               {
                 "name": "win32",
                 "version": "5.15.0",
                 "kind": "transitive",
                 "source": "hosted",
                 "dependencies": [
                   "ffi"
                 ],
                 "directDependencies": [
                   "ffi"
                 ]
               },
               {
                 "name": "path_provider",
                 "version": "2.1.5",
                 "kind": "transitive",
                 "source": "hosted",
                 "dependencies": [
                   "flutter",
                   "path_provider_android",
                   "path_provider_foundation",
                   "path_provider_linux",
                   "path_provider_platform_interface",
                   "path_provider_windows"
                 ],
                 "directDependencies": [
                   "flutter",
                   "path_provider_android",
                   "path_provider_foundation",
                   "path_provider_linux",
                   "path_provider_platform_interface",
                   "path_provider_windows"
                 ]
               },
               {
                 "name": "path_provider_windows",
                 "version": "2.3.0",
                 "kind": "transitive",
                 "source": "hosted",
                 "dependencies": [
                   "ffi",
                   "flutter",
                   "path",
                   "path_provider_platform_interface"
                 ],
                 "directDependencies": [
                   "ffi",
                   "flutter",
                   "path",
                   "path_provider_platform_interface"
                 ]
               },
               {
                 "name": "path_provider_platform_interface",
                 "version": "2.1.2",
                 "kind": "transitive",
                 "source": "hosted",
                 "dependencies": [
                   "flutter",
                   "platform",
                   "plugin_platform_interface"
                 ],
                 "directDependencies": [
                   "flutter",
                   "platform",
                   "plugin_platform_interface"
                 ]
               },
               {
                 "name": "platform",
                 "version": "3.1.6",
                 "kind": "transitive",
                 "source": "hosted",
                 "dependencies": [],
                 "directDependencies": []
               },
               {
                 "name": "path_provider_linux",
                 "version": "2.2.1",
                 "kind": "transitive",
                 "source": "hosted",
                 "dependencies": [
                   "ffi",
                   "flutter",
                   "path",
                   "path_provider_platform_interface",
                   "xdg_directories"
                 ],
                 "directDependencies": [
                   "ffi",
                   "flutter",
                   "path",
                   "path_provider_platform_interface",
                   "xdg_directories"
                 ]
               },
               {
                 "name": "xdg_directories",
                 "version": "1.1.0",
                 "kind": "transitive",
                 "source": "hosted",
                 "dependencies": [
                   "meta",
                   "path"
                 ],
                 "directDependencies": [
                   "meta",
                   "path"
                 ]
               },
               {
                 "name": "path_provider_foundation",
                 "version": "2.4.2",
                 "kind": "transitive",
                 "source": "hosted",
                 "dependencies": [
                   "flutter",
                   "path_provider_platform_interface"
                 ],
                 "directDependencies": [
                   "flutter",
                   "path_provider_platform_interface"
                 ]
               },
               {
                 "name": "path_provider_android",
                 "version": "2.2.19",
                 "kind": "transitive",
                 "source": "hosted",
                 "dependencies": [
                   "flutter",
                   "path_provider_platform_interface"
                 ],
                 "directDependencies": [
                   "flutter",
                   "path_provider_platform_interface"
                 ]
               },
               {
                 "name": "flutter_secure_storage_platform_interface",
                 "version": "1.1.2",
                 "kind": "transitive",
                 "source": "hosted",
                 "dependencies": [
                   "flutter",
                   "plugin_platform_interface"
                 ],
                 "directDependencies": [
                   "flutter",
                   "plugin_platform_interface"
                 ]
               },
               {
                 "name": "flutter_secure_storage_web",
                 "version": "1.2.1",
                 "kind": "transitive",
                 "source": "hosted",
                 "dependencies": [
                   "flutter",
                   "flutter_secure_storage_platform_interface",
                   "flutter_web_plugins",
                   "js"
                 ],
                 "directDependencies": [
                   "flutter",
                   "flutter_secure_storage_platform_interface",
                   "flutter_web_plugins",
                   "js"
                 ]
               },
               {
                 "name": "js",
                 "version": "0.6.7",
                 "kind": "transitive",
                 "source": "hosted",
                 "dependencies": [
                   "meta"
                 ],
                 "directDependencies": [
                   "meta"
                 ]
               },
               {
                 "name": "flutter_secure_storage_macos",
                 "version": "3.1.3",
                 "kind": "transitive",
                 "source": "hosted",
                 "dependencies": [
                   "flutter",
                   "flutter_secure_storage_platform_interface"
                 ],
                 "directDependencies": [
                   "flutter",
                   "flutter_secure_storage_platform_interface"
                 ]
               },
               {
                 "name": "flutter_secure_storage_linux",
                 "version": "1.2.3",
                 "kind": "transitive",
                 "source": "hosted",
                 "dependencies": [
                   "flutter",
                   "flutter_secure_storage_platform_interface"
                 ],
                 "directDependencies": [
                   "flutter",
                   "flutter_secure_storage_platform_interface"
                 ]
               },
               {
                 "name": "cupertino_icons",
                 "version": "1.0.8",
                 "kind": "direct",
                 "source": "hosted",
                 "dependencies": [],
                 "directDependencies": []
               },
               {
                 "name": "shared_preferences",
                 "version": "2.5.3",
                 "kind": "direct",
                 "source": "hosted",
                 "dependencies": [
                   "flutter",
                   "shared_preferences_android",
                   "shared_preferences_foundation",
                   "shared_preferences_linux",
                   "shared_preferences_platform_interface",
                   "shared_preferences_web",
                   "shared_preferences_windows"
                 ],
                 "directDependencies": [
                   "flutter",
                   "shared_preferences_android",
                   "shared_preferences_foundation",
                   "shared_preferences_linux",
                   "shared_preferences_platform_interface",
                   "shared_preferences_web",
                   "shared_preferences_windows"
                 ]
               },
               {
                 "name": "shared_preferences_windows",
                 "version": "2.4.1",
                 "kind": "transitive",
                 "source": "hosted",
                 "dependencies": [
                   "file",
                   "flutter",
                   "path",
                   "path_provider_platform_interface",
                   "path_provider_windows",
                   "shared_preferences_platform_interface"
                 ],
                 "directDependencies": [
                   "file",
                   "flutter",
                   "path",
                   "path_provider_platform_interface",
                   "path_provider_windows",
                   "shared_preferences_platform_interface"
                 ]
               },
               {
                 "name": "shared_preferences_platform_interface",
                 "version": "2.4.1",
                 "kind": "transitive",
                 "source": "hosted",
                 "dependencies": [
                   "flutter",
                   "plugin_platform_interface"
                 ],
                 "directDependencies": [
                   "flutter",
                   "plugin_platform_interface"
                 ]
               },
               {
                 "name": "file",
                 "version": "7.0.1",
                 "kind": "transitive",
                 "source": "hosted",
                 "dependencies": [
                   "meta",
                   "path"
                 ],
                 "directDependencies": [
                   "meta",
                   "path"
                 ]
               },
               {
                 "name": "shared_preferences_web",
                 "version": "2.4.3",
                 "kind": "transitive",
                 "source": "hosted",
                 "dependencies": [
                   "flutter",
                   "flutter_web_plugins",
                   "shared_preferences_platform_interface",
                   "web"
                 ],
                 "directDependencies": [
                   "flutter",
                   "flutter_web_plugins",
                   "shared_preferences_platform_interface",
                   "web"
                 ]
               },
               {
                 "name": "shared_preferences_linux",
                 "version": "2.4.1",
                 "kind": "transitive",
                 "source": "hosted",
                 "dependencies": [
                   "file",
                   "flutter",
                   "path",
                   "path_provider_linux",
                   "path_provider_platform_interface",
                   "shared_preferences_platform_interface"
                 ],
                 "directDependencies": [
                   "file",
                   "flutter",
                   "path",
                   "path_provider_linux",
                   "path_provider_platform_interface",
                   "shared_preferences_platform_interface"
                 ]
               },
               {
                 "name": "shared_preferences_foundation",
                 "version": "2.5.4",
                 "kind": "transitive",
                 "source": "hosted",
                 "dependencies": [
                   "flutter",
                   "shared_preferences_platform_interface"
                 ],
                 "directDependencies": [
                   "flutter",
                   "shared_preferences_platform_interface"
                 ]
               },
               {
                 "name": "shared_preferences_android",
                 "version": "2.4.13",
                 "kind": "transitive",
                 "source": "hosted",
                 "dependencies": [
                   "flutter",
                   "shared_preferences_platform_interface"
                 ],
                 "directDependencies": [
                   "flutter",
                   "shared_preferences_platform_interface"
                 ]
               },
               {
                 "name": "device_info_plus",
                 "version": "10.1.2",
                 "kind": "direct",
                 "source": "hosted",
                 "dependencies": [
                   "device_info_plus_platform_interface",
                   "ffi",
                   "file",
                   "flutter",
                   "flutter_web_plugins",
                   "meta",
                   "web",
                   "win32",
                   "win32_registry"
                 ],
                 "directDependencies": [
                   "device_info_plus_platform_interface",
                   "ffi",
                   "file",
                   "flutter",
                   "flutter_web_plugins",
                   "meta",
                   "web",
                   "win32",
                   "win32_registry"
                 ]
               },
               {
                 "name": "win32_registry",
                 "version": "1.1.5",
                 "kind": "transitive",
                 "source": "hosted",
                 "dependencies": [
                   "ffi",
                   "win32"
                 ],
                 "directDependencies": [
                   "ffi",
                   "win32"
                 ]
               },
               {
                 "name": "device_info_plus_platform_interface",
                 "version": "7.0.3",
                 "kind": "transitive",
                 "source": "hosted",
                 "dependencies": [
                   "flutter",
                   "meta",
                   "plugin_platform_interface"
                 ],
                 "directDependencies": [
                   "flutter",
                   "meta",
                   "plugin_platform_interface"
                 ]
               }
             ],
             "sdks": [
               {
                 "name": "Dart",
                 "version": "3.8.1"
               },
               {
                 "name": "Flutter",
                 "version": "3.32.8"
               }
             ],
             "executables": [
               "flutter_launcher_icons",
               "flutter_launcher_icons:generate",
               "flutter_launcher_icons:main"
             ]
           }
[  +89 ms] Found plugin device_info_plus at C:\Users\thama\AppData\Local\Pub\Cache\hosted\pub.dev\device_info_plus-10.1.2\
[  +11 ms] Found plugin firebase_auth at C:\Users\thama\AppData\Local\Pub\Cache\hosted\pub.dev\firebase_auth-6.2.0\
[   +6 ms] Found plugin firebase_auth_web at C:\Users\thama\AppData\Local\Pub\Cache\hosted\pub.dev\firebase_auth_web-6.1.3\
[   +2 ms] Found plugin firebase_core at C:\Users\thama\AppData\Local\Pub\Cache\hosted\pub.dev\firebase_core-4.5.0\
[   +4 ms] Found plugin firebase_core_web at C:\Users\thama\AppData\Local\Pub\Cache\hosted\pub.dev\firebase_core_web-3.5.0\
[   +3 ms] Found plugin flutter_ble_peripheral at C:\Users\thama\AppData\Local\Pub\Cache\hosted\pub.dev\flutter_ble_peripheral-2.1.0\
[   +4 ms] Found plugin flutter_secure_storage at C:\Users\thama\AppData\Local\Pub\Cache\hosted\pub.dev\flutter_secure_storage-9.2.4\
[   +2 ms] Found plugin flutter_secure_storage_linux at C:\Users\thama\AppData\Local\Pub\Cache\hosted\pub.dev\flutter_secure_storage_linux-1.2.3\
[   +2 ms] Found plugin flutter_secure_storage_macos at C:\Users\thama\AppData\Local\Pub\Cache\hosted\pub.dev\flutter_secure_storage_macos-3.1.3\
[   +3 ms] Found plugin flutter_secure_storage_web at C:\Users\thama\AppData\Local\Pub\Cache\hosted\pub.dev\flutter_secure_storage_web-1.2.1\
[   +2 ms] Found plugin flutter_secure_storage_windows at C:\Users\thama\AppData\Local\Pub\Cache\hosted\pub.dev\flutter_secure_storage_windows-3.1.2\
[  +26 ms] Found plugin path_provider at C:\Users\thama\AppData\Local\Pub\Cache\hosted\pub.dev\path_provider-2.1.5\
[   +2 ms] Found plugin path_provider_android at C:\Users\thama\AppData\Local\Pub\Cache\hosted\pub.dev\path_provider_android-2.2.19\
[   +2 ms] Found plugin path_provider_foundation at C:\Users\thama\AppData\Local\Pub\Cache\hosted\pub.dev\path_provider_foundation-2.4.2\
[   +1 ms] Found plugin path_provider_linux at C:\Users\thama\AppData\Local\Pub\Cache\hosted\pub.dev\path_provider_linux-2.2.1\
[   +4 ms] Found plugin path_provider_windows at C:\Users\thama\AppData\Local\Pub\Cache\hosted\pub.dev\path_provider_windows-2.3.0\
[   +3 ms] Found plugin permission_handler at C:\Users\thama\AppData\Local\Pub\Cache\hosted\pub.dev\permission_handler-12.0.1\
[   +2 ms] Found plugin permission_handler_android at C:\Users\thama\AppData\Local\Pub\Cache\hosted\pub.dev\permission_handler_android-13.0.1\
[   +2 ms] Found plugin permission_handler_apple at C:\Users\thama\AppData\Local\Pub\Cache\hosted\pub.dev\permission_handler_apple-9.4.7\
[   +3 ms] Found plugin permission_handler_html at C:\Users\thama\AppData\Local\Pub\Cache\hosted\pub.dev\permission_handler_html-0.1.3+5\
[   +5 ms] Found plugin permission_handler_windows at C:\Users\thama\AppData\Local\Pub\Cache\hosted\pub.dev\permission_handler_windows-0.2.1\
[  +14 ms] Found plugin shared_preferences at C:\Users\thama\AppData\Local\Pub\Cache\hosted\pub.dev\shared_preferences-2.5.3\
[   +3 ms] Found plugin shared_preferences_android at C:\Users\thama\AppData\Local\Pub\Cache\hosted\pub.dev\shared_preferences_android-2.4.13\
[   +3 ms] Found plugin shared_preferences_foundation at C:\Users\thama\AppData\Local\Pub\Cache\hosted\pub.dev\shared_preferences_foundation-2.5.4\
[   +3 ms] Found plugin shared_preferences_linux at C:\Users\thama\AppData\Local\Pub\Cache\hosted\pub.dev\shared_preferences_linux-2.4.1\
[   +3 ms] Found plugin shared_preferences_web at C:\Users\thama\AppData\Local\Pub\Cache\hosted\pub.dev\shared_preferences_web-2.4.3\
[   +2 ms] Found plugin shared_preferences_windows at C:\Users\thama\AppData\Local\Pub\Cache\hosted\pub.dev\shared_preferences_windows-2.4.1\
[  +23 ms] Found plugin video_player at C:\Users\thama\AppData\Local\Pub\Cache\hosted\pub.dev\video_player-2.10.1\
[   +3 ms] Found plugin video_player_android at C:\Users\thama\AppData\Local\Pub\Cache\hosted\pub.dev\video_player_android-2.8.15\
[   +2 ms] Found plugin video_player_avfoundation at C:\Users\thama\AppData\Local\Pub\Cache\hosted\pub.dev\video_player_avfoundation-2.8.4\
[   +5 ms] Found plugin video_player_web at C:\Users\thama\AppData\Local\Pub\Cache\hosted\pub.dev\video_player_web-2.4.0\
[  +39 ms] executing: [C:\Users\thama\OneDrive\Desktop\Flutterproject\attendance_app/] C:\Flutter\flutter_windows_3.32.8-stable\flutter\bin\cache\dart-sdk\bin\dart pub --suppress-analytics deps --json
[ +611 ms] {
             "root": "attendance_app",
             "packages": [
               {
                 "name": "attendance_app",
                 "version": "1.0.0+1",
                 "kind": "root",
                 "source": "root",
                 "dependencies": [
                   "flutter",
                   "device_info_plus",
                   "shared_preferences",
                   "crypto",
                   "cupertino_icons",
                   "http",
                   "flutter_secure_storage",
                   "uuid",
                   "flutter_ble_peripheral",
                   "permission_handler",
                   "firebase_core",
                   "firebase_auth",
                   "video_player",
                   "flutter_test",
                   "flutter_lints",
                   "flutter_launcher_icons"
                 ],
                 "directDependencies": [
                   "flutter",
                   "device_info_plus",
                   "shared_preferences",
                   "crypto",
                   "cupertino_icons",
                   "http",
                   "flutter_secure_storage",
                   "uuid",
                   "flutter_ble_peripheral",
                   "permission_handler",
                   "firebase_core",
                   "firebase_auth",
                   "video_player"
                 ],
                 "devDependencies": [
                   "flutter_test",
                   "flutter_lints",
                   "flutter_launcher_icons"
                 ]
               },
               {
                 "name": "flutter_launcher_icons",
                 "version": "0.13.1",
                 "kind": "dev",
                 "source": "hosted",
                 "dependencies": [
                   "args",
                   "checked_yaml",
                   "cli_util",
                   "image",
                   "json_annotation",
                   "path",
                   "yaml"
                 ],
                 "directDependencies": [
                   "args",
                   "checked_yaml",
                   "cli_util",
                   "image",
                   "json_annotation",
                   "path",
                   "yaml"
                 ]
               },
               {
                 "name": "yaml",
                 "version": "3.1.3",
                 "kind": "transitive",
                 "source": "hosted",
                 "dependencies": [
                   "collection",
                   "source_span",
                   "string_scanner"
                 ],
                 "directDependencies": [
                   "collection",
                   "source_span",
                   "string_scanner"
                 ]
               },
               {
                 "name": "string_scanner",
                 "version": "1.4.1",
                 "kind": "transitive",
                 "source": "hosted",
                 "dependencies": [
                   "source_span"
                 ],
                 "directDependencies": [
                   "source_span"
                 ]
               },
               {
                 "name": "source_span",
                 "version": "1.10.1",
                 "kind": "transitive",
                 "source": "hosted",
                 "dependencies": [
                   "collection",
                   "path",
                   "term_glyph"
                 ],
                 "directDependencies": [
                   "collection",
                   "path",
                   "term_glyph"
                 ]
               },
               {
                 "name": "term_glyph",
                 "version": "1.2.2",
                 "kind": "transitive",
                 "source": "hosted",
                 "dependencies": [],
                 "directDependencies": []
               },
               {
                 "name": "path",
                 "version": "1.9.1",
                 "kind": "transitive",
                 "source": "hosted",
                 "dependencies": [],
                 "directDependencies": []
               },
               {
                 "name": "collection",
                 "version": "1.19.1",
                 "kind": "transitive",
                 "source": "hosted",
                 "dependencies": [],
                 "directDependencies": []
               },
               {
                 "name": "json_annotation",
                 "version": "4.9.0",
                 "kind": "transitive",
                 "source": "hosted",
                 "dependencies": [
                   "meta"
                 ],
                 "directDependencies": [
                   "meta"
                 ]
               },
               {
                 "name": "meta",
                 "version": "1.16.0",
                 "kind": "transitive",
                 "source": "hosted",
                 "dependencies": [],
                 "directDependencies": []
               },
               {
                 "name": "image",
                 "version": "4.8.0",
                 "kind": "transitive",
                 "source": "hosted",
                 "dependencies": [
                   "archive",
                   "meta",
                   "xml"
                 ],
                 "directDependencies": [
                   "archive",
                   "meta",
                   "xml"
                 ]
               },
               {
                 "name": "xml",
                 "version": "6.6.1",
                 "kind": "transitive",
                 "source": "hosted",
                 "dependencies": [
                   "collection",
                   "meta",
                   "petitparser"
                 ],
                 "directDependencies": [
                   "collection",
                   "meta",
                   "petitparser"
                 ]
               },
               {
                 "name": "petitparser",
                 "version": "7.0.2",
                 "kind": "transitive",
                 "source": "hosted",
                 "dependencies": [
                   "meta",
                   "collection"
                 ],
                 "directDependencies": [
                   "meta",
                   "collection"
                 ]
               },
               {
                 "name": "archive",
                 "version": "4.0.9",
                 "kind": "transitive",
                 "source": "hosted",
                 "dependencies": [
                   "path",
                   "posix"
                 ],
                 "directDependencies": [
                   "path",
                   "posix"
                 ]
               },
               {
                 "name": "posix",
                 "version": "6.5.0",
                 "kind": "transitive",
                 "source": "hosted",
                 "dependencies": [
                   "ffi",
                   "meta",
                   "path"
                 ],
                 "directDependencies": [
                   "ffi",
                   "meta",
                   "path"
                 ]
               },
               {
                 "name": "ffi",
                 "version": "2.2.0",
                 "kind": "transitive",
                 "source": "hosted",
                 "dependencies": [],
                 "directDependencies": []
               },
               {
                 "name": "cli_util",
                 "version": "0.4.2",
                 "kind": "transitive",
                 "source": "hosted",
                 "dependencies": [
                   "meta",
                   "path"
                 ],
                 "directDependencies": [
                   "meta",
                   "path"
                 ]
               },
               {
                 "name": "checked_yaml",
                 "version": "2.0.4",
                 "kind": "transitive",
                 "source": "hosted",
                 "dependencies": [
                   "json_annotation",
                   "source_span",
                   "yaml"
                 ],
                 "directDependencies": [
                   "json_annotation",
                   "source_span",
                   "yaml"
                 ]
               },
               {
                 "name": "args",
                 "version": "2.7.0",
                 "kind": "transitive",
                 "source": "hosted",
                 "dependencies": [],
                 "directDependencies": []
               },
               {
                 "name": "flutter_lints",
                 "version": "5.0.0",
                 "kind": "dev",
                 "source": "hosted",
                 "dependencies": [
                   "lints"
                 ],
                 "directDependencies": [
                   "lints"
                 ]
               },
               {
                 "name": "lints",
                 "version": "5.1.1",
                 "kind": "transitive",
                 "source": "hosted",
                 "dependencies": [],
                 "directDependencies": []
               },
               {
                 "name": "flutter_test",
                 "version": "0.0.0",
                 "kind": "dev",
                 "source": "sdk",
                 "dependencies": [
                   "flutter",
                   "test_api",
                   "matcher",
                   "path",
                   "fake_async",
                   "clock",
                   "stack_trace",
                   "vector_math",
                   "leak_tracker_flutter_testing",
                   "async",
                   "boolean_selector",
                   "characters",
                   "collection",
                   "leak_tracker",
                   "leak_tracker_testing",
                   "material_color_utilities",
                   "meta",
                   "source_span",
                   "stream_channel",
                   "string_scanner",
                   "term_glyph",
                   "vm_service"
                 ],
                 "directDependencies": [
                   "flutter",
                   "test_api",
                   "matcher",
                   "path",
                   "fake_async",
                   "clock",
                   "stack_trace",
                   "vector_math",
                   "leak_tracker_flutter_testing",
                   "async",
                   "boolean_selector",
                   "characters",
                   "collection",
                   "leak_tracker",
                   "leak_tracker_testing",
                   "material_color_utilities",
                   "meta",
                   "source_span",
                   "stream_channel",
                   "string_scanner",
                   "term_glyph",
                   "vm_service"
                 ]
               },
               {
                 "name": "vm_service",
                 "version": "15.0.0",
                 "kind": "transitive",
                 "source": "hosted",
                 "dependencies": [],
                 "directDependencies": []
               },
               {
                 "name": "stream_channel",
                 "version": "2.1.4",
                 "kind": "transitive",
                 "source": "hosted",
                 "dependencies": [
                   "async"
                 ],
                 "directDependencies": [
                   "async"
                 ]
               },
               {
                 "name": "async",
                 "version": "2.13.0",
                 "kind": "transitive",
                 "source": "hosted",
                 "dependencies": [
                   "collection",
                   "meta"
                 ],
                 "directDependencies": [
                   "collection",
                   "meta"
                 ]
               },
               {
                 "name": "material_color_utilities",
                 "version": "0.11.1",
                 "kind": "transitive",
                 "source": "hosted",
                 "dependencies": [
                   "collection"
                 ],
                 "directDependencies": [
                   "collection"
                 ]
               },
               {
                 "name": "leak_tracker_testing",
                 "version": "3.0.1",
                 "kind": "transitive",
                 "source": "hosted",
                 "dependencies": [
                   "leak_tracker",
                   "matcher",
                   "meta"
                 ],
                 "directDependencies": [
                   "leak_tracker",
                   "matcher",
                   "meta"
                 ]
               },
               {
                 "name": "matcher",
                 "version": "0.12.17",
                 "kind": "transitive",
                 "source": "hosted",
                 "dependencies": [
                   "async",
                   "meta",
                   "stack_trace",
                   "term_glyph",
                   "test_api"
                 ],
                 "directDependencies": [
                   "async",
                   "meta",
                   "stack_trace",
                   "term_glyph",
                   "test_api"
                 ]
               },
               {
                 "name": "test_api",
                 "version": "0.7.4",
                 "kind": "transitive",
                 "source": "hosted",
                 "dependencies": [
                   "async",
                   "boolean_selector",
                   "collection",
                   "meta",
                   "source_span",
                   "stack_trace",
                   "stream_channel",
                   "string_scanner",
                   "term_glyph"
                 ],
                 "directDependencies": [
                   "async",
                   "boolean_selector",
                   "collection",
                   "meta",
                   "source_span",
                   "stack_trace",
                   "stream_channel",
                   "string_scanner",
                   "term_glyph"
                 ]
               },
               {
                 "name": "stack_trace",
                 "version": "1.12.1",
                 "kind": "transitive",
                 "source": "hosted",
                 "dependencies": [
                   "path"
                 ],
                 "directDependencies": [
                   "path"
                 ]
               },
               {
                 "name": "boolean_selector",
                 "version": "2.1.2",
                 "kind": "transitive",
                 "source": "hosted",
                 "dependencies": [
                   "source_span",
                   "string_scanner"
                 ],
                 "directDependencies": [
                   "source_span",
                   "string_scanner"
                 ]
               },
               {
                 "name": "leak_tracker",
                 "version": "10.0.9",
                 "kind": "transitive",
                 "source": "hosted",
                 "dependencies": [
                   "clock",
                   "collection",
                   "meta",
                   "path",
                   "vm_service"
                 ],
                 "directDependencies": [
                   "clock",
                   "collection",
                   "meta",
                   "path",
                   "vm_service"
                 ]
               },
               {
                 "name": "clock",
                 "version": "1.1.2",
                 "kind": "transitive",
                 "source": "hosted",
                 "dependencies": [],
                 "directDependencies": []
               },
               {
                 "name": "characters",
                 "version": "1.4.0",
                 "kind": "transitive",
                 "source": "hosted",
                 "dependencies": [],
                 "directDependencies": []
               },
               {
                 "name": "leak_tracker_flutter_testing",
                 "version": "3.0.9",
                 "kind": "transitive",
                 "source": "hosted",
                 "dependencies": [
                   "flutter",
                   "leak_tracker",
                   "leak_tracker_testing",
                   "matcher",
                   "meta"
                 ],
                 "directDependencies": [
                   "flutter",
                   "leak_tracker",
                   "leak_tracker_testing",
                   "matcher",
                   "meta"
                 ]
               },
               {
                 "name": "flutter",
                 "version": "0.0.0",
                 "kind": "direct",
                 "source": "sdk",
                 "dependencies": [
                   "characters",
                   "collection",
                   "material_color_utilities",
                   "meta",
                   "vector_math",
                   "sky_engine"
                 ],
                 "directDependencies": [
                   "characters",
                   "collection",
                   "material_color_utilities",
                   "meta",
                   "vector_math",
                   "sky_engine"
                 ]
               },
               {
                 "name": "sky_engine",
                 "version": "0.0.0",
                 "kind": "transitive",
                 "source": "sdk",
                 "dependencies": [],
                 "directDependencies": []
               },
               {
                 "name": "vector_math",
                 "version": "2.1.4",
                 "kind": "transitive",
                 "source": "hosted",
                 "dependencies": [],
                 "directDependencies": []
               },
               {
                 "name": "fake_async",
                 "version": "1.3.3",
                 "kind": "transitive",
                 "source": "hosted",
                 "dependencies": [
                   "clock",
                   "collection"
                 ],
                 "directDependencies": [
                   "clock",
                   "collection"
                 ]
               },
               {
                 "name": "video_player",
                 "version": "2.10.1",
                 "kind": "direct",
                 "source": "hosted",
                 "dependencies": [
                   "flutter",
                   "html",
                   "video_player_android",
                   "video_player_avfoundation",
                   "video_player_platform_interface",
                   "video_player_web"
                 ],
                 "directDependencies": [
                   "flutter",
                   "html",
                   "video_player_android",
                   "video_player_avfoundation",
                   "video_player_platform_interface",
                   "video_player_web"
                 ]
               },
               {
                 "name": "video_player_web",
                 "version": "2.4.0",
                 "kind": "transitive",
                 "source": "hosted",
                 "dependencies": [
                   "flutter",
                   "flutter_web_plugins",
                   "video_player_platform_interface",
                   "web"
                 ],
                 "directDependencies": [
                   "flutter",
                   "flutter_web_plugins",
                   "video_player_platform_interface",
                   "web"
                 ]
               },
               {
                 "name": "web",
                 "version": "1.1.1",
                 "kind": "transitive",
                 "source": "hosted",
                 "dependencies": [],
                 "directDependencies": []
               },
               {
                 "name": "video_player_platform_interface",
                 "version": "6.6.0",
                 "kind": "transitive",
                 "source": "hosted",
                 "dependencies": [
                   "flutter",
                   "plugin_platform_interface"
                 ],
                 "directDependencies": [
                   "flutter",
                   "plugin_platform_interface"
                 ]
               },
               {
                 "name": "plugin_platform_interface",
                 "version": "2.1.8",
                 "kind": "transitive",
                 "source": "hosted",
                 "dependencies": [
                   "meta"
                 ],
                 "directDependencies": [
                   "meta"
                 ]
               },
               {
                 "name": "flutter_web_plugins",
                 "version": "0.0.0",
                 "kind": "transitive",
                 "source": "sdk",
                 "dependencies": [
                   "flutter",
                   "characters",
                   "collection",
                   "material_color_utilities",
                   "meta",
                   "vector_math"
                 ],
                 "directDependencies": [
                   "flutter",
                   "characters",
                   "collection",
                   "material_color_utilities",
                   "meta",
                   "vector_math"
                 ]
               },
               {
                 "name": "video_player_avfoundation",
                 "version": "2.8.4",
                 "kind": "transitive",
                 "source": "hosted",
                 "dependencies": [
                   "flutter",
                   "video_player_platform_interface"
                 ],
                 "directDependencies": [
                   "flutter",
                   "video_player_platform_interface"
                 ]
               },
               {
                 "name": "video_player_android",
                 "version": "2.8.15",
                 "kind": "transitive",
                 "source": "hosted",
                 "dependencies": [
                   "flutter",
                   "video_player_platform_interface"
                 ],
                 "directDependencies": [
                   "flutter",
                   "video_player_platform_interface"
                 ]
               },
               {
                 "name": "html",
                 "version": "0.15.6",
                 "kind": "transitive",
                 "source": "hosted",
                 "dependencies": [
                   "csslib",
                   "source_span"
                 ],
                 "directDependencies": [
                   "csslib",
                   "source_span"
                 ]
               },
               {
                 "name": "csslib",
                 "version": "1.0.2",
                 "kind": "transitive",
                 "source": "hosted",
                 "dependencies": [
                   "source_span"
                 ],
                 "directDependencies": [
                   "source_span"
                 ]
               },
               {
                 "name": "firebase_auth",
                 "version": "6.2.0",
                 "kind": "direct",
                 "source": "hosted",
                 "dependencies": [
                   "firebase_auth_platform_interface",
                   "firebase_auth_web",
                   "firebase_core",
                   "firebase_core_platform_interface",
                   "flutter",
                   "meta"
                 ],
                 "directDependencies": [
                   "firebase_auth_platform_interface",
                   "firebase_auth_web",
                   "firebase_core",
                   "firebase_core_platform_interface",
                   "flutter",
                   "meta"
                 ]
               },
               {
                 "name": "firebase_core_platform_interface",
                 "version": "6.0.2",
                 "kind": "transitive",
                 "source": "hosted",
                 "dependencies": [
                   "collection",
                   "flutter",
                   "flutter_test",
                   "meta",
                   "plugin_platform_interface"
                 ],
                 "directDependencies": [
                   "collection",
                   "flutter",
                   "flutter_test",
                   "meta",
                   "plugin_platform_interface"
                 ]
               },
               {
                 "name": "firebase_core",
                 "version": "4.5.0",
                 "kind": "direct",
                 "source": "hosted",
                 "dependencies": [
                   "firebase_core_platform_interface",
                   "firebase_core_web",
                   "flutter",
                   "meta"
                 ],
                 "directDependencies": [
                   "firebase_core_platform_interface",
                   "firebase_core_web",
                   "flutter",
                   "meta"
                 ]
               },
               {
                 "name": "firebase_core_web",
                 "version": "3.5.0",
                 "kind": "transitive",
                 "source": "hosted",
                 "dependencies": [
                   "firebase_core_platform_interface",
                   "flutter",
                   "flutter_web_plugins",
                   "meta",
                   "web"
                 ],
                 "directDependencies": [
                   "firebase_core_platform_interface",
                   "flutter",
                   "flutter_web_plugins",
                   "meta",
                   "web"
                 ]
               },
               {
                 "name": "firebase_auth_web",
                 "version": "6.1.3",
                 "kind": "transitive",
                 "source": "hosted",
                 "dependencies": [
                   "firebase_auth_platform_interface",
                   "firebase_core",
                   "firebase_core_web",
                   "flutter",
                   "flutter_web_plugins",
                   "http_parser",
                   "meta",
                   "web"
                 ],
                 "directDependencies": [
                   "firebase_auth_platform_interface",
                   "firebase_core",
                   "firebase_core_web",
                   "flutter",
                   "flutter_web_plugins",
                   "http_parser",
                   "meta",
                   "web"
                 ]
               },
               {
                 "name": "http_parser",
                 "version": "4.1.2",
                 "kind": "transitive",
                 "source": "hosted",
                 "dependencies": [
                   "collection",
                   "source_span",
                   "string_scanner",
                   "typed_data"
                 ],
                 "directDependencies": [
                   "collection",
                   "source_span",
                   "string_scanner",
                   "typed_data"
                 ]
               },
               {
                 "name": "typed_data",
                 "version": "1.4.0",
                 "kind": "transitive",
                 "source": "hosted",
                 "dependencies": [
                   "collection"
                 ],
                 "directDependencies": [
                   "collection"
                 ]
               },
               {
                 "name": "firebase_auth_platform_interface",
                 "version": "8.1.7",
                 "kind": "transitive",
                 "source": "hosted",
                 "dependencies": [
                   "_flutterfire_internals",
                   "collection",
                   "firebase_core",
                   "flutter",
                   "http",
                   "meta",
                   "plugin_platform_interface"
                 ],
                 "directDependencies": [
                   "_flutterfire_internals",
                   "collection",
                   "firebase_core",
                   "flutter",
                   "http",
                   "meta",
                   "plugin_platform_interface"
                 ]
               },
               {
                 "name": "http",
                 "version": "1.6.0",
                 "kind": "direct",
                 "source": "hosted",
                 "dependencies": [
                   "async",
                   "http_parser",
                   "meta",
                   "web"
                 ],
                 "directDependencies": [
                   "async",
                   "http_parser",
                   "meta",
                   "web"
                 ]
               },
               {
                 "name": "_flutterfire_internals",
                 "version": "1.3.67",
                 "kind": "transitive",
                 "source": "hosted",
                 "dependencies": [
                   "collection",
                   "firebase_core",
                   "firebase_core_platform_interface",
                   "flutter",
                   "meta"
                 ],
                 "directDependencies": [
                   "collection",
                   "firebase_core",
                   "firebase_core_platform_interface",
                   "flutter",
                   "meta"
                 ]
               },
               {
                 "name": "permission_handler",
                 "version": "12.0.1",
                 "kind": "direct",
                 "source": "hosted",
                 "dependencies": [
                   "flutter",
                   "meta",
                   "permission_handler_android",
                   "permission_handler_apple",
                   "permission_handler_html",
                   "permission_handler_windows",
                   "permission_handler_platform_interface"
                 ],
                 "directDependencies": [
                   "flutter",
                   "meta",
                   "permission_handler_android",
                   "permission_handler_apple",
                   "permission_handler_html",
                   "permission_handler_windows",
                   "permission_handler_platform_interface"
                 ]
               },
               {
                 "name": "permission_handler_platform_interface",
                 "version": "4.3.0",
                 "kind": "transitive",
                 "source": "hosted",
                 "dependencies": [
                   "flutter",
                   "meta",
                   "plugin_platform_interface"
                 ],
                 "directDependencies": [
                   "flutter",
                   "meta",
                   "plugin_platform_interface"
                 ]
               },
               {
                 "name": "permission_handler_windows",
                 "version": "0.2.1",
                 "kind": "transitive",
                 "source": "hosted",
                 "dependencies": [
                   "flutter",
                   "permission_handler_platform_interface"
                 ],
                 "directDependencies": [
                   "flutter",
                   "permission_handler_platform_interface"
                 ]
               },
               {
                 "name": "permission_handler_html",
                 "version": "0.1.3+5",
                 "kind": "transitive",
                 "source": "hosted",
                 "dependencies": [
                   "flutter",
                   "flutter_web_plugins",
                   "permission_handler_platform_interface",
                   "web"
                 ],
                 "directDependencies": [
                   "flutter",
                   "flutter_web_plugins",
                   "permission_handler_platform_interface",
                   "web"
                 ]
               },
               {
                 "name": "permission_handler_apple",
                 "version": "9.4.7",
                 "kind": "transitive",
                 "source": "hosted",
                 "dependencies": [
                   "flutter",
                   "permission_handler_platform_interface"
                 ],
                 "directDependencies": [
                   "flutter",
                   "permission_handler_platform_interface"
                 ]
               },
               {
                 "name": "permission_handler_android",
                 "version": "13.0.1",
                 "kind": "transitive",
                 "source": "hosted",
                 "dependencies": [
                   "flutter",
                   "permission_handler_platform_interface"
                 ],
                 "directDependencies": [
                   "flutter",
                   "permission_handler_platform_interface"
                 ]
               },
               {
                 "name": "flutter_ble_peripheral",
                 "version": "2.1.0",
                 "kind": "direct",
                 "source": "hosted",
                 "dependencies": [
                   "flutter",
                   "json_annotation"
                 ],
                 "directDependencies": [
                   "flutter",
                   "json_annotation"
                 ]
               },
               {
                 "name": "uuid",
                 "version": "4.5.3",
                 "kind": "direct",
                 "source": "hosted",
                 "dependencies": [
                   "crypto",
                   "fixnum"
                 ],
                 "directDependencies": [
                   "crypto",
                   "fixnum"
                 ]
               },
               {
                 "name": "fixnum",
                 "version": "1.1.1",
                 "kind": "transitive",
                 "source": "hosted",
                 "dependencies": [],
                 "directDependencies": []
               },
               {
                 "name": "crypto",
                 "version": "3.0.7",
                 "kind": "direct",
                 "source": "hosted",
                 "dependencies": [
                   "typed_data"
                 ],
                 "directDependencies": [
                   "typed_data"
                 ]
               },
               {
                 "name": "flutter_secure_storage",
                 "version": "9.2.4",
                 "kind": "direct",
                 "source": "hosted",
                 "dependencies": [
                   "flutter",
                   "flutter_secure_storage_linux",
                   "flutter_secure_storage_macos",
                   "flutter_secure_storage_platform_interface",
                   "flutter_secure_storage_web",
                   "flutter_secure_storage_windows",
                   "meta"
                 ],
                 "directDependencies": [
                   "flutter",
                   "flutter_secure_storage_linux",
                   "flutter_secure_storage_macos",
                   "flutter_secure_storage_platform_interface",
                   "flutter_secure_storage_web",
                   "flutter_secure_storage_windows",
                   "meta"
                 ]
               },
               {
                 "name": "flutter_secure_storage_windows",
                 "version": "3.1.2",
                 "kind": "transitive",
                 "source": "hosted",
                 "dependencies": [
                   "ffi",
                   "flutter",
                   "flutter_secure_storage_platform_interface",
                   "path",
                   "path_provider",
                   "win32"
                 ],
                 "directDependencies": [
                   "ffi",
                   "flutter",
                   "flutter_secure_storage_platform_interface",
                   "path",
                   "path_provider",
                   "win32"
                 ]
               },
               {
                 "name": "win32",
                 "version": "5.15.0",
                 "kind": "transitive",
                 "source": "hosted",
                 "dependencies": [
                   "ffi"
                 ],
                 "directDependencies": [
                   "ffi"
                 ]
               },
               {
                 "name": "path_provider",
                 "version": "2.1.5",
                 "kind": "transitive",
                 "source": "hosted",
                 "dependencies": [
                   "flutter",
                   "path_provider_android",
                   "path_provider_foundation",
                   "path_provider_linux",
                   "path_provider_platform_interface",
                   "path_provider_windows"
                 ],
                 "directDependencies": [
                   "flutter",
                   "path_provider_android",
                   "path_provider_foundation",
                   "path_provider_linux",
                   "path_provider_platform_interface",
                   "path_provider_windows"
                 ]
               },
               {
                 "name": "path_provider_windows",
                 "version": "2.3.0",
                 "kind": "transitive",
                 "source": "hosted",
                 "dependencies": [
                   "ffi",
                   "flutter",
                   "path",
                   "path_provider_platform_interface"
                 ],
                 "directDependencies": [
                   "ffi",
                   "flutter",
                   "path",
                   "path_provider_platform_interface"
                 ]
               },
               {
                 "name": "path_provider_platform_interface",
                 "version": "2.1.2",
                 "kind": "transitive",
                 "source": "hosted",
                 "dependencies": [
                   "flutter",
                   "platform",
                   "plugin_platform_interface"
                 ],
                 "directDependencies": [
                   "flutter",
                   "platform",
                   "plugin_platform_interface"
                 ]
               },
               {
                 "name": "platform",
                 "version": "3.1.6",
                 "kind": "transitive",
                 "source": "hosted",
                 "dependencies": [],
                 "directDependencies": []
               },
               {
                 "name": "path_provider_linux",
                 "version": "2.2.1",
                 "kind": "transitive",
                 "source": "hosted",
                 "dependencies": [
                   "ffi",
                   "flutter",
                   "path",
                   "path_provider_platform_interface",
                   "xdg_directories"
                 ],
                 "directDependencies": [
                   "ffi",
                   "flutter",
                   "path",
                   "path_provider_platform_interface",
                   "xdg_directories"
                 ]
               },
               {
                 "name": "xdg_directories",
                 "version": "1.1.0",
                 "kind": "transitive",
                 "source": "hosted",
                 "dependencies": [
                   "meta",
                   "path"
                 ],
                 "directDependencies": [
                   "meta",
                   "path"
                 ]
               },
               {
                 "name": "path_provider_foundation",
                 "version": "2.4.2",
                 "kind": "transitive",
                 "source": "hosted",
                 "dependencies": [
                   "flutter",
                   "path_provider_platform_interface"
                 ],
                 "directDependencies": [
                   "flutter",
                   "path_provider_platform_interface"
                 ]
               },
               {
                 "name": "path_provider_android",
                 "version": "2.2.19",
                 "kind": "transitive",
                 "source": "hosted",
                 "dependencies": [
                   "flutter",
                   "path_provider_platform_interface"
                 ],
                 "directDependencies": [
                   "flutter",
                   "path_provider_platform_interface"
                 ]
               },
               {
                 "name": "flutter_secure_storage_platform_interface",
                 "version": "1.1.2",
                 "kind": "transitive",
                 "source": "hosted",
                 "dependencies": [
                   "flutter",
                   "plugin_platform_interface"
                 ],
                 "directDependencies": [
                   "flutter",
                   "plugin_platform_interface"
                 ]
               },
               {
                 "name": "flutter_secure_storage_web",
                 "version": "1.2.1",
                 "kind": "transitive",
                 "source": "hosted",
                 "dependencies": [
                   "flutter",
                   "flutter_secure_storage_platform_interface",
                   "flutter_web_plugins",
                   "js"
                 ],
                 "directDependencies": [
                   "flutter",
                   "flutter_secure_storage_platform_interface",
                   "flutter_web_plugins",
                   "js"
                 ]
               },
               {
                 "name": "js",
                 "version": "0.6.7",
                 "kind": "transitive",
                 "source": "hosted",
                 "dependencies": [
                   "meta"
                 ],
                 "directDependencies": [
                   "meta"
                 ]
               },
               {
                 "name": "flutter_secure_storage_macos",
                 "version": "3.1.3",
                 "kind": "transitive",
                 "source": "hosted",
                 "dependencies": [
                   "flutter",
                   "flutter_secure_storage_platform_interface"
                 ],
                 "directDependencies": [
                   "flutter",
                   "flutter_secure_storage_platform_interface"
                 ]
               },
               {
                 "name": "flutter_secure_storage_linux",
                 "version": "1.2.3",
                 "kind": "transitive",
                 "source": "hosted",
                 "dependencies": [
                   "flutter",
                   "flutter_secure_storage_platform_interface"
                 ],
                 "directDependencies": [
                   "flutter",
                   "flutter_secure_storage_platform_interface"
                 ]
               },
               {
                 "name": "cupertino_icons",
                 "version": "1.0.8",
                 "kind": "direct",
                 "source": "hosted",
                 "dependencies": [],
                 "directDependencies": []
               },
               {
                 "name": "shared_preferences",
                 "version": "2.5.3",
                 "kind": "direct",
                 "source": "hosted",
                 "dependencies": [
                   "flutter",
                   "shared_preferences_android",
                   "shared_preferences_foundation",
                   "shared_preferences_linux",
                   "shared_preferences_platform_interface",
                   "shared_preferences_web",
                   "shared_preferences_windows"
                 ],
                 "directDependencies": [
                   "flutter",
                   "shared_preferences_android",
                   "shared_preferences_foundation",
                   "shared_preferences_linux",
                   "shared_preferences_platform_interface",
                   "shared_preferences_web",
                   "shared_preferences_windows"
                 ]
               },
               {
                 "name": "shared_preferences_windows",
                 "version": "2.4.1",
                 "kind": "transitive",
                 "source": "hosted",
                 "dependencies": [
                   "file",
                   "flutter",
                   "path",
                   "path_provider_platform_interface",
                   "path_provider_windows",
                   "shared_preferences_platform_interface"
                 ],
                 "directDependencies": [
                   "file",
                   "flutter",
                   "path",
                   "path_provider_platform_interface",
                   "path_provider_windows",
                   "shared_preferences_platform_interface"
                 ]
               },
               {
                 "name": "shared_preferences_platform_interface",
                 "version": "2.4.1",
                 "kind": "transitive",
                 "source": "hosted",
                 "dependencies": [
                   "flutter",
                   "plugin_platform_interface"
                 ],
                 "directDependencies": [
                   "flutter",
                   "plugin_platform_interface"
                 ]
               },
               {
                 "name": "file",
                 "version": "7.0.1",
                 "kind": "transitive",
                 "source": "hosted",
                 "dependencies": [
                   "meta",
                   "path"
                 ],
                 "directDependencies": [
                   "meta",
                   "path"
                 ]
               },
               {
                 "name": "shared_preferences_web",
                 "version": "2.4.3",
                 "kind": "transitive",
                 "source": "hosted",
                 "dependencies": [
                   "flutter",
                   "flutter_web_plugins",
                   "shared_preferences_platform_interface",
                   "web"
                 ],
                 "directDependencies": [
                   "flutter",
                   "flutter_web_plugins",
                   "shared_preferences_platform_interface",
                   "web"
                 ]
               },
               {
                 "name": "shared_preferences_linux",
                 "version": "2.4.1",
                 "kind": "transitive",
                 "source": "hosted",
                 "dependencies": [
                   "file",
                   "flutter",
                   "path",
                   "path_provider_linux",
                   "path_provider_platform_interface",
                   "shared_preferences_platform_interface"
                 ],
                 "directDependencies": [
                   "file",
                   "flutter",
                   "path",
                   "path_provider_linux",
                   "path_provider_platform_interface",
                   "shared_preferences_platform_interface"
                 ]
               },
               {
                 "name": "shared_preferences_foundation",
                 "version": "2.5.4",
                 "kind": "transitive",
                 "source": "hosted",
                 "dependencies": [
                   "flutter",
                   "shared_preferences_platform_interface"
                 ],
                 "directDependencies": [
                   "flutter",
                   "shared_preferences_platform_interface"
                 ]
               },
               {
                 "name": "shared_preferences_android",
                 "version": "2.4.13",
                 "kind": "transitive",
                 "source": "hosted",
                 "dependencies": [
                   "flutter",
                   "shared_preferences_platform_interface"
                 ],
                 "directDependencies": [
                   "flutter",
                   "shared_preferences_platform_interface"
                 ]
               },
               {
                 "name": "device_info_plus",
                 "version": "10.1.2",
                 "kind": "direct",
                 "source": "hosted",
                 "dependencies": [
                   "device_info_plus_platform_interface",
                   "ffi",
                   "file",
                   "flutter",
                   "flutter_web_plugins",
                   "meta",
                   "web",
                   "win32",
                   "win32_registry"
                 ],
                 "directDependencies": [
                   "device_info_plus_platform_interface",
                   "ffi",
                   "file",
                   "flutter",
                   "flutter_web_plugins",
                   "meta",
                   "web",
                   "win32",
                   "win32_registry"
                 ]
               },
               {
                 "name": "win32_registry",
                 "version": "1.1.5",
                 "kind": "transitive",
                 "source": "hosted",
                 "dependencies": [
                   "ffi",
                   "win32"
                 ],
                 "directDependencies": [
                   "ffi",
                   "win32"
                 ]
               },
               {
                 "name": "device_info_plus_platform_interface",
                 "version": "7.0.3",
                 "kind": "transitive",
                 "source": "hosted",
                 "dependencies": [
                   "flutter",
                   "meta",
                   "plugin_platform_interface"
                 ],
                 "directDependencies": [
                   "flutter",
                   "meta",
                   "plugin_platform_interface"
                 ]
               }
             ],
             "sdks": [
               {
                 "name": "Dart",
                 "version": "3.8.1"
               },
               {
                 "name": "Flutter",
                 "version": "3.32.8"
               }
             ],
             "executables": [
               "flutter_launcher_icons",
               "flutter_launcher_icons:generate",
               "flutter_launcher_icons:main"
             ]
           }
[ +105 ms] Found plugin device_info_plus at C:\Users\thama\AppData\Local\Pub\Cache\hosted\pub.dev\device_info_plus-10.1.2\
[   +7 ms] Found plugin firebase_auth at C:\Users\thama\AppData\Local\Pub\Cache\hosted\pub.dev\firebase_auth-6.2.0\
[   +3 ms] Found plugin firebase_auth_web at C:\Users\thama\AppData\Local\Pub\Cache\hosted\pub.dev\firebase_auth_web-6.1.3\
[   +1 ms] Found plugin firebase_core at C:\Users\thama\AppData\Local\Pub\Cache\hosted\pub.dev\firebase_core-4.5.0\
[   +4 ms] Found plugin firebase_core_web at C:\Users\thama\AppData\Local\Pub\Cache\hosted\pub.dev\firebase_core_web-3.5.0\
[   +3 ms] Found plugin flutter_ble_peripheral at C:\Users\thama\AppData\Local\Pub\Cache\hosted\pub.dev\flutter_ble_peripheral-2.1.0\
[   +5 ms] Found plugin flutter_secure_storage at C:\Users\thama\AppData\Local\Pub\Cache\hosted\pub.dev\flutter_secure_storage-9.2.4\
[   +1 ms] Found plugin flutter_secure_storage_linux at C:\Users\thama\AppData\Local\Pub\Cache\hosted\pub.dev\flutter_secure_storage_linux-1.2.3\
[   +1 ms] Found plugin flutter_secure_storage_macos at C:\Users\thama\AppData\Local\Pub\Cache\hosted\pub.dev\flutter_secure_storage_macos-3.1.3\
[   +3 ms] Found plugin flutter_secure_storage_web at C:\Users\thama\AppData\Local\Pub\Cache\hosted\pub.dev\flutter_secure_storage_web-1.2.1\
[   +2 ms] Found plugin flutter_secure_storage_windows at C:\Users\thama\AppData\Local\Pub\Cache\hosted\pub.dev\flutter_secure_storage_windows-3.1.2\
[  +25 ms] Found plugin path_provider at C:\Users\thama\AppData\Local\Pub\Cache\hosted\pub.dev\path_provider-2.1.5\
[   +2 ms] Found plugin path_provider_android at C:\Users\thama\AppData\Local\Pub\Cache\hosted\pub.dev\path_provider_android-2.2.19\
[   +2 ms] Found plugin path_provider_foundation at C:\Users\thama\AppData\Local\Pub\Cache\hosted\pub.dev\path_provider_foundation-2.4.2\
[   +2 ms] Found plugin path_provider_linux at C:\Users\thama\AppData\Local\Pub\Cache\hosted\pub.dev\path_provider_linux-2.2.1\
[   +3 ms] Found plugin path_provider_windows at C:\Users\thama\AppData\Local\Pub\Cache\hosted\pub.dev\path_provider_windows-2.3.0\
[   +1 ms] Found plugin permission_handler at C:\Users\thama\AppData\Local\Pub\Cache\hosted\pub.dev\permission_handler-12.0.1\
[   +2 ms] Found plugin permission_handler_android at C:\Users\thama\AppData\Local\Pub\Cache\hosted\pub.dev\permission_handler_android-13.0.1\
[   +1 ms] Found plugin permission_handler_apple at C:\Users\thama\AppData\Local\Pub\Cache\hosted\pub.dev\permission_handler_apple-9.4.7\
[   +1 ms] Found plugin permission_handler_html at C:\Users\thama\AppData\Local\Pub\Cache\hosted\pub.dev\permission_handler_html-0.1.3+5\
[   +3 ms] Found plugin permission_handler_windows at C:\Users\thama\AppData\Local\Pub\Cache\hosted\pub.dev\permission_handler_windows-0.2.1\
[   +7 ms] Found plugin shared_preferences at C:\Users\thama\AppData\Local\Pub\Cache\hosted\pub.dev\shared_preferences-2.5.3\
[   +2 ms] Found plugin shared_preferences_android at C:\Users\thama\AppData\Local\Pub\Cache\hosted\pub.dev\shared_preferences_android-2.4.13\
[   +2 ms] Found plugin shared_preferences_foundation at C:\Users\thama\AppData\Local\Pub\Cache\hosted\pub.dev\shared_preferences_foundation-2.5.4\
[   +2 ms] Found plugin shared_preferences_linux at C:\Users\thama\AppData\Local\Pub\Cache\hosted\pub.dev\shared_preferences_linux-2.4.1\
[   +4 ms] Found plugin shared_preferences_web at C:\Users\thama\AppData\Local\Pub\Cache\hosted\pub.dev\shared_preferences_web-2.4.3\
[   +2 ms] Found plugin shared_preferences_windows at C:\Users\thama\AppData\Local\Pub\Cache\hosted\pub.dev\shared_preferences_windows-2.4.1\
[  +15 ms] Found plugin video_player at C:\Users\thama\AppData\Local\Pub\Cache\hosted\pub.dev\video_player-2.10.1\
[   +1 ms] Found plugin video_player_android at C:\Users\thama\AppData\Local\Pub\Cache\hosted\pub.dev\video_player_android-2.8.15\
[   +1 ms] Found plugin video_player_avfoundation at C:\Users\thama\AppData\Local\Pub\Cache\hosted\pub.dev\video_player_avfoundation-2.8.4\
[   +3 ms] Found plugin video_player_web at C:\Users\thama\AppData\Local\Pub\Cache\hosted\pub.dev\video_player_web-2.4.0\
[  +26 ms] Generating C:\Users\thama\OneDrive\Desktop\Flutterproject\attendance_app\android\app\src\main\java\io\flutter\plugins\GeneratedPluginRegistrant.java
[  +62 ms] ro.hardware = qcom
[  +91 ms] Initializing file store
[  +12 ms] Skipping target: gen_localizations
[   +4 ms] gen_dart_plugin_registrant: Starting due to {InvalidatedReasonKind.inputChanged: The following inputs have updated contents: C:\Users\thama\OneDrive\Desktop\Flutterproject\attendance_app\.dart_tool\package_config_subset,C:\Users\thama\OneDrive\Desktop\Flutterproject\attendance_app\.dart_tool\flutter_build\dart_plugin_registrant.dart}
[   +8 ms] executing: [C:\Users\thama\OneDrive\Desktop\Flutterproject\attendance_app/] C:\Flutter\flutter_windows_3.32.8-stable\flutter\bin\cache\dart-sdk\bin\dart pub --suppress-analytics deps --json
[ +743 ms] {
             "root": "attendance_app",
             "packages": [
               {
                 "name": "attendance_app",
                 "version": "1.0.0+1",
                 "kind": "root",
                 "source": "root",
                 "dependencies": [
                   "flutter",
                   "device_info_plus",
                   "shared_preferences",
                   "crypto",
                   "cupertino_icons",
                   "http",
                   "flutter_secure_storage",
                   "uuid",
                   "flutter_ble_peripheral",
                   "permission_handler",
                   "firebase_core",
                   "firebase_auth",
                   "video_player",
                   "flutter_test",
                   "flutter_lints",
                   "flutter_launcher_icons"
                 ],
                 "directDependencies": [
                   "flutter",
                   "device_info_plus",
                   "shared_preferences",
                   "crypto",
                   "cupertino_icons",
                   "http",
                   "flutter_secure_storage",
                   "uuid",
                   "flutter_ble_peripheral",
                   "permission_handler",
                   "firebase_core",
                   "firebase_auth",
                   "video_player"
                 ],
                 "devDependencies": [
                   "flutter_test",
                   "flutter_lints",
                   "flutter_launcher_icons"
                 ]
               },
               {
                 "name": "flutter_launcher_icons",
                 "version": "0.13.1",
                 "kind": "dev",
                 "source": "hosted",
                 "dependencies": [
                   "args",
                   "checked_yaml",
                   "cli_util",
                   "image",
                   "json_annotation",
                   "path",
                   "yaml"
                 ],
                 "directDependencies": [
                   "args",
                   "checked_yaml",
                   "cli_util",
                   "image",
                   "json_annotation",
                   "path",
                   "yaml"
                 ]
               },
               {
                 "name": "yaml",
                 "version": "3.1.3",
                 "kind": "transitive",
                 "source": "hosted",
                 "dependencies": [
                   "collection",
                   "source_span",
                   "string_scanner"
                 ],
                 "directDependencies": [
                   "collection",
                   "source_span",
                   "string_scanner"
                 ]
               },
               {
                 "name": "string_scanner",
                 "version": "1.4.1",
                 "kind": "transitive",
                 "source": "hosted",
                 "dependencies": [
                   "source_span"
                 ],
                 "directDependencies": [
                   "source_span"
                 ]
               },
               {
                 "name": "source_span",
                 "version": "1.10.1",
                 "kind": "transitive",
                 "source": "hosted",
                 "dependencies": [
                   "collection",
                   "path",
                   "term_glyph"
                 ],
                 "directDependencies": [
                   "collection",
                   "path",
                   "term_glyph"
                 ]
               },
               {
                 "name": "term_glyph",
                 "version": "1.2.2",
                 "kind": "transitive",
                 "source": "hosted",
                 "dependencies": [],
                 "directDependencies": []
               },
               {
                 "name": "path",
                 "version": "1.9.1",
                 "kind": "transitive",
                 "source": "hosted",
                 "dependencies": [],
                 "directDependencies": []
               },
               {
                 "name": "collection",
                 "version": "1.19.1",
                 "kind": "transitive",
                 "source": "hosted",
                 "dependencies": [],
                 "directDependencies": []
               },
               {
                 "name": "json_annotation",
                 "version": "4.9.0",
                 "kind": "transitive",
                 "source": "hosted",
                 "dependencies": [
                   "meta"
                 ],
                 "directDependencies": [
                   "meta"
                 ]
               },
               {
                 "name": "meta",
                 "version": "1.16.0",
                 "kind": "transitive",
                 "source": "hosted",
                 "dependencies": [],
                 "directDependencies": []
               },
               {
                 "name": "image",
                 "version": "4.8.0",
                 "kind": "transitive",
                 "source": "hosted",
                 "dependencies": [
                   "archive",
                   "meta",
                   "xml"
                 ],
                 "directDependencies": [
                   "archive",
                   "meta",
                   "xml"
                 ]
               },
               {
                 "name": "xml",
                 "version": "6.6.1",
                 "kind": "transitive",
                 "source": "hosted",
                 "dependencies": [
                   "collection",
                   "meta",
                   "petitparser"
                 ],
                 "directDependencies": [
                   "collection",
                   "meta",
                   "petitparser"
                 ]
               },
               {
                 "name": "petitparser",
                 "version": "7.0.2",
                 "kind": "transitive",
                 "source": "hosted",
                 "dependencies": [
                   "meta",
                   "collection"
                 ],
                 "directDependencies": [
                   "meta",
                   "collection"
                 ]
               },
               {
                 "name": "archive",
                 "version": "4.0.9",
                 "kind": "transitive",
                 "source": "hosted",
                 "dependencies": [
                   "path",
                   "posix"
                 ],
                 "directDependencies": [
                   "path",
                   "posix"
                 ]
               },
               {
                 "name": "posix",
                 "version": "6.5.0",
                 "kind": "transitive",
                 "source": "hosted",
                 "dependencies": [
                   "ffi",
                   "meta",
                   "path"
                 ],
                 "directDependencies": [
                   "ffi",
                   "meta",
                   "path"
                 ]
               },
               {
                 "name": "ffi",
                 "version": "2.2.0",
                 "kind": "transitive",
                 "source": "hosted",
                 "dependencies": [],
                 "directDependencies": []
               },
               {
                 "name": "cli_util",
                 "version": "0.4.2",
                 "kind": "transitive",
                 "source": "hosted",
                 "dependencies": [
                   "meta",
                   "path"
                 ],
                 "directDependencies": [
                   "meta",
                   "path"
                 ]
               },
               {
                 "name": "checked_yaml",
                 "version": "2.0.4",
                 "kind": "transitive",
                 "source": "hosted",
                 "dependencies": [
                   "json_annotation",
                   "source_span",
                   "yaml"
                 ],
                 "directDependencies": [
                   "json_annotation",
                   "source_span",
                   "yaml"
                 ]
               },
               {
                 "name": "args",
                 "version": "2.7.0",
                 "kind": "transitive",
                 "source": "hosted",
                 "dependencies": [],
                 "directDependencies": []
               },
               {
                 "name": "flutter_lints",
                 "version": "5.0.0",
                 "kind": "dev",
                 "source": "hosted",
                 "dependencies": [
                   "lints"
                 ],
                 "directDependencies": [
                   "lints"
                 ]
               },
               {
                 "name": "lints",
                 "version": "5.1.1",
                 "kind": "transitive",
                 "source": "hosted",
                 "dependencies": [],
                 "directDependencies": []
               },
               {
                 "name": "flutter_test",
                 "version": "0.0.0",
                 "kind": "dev",
                 "source": "sdk",
                 "dependencies": [
                   "flutter",
                   "test_api",
                   "matcher",
                   "path",
                   "fake_async",
                   "clock",
                   "stack_trace",
                   "vector_math",
                   "leak_tracker_flutter_testing",
                   "async",
                   "boolean_selector",
                   "characters",
                   "collection",
                   "leak_tracker",
                   "leak_tracker_testing",
                   "material_color_utilities",
                   "meta",
                   "source_span",
                   "stream_channel",
                   "string_scanner",
                   "term_glyph",
                   "vm_service"
                 ],
                 "directDependencies": [
                   "flutter",
                   "test_api",
                   "matcher",
                   "path",
                   "fake_async",
                   "clock",
                   "stack_trace",
                   "vector_math",
                   "leak_tracker_flutter_testing",
                   "async",
                   "boolean_selector",
                   "characters",
                   "collection",
                   "leak_tracker",
                   "leak_tracker_testing",
                   "material_color_utilities",
                   "meta",
                   "source_span",
                   "stream_channel",
                   "string_scanner",
                   "term_glyph",
                   "vm_service"
                 ]
               },
               {
                 "name": "vm_service",
                 "version": "15.0.0",
                 "kind": "transitive",
                 "source": "hosted",
                 "dependencies": [],
                 "directDependencies": []
               },
               {
                 "name": "stream_channel",
                 "version": "2.1.4",
                 "kind": "transitive",
                 "source": "hosted",
                 "dependencies": [
                   "async"
                 ],
                 "directDependencies": [
                   "async"
                 ]
               },
               {
                 "name": "async",
                 "version": "2.13.0",
                 "kind": "transitive",
                 "source": "hosted",
                 "dependencies": [
                   "collection",
                   "meta"
                 ],
                 "directDependencies": [
                   "collection",
                   "meta"
                 ]
               },
               {
                 "name": "material_color_utilities",
                 "version": "0.11.1",
                 "kind": "transitive",
                 "source": "hosted",
                 "dependencies": [
                   "collection"
                 ],
                 "directDependencies": [
                   "collection"
                 ]
               },
               {
                 "name": "leak_tracker_testing",
                 "version": "3.0.1",
                 "kind": "transitive",
                 "source": "hosted",
                 "dependencies": [
                   "leak_tracker",
                   "matcher",
                   "meta"
                 ],
                 "directDependencies": [
                   "leak_tracker",
                   "matcher",
                   "meta"
                 ]
               },
               {
                 "name": "matcher",
                 "version": "0.12.17",
                 "kind": "transitive",
                 "source": "hosted",
                 "dependencies": [
                   "async",
                   "meta",
                   "stack_trace",
                   "term_glyph",
                   "test_api"
                 ],
                 "directDependencies": [
                   "async",
                   "meta",
                   "stack_trace",
                   "term_glyph",
                   "test_api"
                 ]
               },
               {
                 "name": "test_api",
                 "version": "0.7.4",
                 "kind": "transitive",
                 "source": "hosted",
                 "dependencies": [
                   "async",
                   "boolean_selector",
                   "collection",
                   "meta",
                   "source_span",
                   "stack_trace",
                   "stream_channel",
                   "string_scanner",
                   "term_glyph"
                 ],
                 "directDependencies": [
                   "async",
                   "boolean_selector",
                   "collection",
                   "meta",
                   "source_span",
                   "stack_trace",
                   "stream_channel",
                   "string_scanner",
                   "term_glyph"
                 ]
               },
               {
                 "name": "stack_trace",
                 "version": "1.12.1",
                 "kind": "transitive",
                 "source": "hosted",
                 "dependencies": [
                   "path"
                 ],
                 "directDependencies": [
                   "path"
                 ]
               },
               {
                 "name": "boolean_selector",
                 "version": "2.1.2",
                 "kind": "transitive",
                 "source": "hosted",
                 "dependencies": [
                   "source_span",
                   "string_scanner"
                 ],
                 "directDependencies": [
                   "source_span",
                   "string_scanner"
                 ]
               },
               {
                 "name": "leak_tracker",
                 "version": "10.0.9",
                 "kind": "transitive",
                 "source": "hosted",
                 "dependencies": [
                   "clock",
                   "collection",
                   "meta",
                   "path",
                   "vm_service"
                 ],
                 "directDependencies": [
                   "clock",
                   "collection",
                   "meta",
                   "path",
                   "vm_service"
                 ]
               },
               {
                 "name": "clock",
                 "version": "1.1.2",
                 "kind": "transitive",
                 "source": "hosted",
                 "dependencies": [],
                 "directDependencies": []
               },
               {
                 "name": "characters",
                 "version": "1.4.0",
                 "kind": "transitive",
                 "source": "hosted",
                 "dependencies": [],
                 "directDependencies": []
               },
               {
                 "name": "leak_tracker_flutter_testing",
                 "version": "3.0.9",
                 "kind": "transitive",
                 "source": "hosted",
                 "dependencies": [
                   "flutter",
                   "leak_tracker",
                   "leak_tracker_testing",
                   "matcher",
                   "meta"
                 ],
                 "directDependencies": [
                   "flutter",
                   "leak_tracker",
                   "leak_tracker_testing",
                   "matcher",
                   "meta"
                 ]
               },
               {
                 "name": "flutter",
                 "version": "0.0.0",
                 "kind": "direct",
                 "source": "sdk",
                 "dependencies": [
                   "characters",
                   "collection",
                   "material_color_utilities",
                   "meta",
                   "vector_math",
                   "sky_engine"
                 ],
                 "directDependencies": [
                   "characters",
                   "collection",
                   "material_color_utilities",
                   "meta",
                   "vector_math",
                   "sky_engine"
                 ]
               },
               {
                 "name": "sky_engine",
                 "version": "0.0.0",
                 "kind": "transitive",
                 "source": "sdk",
                 "dependencies": [],
                 "directDependencies": []
               },
               {
                 "name": "vector_math",
                 "version": "2.1.4",
                 "kind": "transitive",
                 "source": "hosted",
                 "dependencies": [],
                 "directDependencies": []
               },
               {
                 "name": "fake_async",
                 "version": "1.3.3",
                 "kind": "transitive",
                 "source": "hosted",
                 "dependencies": [
                   "clock",
                   "collection"
                 ],
                 "directDependencies": [
                   "clock",
                   "collection"
                 ]
               },
               {
                 "name": "video_player",
                 "version": "2.10.1",
                 "kind": "direct",
                 "source": "hosted",
                 "dependencies": [
                   "flutter",
                   "html",
                   "video_player_android",
                   "video_player_avfoundation",
                   "video_player_platform_interface",
                   "video_player_web"
                 ],
                 "directDependencies": [
                   "flutter",
                   "html",
                   "video_player_android",
                   "video_player_avfoundation",
                   "video_player_platform_interface",
                   "video_player_web"
                 ]
               },
               {
                 "name": "video_player_web",
                 "version": "2.4.0",
                 "kind": "transitive",
                 "source": "hosted",
                 "dependencies": [
                   "flutter",
                   "flutter_web_plugins",
                   "video_player_platform_interface",
                   "web"
                 ],
                 "directDependencies": [
                   "flutter",
                   "flutter_web_plugins",
                   "video_player_platform_interface",
                   "web"
                 ]
               },
               {
                 "name": "web",
                 "version": "1.1.1",
                 "kind": "transitive",
                 "source": "hosted",
                 "dependencies": [],
                 "directDependencies": []
               },
               {
                 "name": "video_player_platform_interface",
                 "version": "6.6.0",
                 "kind": "transitive",
                 "source": "hosted",
                 "dependencies": [
                   "flutter",
                   "plugin_platform_interface"
                 ],
                 "directDependencies": [
                   "flutter",
                   "plugin_platform_interface"
                 ]
               },
               {
                 "name": "plugin_platform_interface",
                 "version": "2.1.8",
                 "kind": "transitive",
                 "source": "hosted",
                 "dependencies": [
                   "meta"
                 ],
                 "directDependencies": [
                   "meta"
                 ]
               },
               {
                 "name": "flutter_web_plugins",
                 "version": "0.0.0",
                 "kind": "transitive",
                 "source": "sdk",
                 "dependencies": [
                   "flutter",
                   "characters",
                   "collection",
                   "material_color_utilities",
                   "meta",
                   "vector_math"
                 ],
                 "directDependencies": [
                   "flutter",
                   "characters",
                   "collection",
                   "material_color_utilities",
                   "meta",
                   "vector_math"
                 ]
               },
               {
                 "name": "video_player_avfoundation",
                 "version": "2.8.4",
                 "kind": "transitive",
                 "source": "hosted",
                 "dependencies": [
                   "flutter",
                   "video_player_platform_interface"
                 ],
                 "directDependencies": [
                   "flutter",
                   "video_player_platform_interface"
                 ]
               },
               {
                 "name": "video_player_android",
                 "version": "2.8.15",
                 "kind": "transitive",
                 "source": "hosted",
                 "dependencies": [
                   "flutter",
                   "video_player_platform_interface"
                 ],
                 "directDependencies": [
                   "flutter",
                   "video_player_platform_interface"
                 ]
               },
               {
                 "name": "html",
                 "version": "0.15.6",
                 "kind": "transitive",
                 "source": "hosted",
                 "dependencies": [
                   "csslib",
                   "source_span"
                 ],
                 "directDependencies": [
                   "csslib",
                   "source_span"
                 ]
               },
               {
                 "name": "csslib",
                 "version": "1.0.2",
                 "kind": "transitive",
                 "source": "hosted",
                 "dependencies": [
                   "source_span"
                 ],
                 "directDependencies": [
                   "source_span"
                 ]
               },
               {
                 "name": "firebase_auth",
                 "version": "6.2.0",
                 "kind": "direct",
                 "source": "hosted",
                 "dependencies": [
                   "firebase_auth_platform_interface",
                   "firebase_auth_web",
                   "firebase_core",
                   "firebase_core_platform_interface",
                   "flutter",
                   "meta"
                 ],
                 "directDependencies": [
                   "firebase_auth_platform_interface",
                   "firebase_auth_web",
                   "firebase_core",
                   "firebase_core_platform_interface",
                   "flutter",
                   "meta"
                 ]
               },
               {
                 "name": "firebase_core_platform_interface",
                 "version": "6.0.2",
                 "kind": "transitive",
                 "source": "hosted",
                 "dependencies": [
                   "collection",
                   "flutter",
                   "flutter_test",
                   "meta",
                   "plugin_platform_interface"
                 ],
                 "directDependencies": [
                   "collection",
                   "flutter",
                   "flutter_test",
                   "meta",
                   "plugin_platform_interface"
                 ]
               },
               {
                 "name": "firebase_core",
                 "version": "4.5.0",
                 "kind": "direct",
                 "source": "hosted",
                 "dependencies": [
                   "firebase_core_platform_interface",
                   "firebase_core_web",
                   "flutter",
                   "meta"
                 ],
                 "directDependencies": [
                   "firebase_core_platform_interface",
                   "firebase_core_web",
                   "flutter",
                   "meta"
                 ]
               },
               {
                 "name": "firebase_core_web",
                 "version": "3.5.0",
                 "kind": "transitive",
                 "source": "hosted",
                 "dependencies": [
                   "firebase_core_platform_interface",
                   "flutter",
                   "flutter_web_plugins",
                   "meta",
                   "web"
                 ],
                 "directDependencies": [
                   "firebase_core_platform_interface",
                   "flutter",
                   "flutter_web_plugins",
                   "meta",
                   "web"
                 ]
               },
               {
                 "name": "firebase_auth_web",
                 "version": "6.1.3",
                 "kind": "transitive",
                 "source": "hosted",
                 "dependencies": [
                   "firebase_auth_platform_interface",
                   "firebase_core",
                   "firebase_core_web",
                   "flutter",
                   "flutter_web_plugins",
                   "http_parser",
                   "meta",
                   "web"
                 ],
                 "directDependencies": [
                   "firebase_auth_platform_interface",
                   "firebase_core",
                   "firebase_core_web",
                   "flutter",
                   "flutter_web_plugins",
                   "http_parser",
                   "meta",
                   "web"
                 ]
               },
               {
                 "name": "http_parser",
                 "version": "4.1.2",
                 "kind": "transitive",
                 "source": "hosted",
                 "dependencies": [
                   "collection",
                   "source_span",
                   "string_scanner",
                   "typed_data"
                 ],
                 "directDependencies": [
                   "collection",
                   "source_span",
                   "string_scanner",
                   "typed_data"
                 ]
               },
               {
                 "name": "typed_data",
                 "version": "1.4.0",
                 "kind": "transitive",
                 "source": "hosted",
                 "dependencies": [
                   "collection"
                 ],
                 "directDependencies": [
                   "collection"
                 ]
               },
               {
                 "name": "firebase_auth_platform_interface",
                 "version": "8.1.7",
                 "kind": "transitive",
                 "source": "hosted",
                 "dependencies": [
                   "_flutterfire_internals",
                   "collection",
                   "firebase_core",
                   "flutter",
                   "http",
                   "meta",
                   "plugin_platform_interface"
                 ],
                 "directDependencies": [
                   "_flutterfire_internals",
                   "collection",
                   "firebase_core",
                   "flutter",
                   "http",
                   "meta",
                   "plugin_platform_interface"
                 ]
               },
               {
                 "name": "http",
                 "version": "1.6.0",
                 "kind": "direct",
                 "source": "hosted",
                 "dependencies": [
                   "async",
                   "http_parser",
                   "meta",
                   "web"
                 ],
                 "directDependencies": [
                   "async",
                   "http_parser",
                   "meta",
                   "web"
                 ]
               },
               {
                 "name": "_flutterfire_internals",
                 "version": "1.3.67",
                 "kind": "transitive",
                 "source": "hosted",
                 "dependencies": [
                   "collection",
                   "firebase_core",
                   "firebase_core_platform_interface",
                   "flutter",
                   "meta"
                 ],
                 "directDependencies": [
                   "collection",
                   "firebase_core",
                   "firebase_core_platform_interface",
                   "flutter",
                   "meta"
                 ]
               },
               {
                 "name": "permission_handler",
                 "version": "12.0.1",
                 "kind": "direct",
                 "source": "hosted",
                 "dependencies": [
                   "flutter",
                   "meta",
                   "permission_handler_android",
                   "permission_handler_apple",
                   "permission_handler_html",
                   "permission_handler_windows",
                   "permission_handler_platform_interface"
                 ],
                 "directDependencies": [
                   "flutter",
                   "meta",
                   "permission_handler_android",
                   "permission_handler_apple",
                   "permission_handler_html",
                   "permission_handler_windows",
                   "permission_handler_platform_interface"
                 ]
               },
               {
                 "name": "permission_handler_platform_interface",
                 "version": "4.3.0",
                 "kind": "transitive",
                 "source": "hosted",
                 "dependencies": [
                   "flutter",
                   "meta",
                   "plugin_platform_interface"
                 ],
                 "directDependencies": [
                   "flutter",
                   "meta",
                   "plugin_platform_interface"
                 ]
               },
               {
                 "name": "permission_handler_windows",
                 "version": "0.2.1",
                 "kind": "transitive",
                 "source": "hosted",
                 "dependencies": [
                   "flutter",
                   "permission_handler_platform_interface"
                 ],
                 "directDependencies": [
                   "flutter",
                   "permission_handler_platform_interface"
                 ]
               },
               {
                 "name": "permission_handler_html",
                 "version": "0.1.3+5",
                 "kind": "transitive",
                 "source": "hosted",
                 "dependencies": [
                   "flutter",
                   "flutter_web_plugins",
                   "permission_handler_platform_interface",
                   "web"
                 ],
                 "directDependencies": [
                   "flutter",
                   "flutter_web_plugins",
                   "permission_handler_platform_interface",
                   "web"
                 ]
               },
               {
                 "name": "permission_handler_apple",
                 "version": "9.4.7",
                 "kind": "transitive",
                 "source": "hosted",
                 "dependencies": [
                   "flutter",
                   "permission_handler_platform_interface"
                 ],
                 "directDependencies": [
                   "flutter",
                   "permission_handler_platform_interface"
                 ]
               },
               {
                 "name": "permission_handler_android",
                 "version": "13.0.1",
                 "kind": "transitive",
                 "source": "hosted",
                 "dependencies": [
                   "flutter",
                   "permission_handler_platform_interface"
                 ],
                 "directDependencies": [
                   "flutter",
                   "permission_handler_platform_interface"
                 ]
               },
               {
                 "name": "flutter_ble_peripheral",
                 "version": "2.1.0",
                 "kind": "direct",
                 "source": "hosted",
                 "dependencies": [
                   "flutter",
                   "json_annotation"
                 ],
                 "directDependencies": [
                   "flutter",
                   "json_annotation"
                 ]
               },
               {
                 "name": "uuid",
                 "version": "4.5.3",
                 "kind": "direct",
                 "source": "hosted",
                 "dependencies": [
                   "crypto",
                   "fixnum"
                 ],
                 "directDependencies": [
                   "crypto",
                   "fixnum"
                 ]
               },
               {
                 "name": "fixnum",
                 "version": "1.1.1",
                 "kind": "transitive",
                 "source": "hosted",
                 "dependencies": [],
                 "directDependencies": []
               },
               {
                 "name": "crypto",
                 "version": "3.0.7",
                 "kind": "direct",
                 "source": "hosted",
                 "dependencies": [
                   "typed_data"
                 ],
                 "directDependencies": [
                   "typed_data"
                 ]
               },
               {
                 "name": "flutter_secure_storage",
                 "version": "9.2.4",
                 "kind": "direct",
                 "source": "hosted",
                 "dependencies": [
                   "flutter",
                   "flutter_secure_storage_linux",
                   "flutter_secure_storage_macos",
                   "flutter_secure_storage_platform_interface",
                   "flutter_secure_storage_web",
                   "flutter_secure_storage_windows",
                   "meta"
                 ],
                 "directDependencies": [
                   "flutter",
                   "flutter_secure_storage_linux",
                   "flutter_secure_storage_macos",
                   "flutter_secure_storage_platform_interface",
                   "flutter_secure_storage_web",
                   "flutter_secure_storage_windows",
                   "meta"
                 ]
               },
               {
                 "name": "flutter_secure_storage_windows",
                 "version": "3.1.2",
                 "kind": "transitive",
                 "source": "hosted",
                 "dependencies": [
                   "ffi",
                   "flutter",
                   "flutter_secure_storage_platform_interface",
                   "path",
                   "path_provider",
                   "win32"
                 ],
                 "directDependencies": [
                   "ffi",
                   "flutter",
                   "flutter_secure_storage_platform_interface",
                   "path",
                   "path_provider",
                   "win32"
                 ]
               },
               {
                 "name": "win32",
                 "version": "5.15.0",
                 "kind": "transitive",
                 "source": "hosted",
                 "dependencies": [
                   "ffi"
                 ],
                 "directDependencies": [
                   "ffi"
                 ]
               },
               {
                 "name": "path_provider",
                 "version": "2.1.5",
                 "kind": "transitive",
                 "source": "hosted",
                 "dependencies": [
                   "flutter",
                   "path_provider_android",
                   "path_provider_foundation",
                   "path_provider_linux",
                   "path_provider_platform_interface",
                   "path_provider_windows"
                 ],
                 "directDependencies": [
                   "flutter",
                   "path_provider_android",
                   "path_provider_foundation",
                   "path_provider_linux",
                   "path_provider_platform_interface",
                   "path_provider_windows"
                 ]
               },
               {
                 "name": "path_provider_windows",
                 "version": "2.3.0",
                 "kind": "transitive",
                 "source": "hosted",
                 "dependencies": [
                   "ffi",
                   "flutter",
                   "path",
                   "path_provider_platform_interface"
                 ],
                 "directDependencies": [
                   "ffi",
                   "flutter",
                   "path",
                   "path_provider_platform_interface"
                 ]
               },
               {
                 "name": "path_provider_platform_interface",
                 "version": "2.1.2",
                 "kind": "transitive",
                 "source": "hosted",
                 "dependencies": [
                   "flutter",
                   "platform",
                   "plugin_platform_interface"
                 ],
                 "directDependencies": [
                   "flutter",
                   "platform",
                   "plugin_platform_interface"
                 ]
               },
               {
                 "name": "platform",
                 "version": "3.1.6",
                 "kind": "transitive",
                 "source": "hosted",
                 "dependencies": [],
                 "directDependencies": []
               },
               {
                 "name": "path_provider_linux",
                 "version": "2.2.1",
                 "kind": "transitive",
                 "source": "hosted",
                 "dependencies": [
                   "ffi",
                   "flutter",
                   "path",
                   "path_provider_platform_interface",
                   "xdg_directories"
                 ],
                 "directDependencies": [
                   "ffi",
                   "flutter",
                   "path",
                   "path_provider_platform_interface",
                   "xdg_directories"
                 ]
               },
               {
                 "name": "xdg_directories",
                 "version": "1.1.0",
                 "kind": "transitive",
                 "source": "hosted",
                 "dependencies": [
                   "meta",
                   "path"
                 ],
                 "directDependencies": [
                   "meta",
                   "path"
                 ]
               },
               {
                 "name": "path_provider_foundation",
                 "version": "2.4.2",
                 "kind": "transitive",
                 "source": "hosted",
                 "dependencies": [
                   "flutter",
                   "path_provider_platform_interface"
                 ],
                 "directDependencies": [
                   "flutter",
                   "path_provider_platform_interface"
                 ]
               },
               {
                 "name": "path_provider_android",
                 "version": "2.2.19",
                 "kind": "transitive",
                 "source": "hosted",
                 "dependencies": [
                   "flutter",
                   "path_provider_platform_interface"
                 ],
                 "directDependencies": [
                   "flutter",
                   "path_provider_platform_interface"
                 ]
               },
               {
                 "name": "flutter_secure_storage_platform_interface",
                 "version": "1.1.2",
                 "kind": "transitive",
                 "source": "hosted",
                 "dependencies": [
                   "flutter",
                   "plugin_platform_interface"
                 ],
                 "directDependencies": [
                   "flutter",
                   "plugin_platform_interface"
                 ]
               },
               {
                 "name": "flutter_secure_storage_web",
                 "version": "1.2.1",
                 "kind": "transitive",
                 "source": "hosted",
                 "dependencies": [
                   "flutter",
                   "flutter_secure_storage_platform_interface",
                   "flutter_web_plugins",
                   "js"
                 ],
                 "directDependencies": [
                   "flutter",
                   "flutter_secure_storage_platform_interface",
                   "flutter_web_plugins",
                   "js"
                 ]
               },
               {
                 "name": "js",
                 "version": "0.6.7",
                 "kind": "transitive",
                 "source": "hosted",
                 "dependencies": [
                   "meta"
                 ],
                 "directDependencies": [
                   "meta"
                 ]
               },
               {
                 "name": "flutter_secure_storage_macos",
                 "version": "3.1.3",
                 "kind": "transitive",
                 "source": "hosted",
                 "dependencies": [
                   "flutter",
                   "flutter_secure_storage_platform_interface"
                 ],
                 "directDependencies": [
                   "flutter",
                   "flutter_secure_storage_platform_interface"
                 ]
               },
               {
                 "name": "flutter_secure_storage_linux",
                 "version": "1.2.3",
                 "kind": "transitive",
                 "source": "hosted",
                 "dependencies": [
                   "flutter",
                   "flutter_secure_storage_platform_interface"
                 ],
                 "directDependencies": [
                   "flutter",
                   "flutter_secure_storage_platform_interface"
                 ]
               },
               {
                 "name": "cupertino_icons",
                 "version": "1.0.8",
                 "kind": "direct",
                 "source": "hosted",
                 "dependencies": [],
                 "directDependencies": []
               },
               {
                 "name": "shared_preferences",
                 "version": "2.5.3",
                 "kind": "direct",
                 "source": "hosted",
                 "dependencies": [
                   "flutter",
                   "shared_preferences_android",
                   "shared_preferences_foundation",
                   "shared_preferences_linux",
                   "shared_preferences_platform_interface",
                   "shared_preferences_web",
                   "shared_preferences_windows"
                 ],
                 "directDependencies": [
                   "flutter",
                   "shared_preferences_android",
                   "shared_preferences_foundation",
                   "shared_preferences_linux",
                   "shared_preferences_platform_interface",
                   "shared_preferences_web",
                   "shared_preferences_windows"
                 ]
               },
               {
                 "name": "shared_preferences_windows",
                 "version": "2.4.1",
                 "kind": "transitive",
                 "source": "hosted",
                 "dependencies": [
                   "file",
                   "flutter",
                   "path",
                   "path_provider_platform_interface",
                   "path_provider_windows",
                   "shared_preferences_platform_interface"
                 ],
                 "directDependencies": [
                   "file",
                   "flutter",
                   "path",
                   "path_provider_platform_interface",
                   "path_provider_windows",
                   "shared_preferences_platform_interface"
                 ]
               },
               {
                 "name": "shared_preferences_platform_interface",
                 "version": "2.4.1",
                 "kind": "transitive",
                 "source": "hosted",
                 "dependencies": [
                   "flutter",
                   "plugin_platform_interface"
                 ],
                 "directDependencies": [
                   "flutter",
                   "plugin_platform_interface"
                 ]
               },
               {
                 "name": "file",
                 "version": "7.0.1",
                 "kind": "transitive",
                 "source": "hosted",
                 "dependencies": [
                   "meta",
                   "path"
                 ],
                 "directDependencies": [
                   "meta",
                   "path"
                 ]
               },
               {
                 "name": "shared_preferences_web",
                 "version": "2.4.3",
                 "kind": "transitive",
                 "source": "hosted",
                 "dependencies": [
                   "flutter",
                   "flutter_web_plugins",
                   "shared_preferences_platform_interface",
                   "web"
                 ],
                 "directDependencies": [
                   "flutter",
                   "flutter_web_plugins",
                   "shared_preferences_platform_interface",
                   "web"
                 ]
               },
               {
                 "name": "shared_preferences_linux",
                 "version": "2.4.1",
                 "kind": "transitive",
                 "source": "hosted",
                 "dependencies": [
                   "file",
                   "flutter",
                   "path",
                   "path_provider_linux",
                   "path_provider_platform_interface",
                   "shared_preferences_platform_interface"
                 ],
                 "directDependencies": [
                   "file",
                   "flutter",
                   "path",
                   "path_provider_linux",
                   "path_provider_platform_interface",
                   "shared_preferences_platform_interface"
                 ]
               },
               {
                 "name": "shared_preferences_foundation",
                 "version": "2.5.4",
                 "kind": "transitive",
                 "source": "hosted",
                 "dependencies": [
                   "flutter",
                   "shared_preferences_platform_interface"
                 ],
                 "directDependencies": [
                   "flutter",
                   "shared_preferences_platform_interface"
                 ]
               },
               {
                 "name": "shared_preferences_android",
                 "version": "2.4.13",
                 "kind": "transitive",
                 "source": "hosted",
                 "dependencies": [
                   "flutter",
                   "shared_preferences_platform_interface"
                 ],
                 "directDependencies": [
                   "flutter",
                   "shared_preferences_platform_interface"
                 ]
               },
               {
                 "name": "device_info_plus",
                 "version": "10.1.2",
                 "kind": "direct",
                 "source": "hosted",
                 "dependencies": [
                   "device_info_plus_platform_interface",
                   "ffi",
                   "file",
                   "flutter",
                   "flutter_web_plugins",
                   "meta",
                   "web",
                   "win32",
                   "win32_registry"
                 ],
                 "directDependencies": [
                   "device_info_plus_platform_interface",
                   "ffi",
                   "file",
                   "flutter",
                   "flutter_web_plugins",
                   "meta",
                   "web",
                   "win32",
                   "win32_registry"
                 ]
               },
               {
                 "name": "win32_registry",
                 "version": "1.1.5",
                 "kind": "transitive",
                 "source": "hosted",
                 "dependencies": [
                   "ffi",
                   "win32"
                 ],
                 "directDependencies": [
                   "ffi",
                   "win32"
                 ]
               },
               {
                 "name": "device_info_plus_platform_interface",
                 "version": "7.0.3",
                 "kind": "transitive",
                 "source": "hosted",
                 "dependencies": [
                   "flutter",
                   "meta",
                   "plugin_platform_interface"
                 ],
                 "directDependencies": [
                   "flutter",
                   "meta",
                   "plugin_platform_interface"
                 ]
               }
             ],
             "sdks": [
               {
                 "name": "Dart",
                 "version": "3.8.1"
               },
               {
                 "name": "Flutter",
                 "version": "3.32.8"
               }
             ],
             "executables": [
               "flutter_launcher_icons",
               "flutter_launcher_icons:generate",
               "flutter_launcher_icons:main"
             ]
           }
[ +154 ms] Found plugin device_info_plus at C:\Users\thama\AppData\Local\Pub\Cache\hosted\pub.dev\device_info_plus-10.1.2\
[  +16 ms] Found plugin firebase_auth at C:\Users\thama\AppData\Local\Pub\Cache\hosted\pub.dev\firebase_auth-6.2.0\
[   +8 ms] Found plugin firebase_auth_web at C:\Users\thama\AppData\Local\Pub\Cache\hosted\pub.dev\firebase_auth_web-6.1.3\
[   +3 ms] Found plugin firebase_core at C:\Users\thama\AppData\Local\Pub\Cache\hosted\pub.dev\firebase_core-4.5.0\
[   +5 ms] Found plugin firebase_core_web at C:\Users\thama\AppData\Local\Pub\Cache\hosted\pub.dev\firebase_core_web-3.5.0\
[   +5 ms] Found plugin flutter_ble_peripheral at C:\Users\thama\AppData\Local\Pub\Cache\hosted\pub.dev\flutter_ble_peripheral-2.1.0\
[   +7 ms] Found plugin flutter_secure_storage at C:\Users\thama\AppData\Local\Pub\Cache\hosted\pub.dev\flutter_secure_storage-9.2.4\
[   +3 ms] Found plugin flutter_secure_storage_linux at C:\Users\thama\AppData\Local\Pub\Cache\hosted\pub.dev\flutter_secure_storage_linux-1.2.3\
[   +2 ms] Found plugin flutter_secure_storage_macos at C:\Users\thama\AppData\Local\Pub\Cache\hosted\pub.dev\flutter_secure_storage_macos-3.1.3\
[   +3 ms] Found plugin flutter_secure_storage_web at C:\Users\thama\AppData\Local\Pub\Cache\hosted\pub.dev\flutter_secure_storage_web-1.2.1\
[   +2 ms] Found plugin flutter_secure_storage_windows at C:\Users\thama\AppData\Local\Pub\Cache\hosted\pub.dev\flutter_secure_storage_windows-3.1.2\
[  +31 ms] Found plugin path_provider at C:\Users\thama\AppData\Local\Pub\Cache\hosted\pub.dev\path_provider-2.1.5\
[   +3 ms] Found plugin path_provider_android at C:\Users\thama\AppData\Local\Pub\Cache\hosted\pub.dev\path_provider_android-2.2.19\
[   +4 ms] Found plugin path_provider_foundation at C:\Users\thama\AppData\Local\Pub\Cache\hosted\pub.dev\path_provider_foundation-2.4.2\
[   +3 ms] Found plugin path_provider_linux at C:\Users\thama\AppData\Local\Pub\Cache\hosted\pub.dev\path_provider_linux-2.2.1\
[   +5 ms] Found plugin path_provider_windows at C:\Users\thama\AppData\Local\Pub\Cache\hosted\pub.dev\path_provider_windows-2.3.0\
[   +2 ms] Found plugin permission_handler at C:\Users\thama\AppData\Local\Pub\Cache\hosted\pub.dev\permission_handler-12.0.1\
[   +2 ms] Found plugin permission_handler_android at C:\Users\thama\AppData\Local\Pub\Cache\hosted\pub.dev\permission_handler_android-13.0.1\
[   +2 ms] Found plugin permission_handler_apple at C:\Users\thama\AppData\Local\Pub\Cache\hosted\pub.dev\permission_handler_apple-9.4.7\
[   +2 ms] Found plugin permission_handler_html at C:\Users\thama\AppData\Local\Pub\Cache\hosted\pub.dev\permission_handler_html-0.1.3+5\
[   +4 ms] Found plugin permission_handler_windows at C:\Users\thama\AppData\Local\Pub\Cache\hosted\pub.dev\permission_handler_windows-0.2.1\
[  +12 ms] Found plugin shared_preferences at C:\Users\thama\AppData\Local\Pub\Cache\hosted\pub.dev\shared_preferences-2.5.3\
[   +2 ms] Found plugin shared_preferences_android at C:\Users\thama\AppData\Local\Pub\Cache\hosted\pub.dev\shared_preferences_android-2.4.13\
[   +2 ms] Found plugin shared_preferences_foundation at C:\Users\thama\AppData\Local\Pub\Cache\hosted\pub.dev\shared_preferences_foundation-2.5.4\
[   +2 ms] Found plugin shared_preferences_linux at C:\Users\thama\AppData\Local\Pub\Cache\hosted\pub.dev\shared_preferences_linux-2.4.1\
[   +5 ms] Found plugin shared_preferences_web at C:\Users\thama\AppData\Local\Pub\Cache\hosted\pub.dev\shared_preferences_web-2.4.3\
[   +2 ms] Found plugin shared_preferences_windows at C:\Users\thama\AppData\Local\Pub\Cache\hosted\pub.dev\shared_preferences_windows-2.4.1\
[  +19 ms] Found plugin video_player at C:\Users\thama\AppData\Local\Pub\Cache\hosted\pub.dev\video_player-2.10.1\
[   +2 ms] Found plugin video_player_android at C:\Users\thama\AppData\Local\Pub\Cache\hosted\pub.dev\video_player_android-2.8.15\
[   +2 ms] Found plugin video_player_avfoundation at C:\Users\thama\AppData\Local\Pub\Cache\hosted\pub.dev\video_player_avfoundation-2.8.4\
[   +5 ms] Found plugin video_player_web at C:\Users\thama\AppData\Local\Pub\Cache\hosted\pub.dev\video_player_web-2.4.0\
[  +30 ms] gen_dart_plugin_registrant: Complete
[   +7 ms] Skipping target: _composite
[   +5 ms] complete
[   +8 ms] Launching lib\main.dart on 23076RN4BI in debug mode...
[   +4 ms] C:\Flutter\flutter_windows_3.32.8-stable\flutter\bin\cache\dart-sdk\bin\dartaotruntime.exe C:\Flutter\flutter_windows_3.32.8-stable\flutter\bin\cache\dart-sdk\bin\snapshots\frontend_server_aot.dart.snapshot --sdk-root C:\Flutter\flutter_windows_3.32.8-stable\flutter\bin\cache\artifacts\engine\common\flutter_patched_sdk/ --incremental --target=flutter --experimental-emit-debug-metadata -DFLUTTER_VERSION=3.32.8 -DFLUTTER_CHANNEL=stable -DFLUTTER_GIT_URL=https://github.com/flutter/flutter.git -DFLUTTER_FRAMEWORK_REVISION=edada7c56e -DFLUTTER_ENGINE_REVISION=ef0cd00091 -DFLUTTER_DART_VERSION=3.8.1 --output-dill C:\Users\thama\AppData\Local\Temp\flutter_tools.f252db37\flutter_tool.4b117b6c\app.dill --packages C:\Users\thama\OneDrive\Desktop\Flutterproject\attendance_app\.dart_tool\package_config.json -Ddart.vm.profile=false -Ddart.vm.product=false --enable-asserts --track-widget-creation --filesystem-scheme org-dartlang-root --initialize-from-dill build\d7b177071baaf4ee18da1044770cbdc7.cache.dill.track.dill --source file:///C:/Users/thama/OneDrive/Desktop/Flutterproject/attendance_app/.dart_tool/flutter_build/dart_plugin_registrant.dart --source package:flutter/src/dart_plugin_registrant.dart -Dflutter.dart_plugin_registrant=file:///C:/Users/thama/OneDrive/Desktop/Flutterproject/attendance_app/.dart_tool/flutter_build/dart_plugin_registrant.dart --verbosity=error --enable-experiment=alternative-invalidation-strategy
[  +12 ms] executing: C:\Users\thama\AppData\Local\Android\sdk\build-tools\36.1.0\aapt dump xmltree C:\Users\thama\OneDrive\Desktop\Flutterproject\attendance_app\build\app\outputs\flutter-apk\app-debug.apk AndroidManifest.xml
[  +84 ms] Exit code 0 from: C:\Users\thama\AppData\Local\Android\sdk\build-tools\36.1.0\aapt dump xmltree C:\Users\thama\OneDrive\Desktop\Flutterproject\attendance_app\build\app\outputs\flutter-apk\app-debug.apk AndroidManifest.xml
[        ] N: android=http://schemas.android.com/apk/res/android
             E: manifest (line=2)
               A: android:versionCode(0x0101021b)=(type 0x10)0x1
               A: android:versionName(0x0101021c)="1.0.0" (Raw: "1.0.0")
               A: android:compileSdkVersion(0x01010572)=(type 0x10)0x24
               A: android:compileSdkVersionCodename(0x01010573)="16" (Raw: "16")
               A: package="com.example.attendance_app" (Raw: "com.example.attendance_app")
               A: platformBuildVersionCode=(type 0x10)0x24
               A: platformBuildVersionName=(type 0x10)0x10
               E: uses-sdk (line=7)
                 A: android:minSdkVersion(0x0101020c)=(type 0x10)0x17
                 A: android:targetSdkVersion(0x01010270)=(type 0x10)0x24
               E: uses-permission (line=15)
                 A: android:name(0x01010003)="android.permission.INTERNET" (Raw: "android.permission.INTERNET")
               E: uses-permission (line=17)
                 A: android:name(0x01010003)="android.permission.BLUETOOTH" (Raw: "android.permission.BLUETOOTH")
                 A: android:maxSdkVersion(0x01010271)=(type 0x10)0x1e
               E: uses-permission (line=20)
                 A: android:name(0x01010003)="android.permission.BLUETOOTH_ADMIN" (Raw: "android.permission.BLUETOOTH_ADMIN")
                 A: android:maxSdkVersion(0x01010271)=(type 0x10)0x1e
               E: uses-permission (line=23)
                 A: android:name(0x01010003)="android.permission.BLUETOOTH_SCAN" (Raw: "android.permission.BLUETOOTH_SCAN")
                 A: android:usesPermissionFlags(0x01010644)=(type 0x11)0x10000
               E: uses-permission (line=26)
                 A: android:name(0x01010003)="android.permission.BLUETOOTH_ADVERTISE" (Raw: "android.permission.BLUETOOTH_ADVERTISE")
               E: uses-permission (line=27)
                 A: android:name(0x01010003)="android.permission.BLUETOOTH_CONNECT" (Raw: "android.permission.BLUETOOTH_CONNECT")
               E: uses-permission (line=28)
                 A: android:name(0x01010003)="android.permission.ACCESS_FINE_LOCATION" (Raw: "android.permission.ACCESS_FINE_LOCATION")
               E: uses-permission (line=29)
                 A: android:name(0x01010003)="android.permission.ACCESS_COARSE_LOCATION" (Raw: "android.permission.ACCESS_COARSE_LOCATION")
               E: uses-permission (line=30)
                 A: android:name(0x01010003)="android.permission.FOREGROUND_SERVICE" (Raw: "android.permission.FOREGROUND_SERVICE")
               E: uses-permission (line=31)
                 A: android:name(0x01010003)="android.permission.FOREGROUND_SERVICE_CONNECTED_DEVICE" (Raw: "android.permission.FOREGROUND_SERVICE_CONNECTED_DEVICE")
               E: uses-feature (line=33)
                 A: android:name(0x01010003)="android.hardware.bluetooth_le" (Raw: "android.hardware.bluetooth_le")
                 A: android:required(0x0101028e)=(type 0x12)0xffffffff
               E: queries (line=43)
                 E: intent (line=44)
                   E: action (line=45)
                     A: android:name(0x01010003)="android.intent.action.PROCESS_TEXT" (Raw: "android.intent.action.PROCESS_TEXT")
                   E: data (line=47)
                     A: android:mimeType(0x01010026)="text/plain" (Raw: "text/plain")
               E: uses-permission-sdk-23 (line=50)
                 A: android:name(0x01010003)="android.permission.ACCESS_COARSE_LOCATION" (Raw: "android.permission.ACCESS_COARSE_LOCATION")
                 A: android:maxSdkVersion(0x01010271)=(type 0x10)0x1e
               E: uses-permission-sdk-23 (line=53)
                 A: android:name(0x01010003)="android.permission.ACCESS_FINE_LOCATION" (Raw: "android.permission.ACCESS_FINE_LOCATION")
                 A: android:maxSdkVersion(0x01010271)=(type 0x10)0x1e
               E: uses-permission (line=57)
                 A: android:name(0x01010003)="android.permission.ACCESS_NETWORK_STATE" (Raw: "android.permission.ACCESS_NETWORK_STATE")
               E: uses-permission (line=58)
                 A: android:name(0x01010003)="com.google.android.providers.gsf.permission.READ_GSERVICES" (Raw: "com.google.android.providers.gsf.permission.READ_GSERVICES")
               E: permission (line=60)
                 A: android:name(0x01010003)="com.example.attendance_app.DYNAMIC_RECEIVER_NOT_EXPORTED_PERMISSION" (Raw: "com.example.attendance_app.DYNAMIC_RECEIVER_NOT_EXPORTED_PERMISSION")
                 A: android:protectionLevel(0x01010009)=(type 0x11)0x2
               E: uses-permission (line=64)
                 A: android:name(0x01010003)="com.example.attendance_app.DYNAMIC_RECEIVER_NOT_EXPORTED_PERMISSION" (Raw: "com.example.attendance_app.DYNAMIC_RECEIVER_NOT_EXPORTED_PERMISSION")
               E: application (line=66)
                 A: android:label(0x01010001)="BunkTracer" (Raw: "BunkTracer")
                 A: android:icon(0x01010002)=@0x7f0c0000
                 A: android:name(0x01010003)="android.app.Application" (Raw: "android.app.Application")
                 A: android:debuggable(0x0101000f)=(type 0x12)0xffffffff
                 A: android:extractNativeLibs(0x010104ea)=(type 0x12)0x0
                 A: android:usesCleartextTraffic(0x010104ec)=(type 0x12)0xffffffff
                 A: android:appComponentFactory(0x0101057a)="androidx.core.app.CoreComponentFactory" (Raw: "androidx.core.app.CoreComponentFactory")
                 E: activity (line=74)
                   A: android:theme(0x01010000)=@0x7f0f00a2
                   A: android:name(0x01010003)="com.example.attendance_app.MainActivity" (Raw: "com.example.attendance_app.MainActivity")
                   A: android:exported(0x01010010)=(type 0x12)0xffffffff
                   A: android:taskAffinity(0x01010012)="" (Raw: "")
                   A: android:launchMode(0x0101001d)=(type 0x10)0x1
                   A: android:configChanges(0x0101001f)=(type 0x11)0x40003fb4
                   A: android:windowSoftInputMode(0x0101022b)=(type 0x11)0x10
                   A: android:hardwareAccelerated(0x010102d3)=(type 0x12)0xffffffff
                   E: meta-data (line=90)
                     A: android:name(0x01010003)="io.flutter.embedding.android.NormalTheme" (Raw: "io.flutter.embedding.android.NormalTheme")
                     A: android:resource(0x01010025)=@0x7f0f00a3
                   E: intent-filter (line=94)
                     E: action (line=95)
                       A: android:name(0x01010003)="android.intent.action.MAIN" (Raw: "android.intent.action.MAIN")
                     E: category (line=97)
                       A: android:name(0x01010003)="android.intent.category.LAUNCHER" (Raw: "android.intent.category.LAUNCHER")
                 E: meta-data (line=104)
                   A: android:name(0x01010003)="flutterEmbedding" (Raw: "flutterEmbedding")
                   A: android:value(0x01010024)=(type 0x10)0x2
                 E: service (line=108)
                   A: android:name(0x01010003)="com.google.firebase.components.ComponentDiscoveryService" (Raw: "com.google.firebase.components.ComponentDiscoveryService")
                   A: android:exported(0x01010010)=(type 0x12)0x0
                   A: android:directBootAware(0x01010505)=(type 0x12)0xffffffff
                   E: meta-data (line=112)
                     A: android:name(0x01010003)="com.google.firebase.components:io.flutter.plugins.firebase.auth.FlutterFirebaseAuthRegistrar" (Raw: "com.google.firebase.components:io.flutter.plugins.firebase.auth.FlutterFirebaseAuthRegistrar")
                     A: android:value(0x01010024)="com.google.firebase.components.ComponentRegistrar" (Raw: "com.google.firebase.components.ComponentRegistrar")
                   E: meta-data (line=115)
                     A: android:name(0x01010003)="com.google.firebase.components:io.flutter.plugins.firebase.core.FlutterFirebaseCoreRegistrar" (Raw: "com.google.firebase.components:io.flutter.plugins.firebase.core.FlutterFirebaseCoreRegistrar")
                     A: android:value(0x01010024)="com.google.firebase.components.ComponentRegistrar" (Raw: "com.google.firebase.components.ComponentRegistrar")
                   E: meta-data (line=118)
                     A: android:name(0x01010003)="com.google.firebase.components:com.google.firebase.auth.FirebaseAuthRegistrar" (Raw: "com.google.firebase.components:com.google.firebase.auth.FirebaseAuthRegistrar")
                     A: android:value(0x01010024)="com.google.firebase.components.ComponentRegistrar" (Raw: "com.google.firebase.components.ComponentRegistrar")
                   E: meta-data (line=121)
                     A: android:name(0x01010003)="com.google.firebase.components:com.google.firebase.FirebaseCommonKtxRegistrar" (Raw: "com.google.firebase.components:com.google.firebase.FirebaseCommonKtxRegistrar")
                     A: android:value(0x01010024)="com.google.firebase.components.ComponentRegistrar" (Raw: "com.google.firebase.components.ComponentRegistrar")
                 E: activity (line=126)
                   A: android:theme(0x01010000)=@0x01030010
                   A: android:name(0x01010003)="com.google.firebase.auth.internal.GenericIdpActivity" (Raw: "com.google.firebase.auth.internal.GenericIdpActivity")
                   A: android:exported(0x01010010)=(type 0x12)0xffffffff
                   A: android:excludeFromRecents(0x01010017)=(type 0x12)0xffffffff
                   A: android:launchMode(0x0101001d)=(type 0x10)0x2
                   E: intent-filter (line=132)
                     E: action (line=133)
                       A: android:name(0x01010003)="android.intent.action.VIEW" (Raw: "android.intent.action.VIEW")
                     E: category (line=135)
                       A: android:name(0x01010003)="android.intent.category.DEFAULT" (Raw: "android.intent.category.DEFAULT")
                     E: category (line=136)
                       A: android:name(0x01010003)="android.intent.category.BROWSABLE" (Raw: "android.intent.category.BROWSABLE")
                     E: data (line=138)
                       A: android:scheme(0x01010027)="genericidp" (Raw: "genericidp")
                       A: android:host(0x01010028)="firebase.auth" (Raw: "firebase.auth")
                       A: android:path(0x0101002a)="/" (Raw: "/")
                 E: activity (line=144)
                   A: android:theme(0x01010000)=@0x01030010
                   A: android:name(0x01010003)="com.google.firebase.auth.internal.RecaptchaActivity" (Raw: "com.google.firebase.auth.internal.RecaptchaActivity")
                   A: android:exported(0x01010010)=(type 0x12)0xffffffff
                   A: android:excludeFromRecents(0x01010017)=(type 0x12)0xffffffff
                   A: android:launchMode(0x0101001d)=(type 0x10)0x2
                   E: intent-filter (line=150)
                     E: action (line=151)
                       A: android:name(0x01010003)="android.intent.action.VIEW" (Raw: "android.intent.action.VIEW")
                     E: category (line=153)
                       A: android:name(0x01010003)="android.intent.category.DEFAULT" (Raw: "android.intent.category.DEFAULT")
                     E: category (line=154)
                       A: android:name(0x01010003)="android.intent.category.BROWSABLE" (Raw: "android.intent.category.BROWSABLE")
                     E: data (line=156)
                       A: android:scheme(0x01010027)="recaptcha" (Raw: "recaptcha")
                       A: android:host(0x01010028)="firebase.auth" (Raw: "firebase.auth")
                       A: android:path(0x0101002a)="/" (Raw: "/")
                 E: provider (line=163)
                   A: android:name(0x01010003)="com.google.firebase.provider.FirebaseInitProvider" (Raw: "com.google.firebase.provider.FirebaseInitProvider")
                   A: android:exported(0x01010010)=(type 0x12)0x0
                   A: android:authorities(0x01010018)="com.example.attendance_app.firebaseinitprovider" (Raw: "com.example.attendance_app.firebaseinitprovider")
                   A: android:initOrder(0x0101001a)=(type 0x10)0x64
                   A: android:directBootAware(0x01010505)=(type 0x12)0xffffffff
                 E: service (line=170)
                   A: android:name(0x01010003)="androidx.credentials.playservices.CredentialProviderMetadataHolder" (Raw: "androidx.credentials.playservices.CredentialProviderMetadataHolder")
                   A: android:enabled(0x0101000e)=(type 0x12)0xffffffff
                   A: android:exported(0x01010010)=(type 0x12)0x0
                   E: meta-data (line=174)
                     A: android:name(0x01010003)="androidx.credentials.CREDENTIAL_PROVIDER_KEY" (Raw: "androidx.credentials.CREDENTIAL_PROVIDER_KEY")
                     A: android:value(0x01010024)="androidx.credentials.playservices.CredentialProviderPlayServicesImpl" (Raw: "androidx.credentials.playservices.CredentialProviderPlayServicesImpl")
                 E: activity (line=179)
                   A: android:theme(0x01010000)=@0x7f0f012b
                   A: android:name(0x01010003)="androidx.credentials.playservices.HiddenActivity" (Raw: "androidx.credentials.playservices.HiddenActivity")
                   A: android:enabled(0x0101000e)=(type 0x12)0xffffffff
                   A: android:exported(0x01010010)=(type 0x12)0x0
                   A: android:configChanges(0x0101001f)=(type 0x11)0x5a0
                   A: android:fitsSystemWindows(0x010100dd)=(type 0x12)0xffffffff
                 E: activity (line=187)
                   A: android:theme(0x01010000)=@0x01030010
                   A: android:name(0x01010003)="com.google.android.gms.auth.api.signin.internal.SignInHubActivity" (Raw: "com.google.android.gms.auth.api.signin.internal.SignInHubActivity")
                   A: android:exported(0x01010010)=(type 0x12)0x0
                   A: android:excludeFromRecents(0x01010017)=(type 0x12)0xffffffff
                 E: service (line=196)
                   A: android:name(0x01010003)="com.google.android.gms.auth.api.signin.RevocationBoundService" (Raw: "com.google.android.gms.auth.api.signin.RevocationBoundService")
                   A: android:permission(0x01010006)="com.google.android.gms.auth.api.signin.permission.REVOCATION_NOTIFICATION" (Raw: "com.google.android.gms.auth.api.signin.permission.REVOCATION_NOTIFICATION")
                   A: android:exported(0x01010010)=(type 0x12)0xffffffff
                   A: android:visibleToInstantApps(0x01010531)=(type 0x12)0xffffffff
                 E: uses-library (line=202)
                   A: android:name(0x01010003)="androidx.window.extensions" (Raw: "androidx.window.extensions")
                   A: android:required(0x0101028e)=(type 0x12)0x0
                 E: uses-library (line=205)
                   A: android:name(0x01010003)="androidx.window.sidecar" (Raw: "androidx.window.sidecar")
                   A: android:required(0x0101028e)=(type 0x12)0x0
                 E: activity (line=209)
                   A: android:theme(0x01010000)=@0x01030010
                   A: android:name(0x01010003)="com.google.android.gms.common.api.GoogleApiActivity" (Raw: "com.google.android.gms.common.api.GoogleApiActivity")
                   A: android:exported(0x01010010)=(type 0x12)0x0
                 E: meta-data (line=214)
                   A: android:name(0x01010003)="com.google.android.gms.version" (Raw: "com.google.android.gms.version")
                   A: android:value(0x01010024)=@0x7f090004
                 E: provider (line=218)
                   A: android:name(0x01010003)="androidx.startup.InitializationProvider" (Raw: "androidx.startup.InitializationProvider")
                   A: android:exported(0x01010010)=(type 0x12)0x0
                   A: android:authorities(0x01010018)="com.example.attendance_app.androidx-startup" (Raw: "com.example.attendance_app.androidx-startup")
                   E: meta-data (line=222)
                     A: android:name(0x01010003)="androidx.lifecycle.ProcessLifecycleInitializer" (Raw: "androidx.lifecycle.ProcessLifecycleInitializer")
                     A: android:value(0x01010024)="androidx.startup" (Raw: "androidx.startup")
                   E: meta-data (line=225)
                     A: android:name(0x01010003)="androidx.profileinstaller.ProfileInstallerInitializer" (Raw: "androidx.profileinstaller.ProfileInstallerInitializer")
                     A: android:value(0x01010024)="androidx.startup" (Raw: "androidx.startup")
                 E: receiver (line=230)
                   A: android:name(0x01010003)="androidx.profileinstaller.ProfileInstallReceiver" (Raw: "androidx.profileinstaller.ProfileInstallReceiver")
                   A: android:permission(0x01010006)="android.permission.DUMP" (Raw: "android.permission.DUMP")
                   A: android:enabled(0x0101000e)=(type 0x12)0xffffffff
                   A: android:exported(0x01010010)=(type 0x12)0xffffffff
                   A: android:directBootAware(0x01010505)=(type 0x12)0x0
                   E: intent-filter (line=236)
                     E: action (line=237)
                       A: android:name(0x01010003)="androidx.profileinstaller.action.INSTALL_PROFILE" (Raw: "androidx.profileinstaller.action.INSTALL_PROFILE")
                   E: intent-filter (line=239)
                     E: action (line=240)
                       A: android:name(0x01010003)="androidx.profileinstaller.action.SKIP_FILE" (Raw: "androidx.profileinstaller.action.SKIP_FILE")
                   E: intent-filter (line=242)
                     E: action (line=243)
                       A: android:name(0x01010003)="androidx.profileinstaller.action.SAVE_PROFILE" (Raw: "androidx.profileinstaller.action.SAVE_PROFILE")
                   E: intent-filter (line=245)
                     E: action (line=246)
                       A: android:name(0x01010003)="androidx.profileinstaller.action.BENCHMARK_OPERATION" (Raw: "androidx.profileinstaller.action.BENCHMARK_OPERATION")
                 E: activity (line=249)
                   A: android:theme(0x01010000)=@0x7f0f012c
                   A: android:name(0x01010003)="com.google.android.play.core.common.PlayCoreDialogWrapperActivity" (Raw: "com.google.android.play.core.common.PlayCoreDialogWrapperActivity")
                   A: android:exported(0x01010010)=(type 0x12)0x0
                   A: android:stateNotNeeded(0x01010016)=(type 0x12)0xffffffff
[  +11 ms] executing: C:\Users\thama\AppData\Local\Android\sdk\platform-tools\adb.exe -s 633c1477f5fd shell -x logcat -v time -t 1
[  +14 ms] <- compile package:attendance_app/main.dart
[ +512 ms] --------- beginning of main
           03-13 22:43:23.416 I/MiuiNetworkPolicy( 2460): updateUidState uid = 10145, uidState = 5
[  +23 ms] executing: C:\Users\thama\AppData\Local\Android\sdk\platform-tools\adb.exe version
[ +105 ms] Android Debug Bridge version 1.0.41
           Version 37.0.0-14910828
           Installed as C:\Users\thama\AppData\Local\Android\sdk\platform-tools\adb.exe
           Running on Windows 10.0.26200
[   +2 ms] executing: C:\Users\thama\AppData\Local\Android\sdk\platform-tools\adb.exe start-server
[ +112 ms] Building APK
[  +19 ms] executing: C:\Program Files\Android\Android Studio\jbr\bin\java -version
[ +272 ms] Exit code 0 from: C:\Program Files\Android\Android Studio\jbr\bin\java -version
[        ] openjdk version "21.0.9" 2025-10-21
           OpenJDK Runtime Environment (build 21.0.9+-14787801-b1163.94)
           OpenJDK 64-Bit Server VM (build 21.0.9+-14787801-b1163.94, mixed mode)
[   +3 ms] executing: C:\Program Files\Android\Android Studio\jbr\bin\java -version
[ +301 ms] Exit code 0 from: C:\Program Files\Android\Android Studio\jbr\bin\java -version
[        ] openjdk version "21.0.9" 2025-10-21
           OpenJDK Runtime Environment (build 21.0.9+-14787801-b1163.94)
           OpenJDK 64-Bit Server VM (build 21.0.9+-14787801-b1163.94, mixed mode)
[  +15 ms] Top-level Gradle build file not found, skipping migration of task "clean".
[   +4 ms] executing: C:\Program Files\Android\Android Studio\jbr\bin\java --version
[ +236 ms] Exit code 0 from: C:\Program Files\Android\Android Studio\jbr\bin\java --version
[        ] openjdk 21.0.9 2025-10-21
           OpenJDK Runtime Environment (build 21.0.9+-14787801-b1163.94)
           OpenJDK 64-Bit Server VM (build 21.0.9+-14787801-b1163.94, mixed mode)
[   +3 ms] Version of Java is different than impacted version, no migration attempted.
[  +17 ms] CMake project not found, skipping support Android 15 16k page size migration.
[   +6 ms] Using gradle from C:\Users\thama\OneDrive\Desktop\Flutterproject\attendance_app\android\gradlew.bat.
[  +16 ms] Running Gradle task 'assembleDebug'...
[   +1 ms] executing: [C:\Users\thama\OneDrive\Desktop\Flutterproject\attendance_app\android/] C:\Users\thama\OneDrive\Desktop\Flutterproject\attendance_app\android\gradlew.bat --full-stacktrace --info -Pverbose=true -Ptarget-platform=android-arm64 -Ptarget=C:\Users\thama\OneDrive\Desktop\Flutterproject\attendance_app\lib\main.dart -Pbase-application-name=android.app.Application -Pdart-defines=RkxVVFRFUl9WRVJTSU9OPTMuMzIuOA==,RkxVVFRFUl9DSEFOTkVMPXN0YWJsZQ==,RkxVVFRFUl9HSVRfVVJMPWh0dHBzOi8vZ2l0aHViLmNvbS9mbHV0dGVyL2ZsdXR0ZXIuZ2l0,RkxVVFRFUl9GUkFNRVdPUktfUkVWSVNJT049ZWRhZGE3YzU2ZQ==,RkxVVFRFUl9FTkdJTkVfUkVWSVNJT049ZWYwY2QwMDA5MQ==,RkxVVFRFUl9EQVJUX1ZFUlNJT049My44LjE= -Pdart-obfuscation=false -Ptrack-widget-creation=true -Ptree-shake-icons=false -Pfilesystem-scheme=org-dartlang-root assembleDebug
[+1392 ms] Initialized native services in: C:\Users\thama\.gradle\native
[   +1 ms] Initialized jansi services in: C:\Users\thama\.gradle\native
[ +620 ms] The client will now receive all logging from the daemon (pid: 7352). The daemon log file: C:\Users\thama\.gradle\daemon\8.12\daemon-7352.out.log
[   +1 ms] Starting 10th build in daemon [uptime: 4 hrs 35 mins 36.486 secs, performance: 99%, GC rate: 0.00/s, heap usage: 2% of 8 GiB, non-heap usage: 4% of 4 GiB]
[        ] Using 12 worker leases.
[        ] Now considering [C:\Users\thama\OneDrive\Desktop\Flutterproject\attendance_app\android, C:\Flutter\flutter_windows_3.32.8-stable\flutter\packages\flutter_tools\gradle] as hierarchies to watch
[  +88 ms] Watching the file system is configured to be enabled if available
[        ] File system watching is active
[        ] Starting Build
[ +108 ms] Now considering [C:\Flutter\flutter_windows_3.32.8-stable\flutter\packages\flutter_tools\gradle, C:\Users\thama\OneDrive\Desktop\Flutterproject\attendance_app\android] as hierarchies to watch
[ +690 ms] > Configure project :gradle
[        ] Evaluating project ':gradle' using build file 'C:\Flutter\flutter_windows_3.32.8-stable\flutter\packages\flutter_tools\gradle\build.gradle.kts'.
[        ] Resolved plugin [id: 'org.gradle.java-gradle-plugin']
[        ] Resolved plugin [id: 'org.gradle.groovy']
[        ] Resolved plugin [id: 'org.gradle.kotlin.kotlin-dsl', version: '5.1.2']
[        ] Resolved plugin [id: 'org.jetbrains.kotlin.jvm', version: '1.9.20']
[        ] Using Kotlin Gradle Plugin gradle85 variant
[        ] kotlin scripting plugin: created the scripting discovery configuration: kotlinScriptDef
[        ] kotlin scripting plugin: created the scripting discovery configuration: testKotlinScriptDef
[        ] file or directory 'C:\Flutter\flutter_windows_3.32.8-stable\flutter\packages\flutter_tools\gradle\src\main\java', not found
[        ] Resolved plugin [id: 'dev.flutter.flutter-plugin-loader', version: '1.0.0']
[ +105 ms] Resolved plugin [id: 'com.android.application', version: '8.7.3', apply: false]
[        ] Resolved plugin [id: 'org.jetbrains.kotlin.android', version: '2.1.0', apply: false]
[        ] Resolve mutations for :gradle:checkKotlinGradlePluginConfigurationErrors (Thread[#1737,Execution worker,5,main]) started.
[        ] :gradle:checkKotlinGradlePluginConfigurationErrors (Thread[#1737,Execution worker,5,main]) started.
[  +92 ms] > Task :gradle:checkKotlinGradlePluginConfigurationErrors SKIPPED
[        ] Skipping task ':gradle:checkKotlinGradlePluginConfigurationErrors' as task onlyIf 'errorDiagnostics are present' is false.
[        ] Resolve mutations for :gradle:compileKotlin (Thread[#1737,Execution worker,5,main]) started.
[        ] :gradle:compileKotlin (Thread[#1737,Execution worker,5,main]) started.
[ +198 ms] > Task :gradle:compileKotlin UP-TO-DATE
[        ] Caching disabled for task ':gradle:compileKotlin' because:
[        ]   Build cache is disabled
[        ] Skipping task ':gradle:compileKotlin' as it is up-to-date.
[        ] Resolve mutations for :gradle:compileJava (Thread[#1737,Execution worker,5,main]) started.
[        ] :gradle:compileJava (Thread[#1737,Execution worker,5,main]) started.
[        ] > Task :gradle:compileJava NO-SOURCE
[        ] Skipping task ':gradle:compileJava' as it has no source files and no previous output files.
[        ] Resolve mutations for :gradle:compileGroovy (Thread[#1737,Execution worker,5,main]) started.
[        ] :gradle:compileGroovy (Thread[#1737,Execution worker,5,main]) started.
[        ] > Task :gradle:compileGroovy NO-SOURCE
[        ] Skipping task ':gradle:compileGroovy' as it has no source files and no previous output files.
[        ] Resolve mutations for :gradle:pluginDescriptors (Thread[#1737,Execution worker,5,main]) started.
[        ] :gradle:pluginDescriptors (Thread[#1737,Execution worker,5,main]) started.
[        ] > Task :gradle:pluginDescriptors UP-TO-DATE
[        ] Caching disabled for task ':gradle:pluginDescriptors' because:
[   +2 ms]   Build cache is disabled
[   +1 ms]   Not worth caching
[        ] Skipping task ':gradle:pluginDescriptors' as it is up-to-date.
[        ] Resolve mutations for :gradle:processResources (Thread[#1737,Execution worker,5,main]) started.
[        ] :gradle:processResources (Thread[#1737,Execution worker,5,main]) started.
[        ] > Task :gradle:processResources UP-TO-DATE
[        ] Caching disabled for task ':gradle:processResources' because:
[        ]   Build cache is disabled
[        ]   Not worth caching
[        ] Skipping task ':gradle:processResources' as it is up-to-date.
[        ] Resolve mutations for :gradle:classes (Thread[#1737,Execution worker,5,main]) started.
[        ] :gradle:classes (Thread[#1737,Execution worker,5,main]) started.
[        ] > Task :gradle:classes UP-TO-DATE
[        ] Skipping task ':gradle:classes' as it has no actions.
[        ] Resolve mutations for :gradle:jar (Thread[#1737,Execution worker,5,main]) started.
[        ] :gradle:jar (Thread[#1737,Execution worker,5,main]) started.
[        ] > Task :gradle:jar UP-TO-DATE
[        ] Caching disabled for task ':gradle:jar' because:
[        ]   Build cache is disabled
[        ]   Not worth caching
[        ] Skipping task ':gradle:jar' as it is up-to-date.
[ +479 ms] Settings evaluated using settings file 'C:\Users\thama\OneDrive\Desktop\Flutterproject\attendance_app\android\settings.gradle.kts'.
[        ] Projects loaded. Root project using build file 'C:\Users\thama\OneDrive\Desktop\Flutterproject\attendance_app\android\build.gradle.kts'.
[        ] Included projects: [root project 'android', project ':app', project ':device_info_plus', project ':firebase_auth', project ':firebase_core', project ':flutter_ble_peripheral', project ':flutter_secure_storage', project ':path_provider_android', project ':permission_handler_android', project ':shared_preferences_android', project ':video_player_android']
[+1106 ms] > Configure project :app
[        ] Evaluating project ':app' using build file 'C:\Users\thama\OneDrive\Desktop\Flutterproject\attendance_app\android\app\build.gradle.kts'.
[        ] Resolved plugin [id: 'com.android.application']
[        ] Resolved plugin [id: 'kotlin-android']
[        ] Resolved plugin [id: 'dev.flutter.flutter-gradle-plugin']
[        ] Resolved plugin [id: 'com.google.gms.google-services']
[        ] Using default execution profile
[        ] Using Kotlin Gradle Plugin gradle85 variant
[        ] C/C++: android.ndkVersion from module build.gradle is [27.0.12077973]
[        ] C/C++: android.ndkPath from module build.gradle is not set
[        ] C/C++: ndk.dir in local.properties is not set
[        ] C/C++: Not considering ANDROID_NDK_HOME because support was removed after deprecation period.
[        ] C/C++: sdkFolder is C:\Users\thama\AppData\Local\Android\sdk
[        ] C/C++: android.ndkVersion from module build.gradle is [27.0.12077973]
[        ] C/C++: android.ndkPath from module build.gradle is not set
[        ] C/C++: ndk.dir in local.properties is not set
[        ] C/C++: Not considering ANDROID_NDK_HOME because support was removed after deprecation period.
[        ] C/C++: sdkFolder is C:\Users\thama\AppData\Local\Android\sdk
[        ] C/C++: android.ndkVersion from module build.gradle is [27.0.12077973]
[        ] C/C++: android.ndkPath from module build.gradle is not set
[        ] C/C++: ndk.dir in local.properties is not set
[        ] C/C++: Not considering ANDROID_NDK_HOME because support was removed after deprecation period.
[        ] C/C++: sdkFolder is C:\Users\thama\AppData\Local\Android\sdk
[        ] C/C++: android.ndkVersion from module build.gradle is [27.0.12077973]
[        ] C/C++: android.ndkPath from module build.gradle is not set
[        ] C/C++: ndk.dir in local.properties is not set
[        ] C/C++: Not considering ANDROID_NDK_HOME because support was removed after deprecation period.
[   +1 ms] C/C++: sdkFolder is C:\Users\thama\AppData\Local\Android\sdk
[        ] C/C++: android.ndkVersion from module build.gradle is [27.0.12077973]
[        ] C/C++: android.ndkPath from module build.gradle is not set
[        ] C/C++: ndk.dir in local.properties is not set
[        ] C/C++: Not considering ANDROID_NDK_HOME because support was removed after deprecation period.
[        ] C/C++: sdkFolder is C:\Users\thama\AppData\Local\Android\sdk
[        ] C/C++: android.ndkVersion from module build.gradle is [27.0.12077973]
[        ] C/C++: android.ndkPath from module build.gradle is not set
[        ] C/C++: ndk.dir in local.properties is not set
[        ] C/C++: Not considering ANDROID_NDK_HOME because support was removed after deprecation period.
[        ] C/C++: sdkFolder is C:\Users\thama\AppData\Local\Android\sdk
[        ] C/C++: android.ndkVersion from module build.gradle is [27.0.12077973]
[        ] C/C++: android.ndkPath from module build.gradle is not set
[        ] C/C++: ndk.dir in local.properties is not set
[        ] C/C++: Not considering ANDROID_NDK_HOME because support was removed after deprecation period.
[        ] C/C++: sdkFolder is C:\Users\thama\AppData\Local\Android\sdk
[        ] C/C++: android.ndkVersion from module build.gradle is [27.0.12077973]
[        ] C/C++: android.ndkPath from module build.gradle is not set
[        ] C/C++: ndk.dir in local.properties is not set
[        ] C/C++: Not considering ANDROID_NDK_HOME because support was removed after deprecation period.
[        ] C/C++: sdkFolder is C:\Users\thama\AppData\Local\Android\sdk
[        ] C/C++: android.ndkVersion from module build.gradle is [27.0.12077973]
[        ] C/C++: android.ndkPath from module build.gradle is not set
[        ] C/C++: ndk.dir in local.properties is not set
[        ] C/C++: Not considering ANDROID_NDK_HOME because support was removed after deprecation period.
[        ] C/C++: sdkFolder is C:\Users\thama\AppData\Local\Android\sdk
[        ] C/C++: android.ndkVersion from module build.gradle is [27.0.12077973]
[        ] C/C++: android.ndkPath from module build.gradle is not set
[        ] C/C++: ndk.dir in local.properties is not set
[        ] C/C++: Not considering ANDROID_NDK_HOME because support was removed after deprecation period.
[        ] C/C++: sdkFolder is C:\Users\thama\AppData\Local\Android\sdk
[        ] C/C++: android.ndkVersion from module build.gradle is [27.0.12077973]
[        ] C/C++: android.ndkPath from module build.gradle is not set
[        ] C/C++: ndk.dir in local.properties is not set
[        ] C/C++: Not considering ANDROID_NDK_HOME because support was removed after deprecation period.
[        ] C/C++: sdkFolder is C:\Users\thama\AppData\Local\Android\sdk
[        ] C/C++: android.ndkVersion from module build.gradle is [27.0.12077973]
[        ] C/C++: android.ndkPath from module build.gradle is not set
[        ] C/C++: ndk.dir in local.properties is not set
[        ] C/C++: Not considering ANDROID_NDK_HOME because support was removed after deprecation period.
[        ] C/C++: sdkFolder is C:\Users\thama\AppData\Local\Android\sdk
[        ] C/C++: android.ndkVersion from module build.gradle is [27.0.12077973]
[        ] C/C++: android.ndkPath from module build.gradle is not set
[        ] C/C++: ndk.dir in local.properties is not set
[        ] C/C++: Not considering ANDROID_NDK_HOME because support was removed after deprecation period.
[        ] C/C++: sdkFolder is C:\Users\thama\AppData\Local\Android\sdk
[        ] C/C++: android.ndkVersion from module build.gradle is [27.0.12077973]
[        ] C/C++: android.ndkPath from module build.gradle is not set
[        ] C/C++: ndk.dir in local.properties is not set
[        ] C/C++: Not considering ANDROID_NDK_HOME because support was removed after deprecation period.
[        ] C/C++: sdkFolder is C:\Users\thama\AppData\Local\Android\sdk
[        ] C/C++: android.ndkVersion from module build.gradle is [27.0.12077973]
[        ] C/C++: android.ndkPath from module build.gradle is not set
[   +2 ms] C/C++: ndk.dir in local.properties is not set
[   +1 ms] C/C++: Not considering ANDROID_NDK_HOME because support was removed after deprecation period.
[        ] C/C++: sdkFolder is C:\Users\thama\AppData\Local\Android\sdk
[        ] C/C++: android.ndkVersion from module build.gradle is [27.0.12077973]
[        ] C/C++: android.ndkPath from module build.gradle is not set
[        ] C/C++: ndk.dir in local.properties is not set
[        ] C/C++: Not considering ANDROID_NDK_HOME because support was removed after deprecation period.
[        ] C/C++: sdkFolder is C:\Users\thama\AppData\Local\Android\sdk
[        ] C/C++: android.ndkVersion from module build.gradle is [27.0.12077973]
[        ] C/C++: android.ndkPath from module build.gradle is not set
[        ] C/C++: ndk.dir in local.properties is not set
[        ] C/C++: Not considering ANDROID_NDK_HOME because support was removed after deprecation period.
[   +1 ms] C/C++: sdkFolder is C:\Users\thama\AppData\Local\Android\sdk
[        ] C/C++: android.ndkVersion from module build.gradle is [27.0.12077973]
[        ] C/C++: android.ndkPath from module build.gradle is not set
[        ] C/C++: ndk.dir in local.properties is not set
[        ] C/C++: Not considering ANDROID_NDK_HOME because support was removed after deprecation period.
[        ] C/C++: sdkFolder is C:\Users\thama\AppData\Local\Android\sdk
[        ] C/C++: android.ndkVersion from module build.gradle is [27.0.12077973]
[        ] C/C++: android.ndkPath from module build.gradle is not set
[        ] C/C++: ndk.dir in local.properties is not set
[        ] C/C++: Not considering ANDROID_NDK_HOME because support was removed after deprecation period.
[        ] C/C++: sdkFolder is C:\Users\thama\AppData\Local\Android\sdk
[        ] > Configure project :
[        ] Evaluating root project 'android' using build file 'C:\Users\thama\OneDrive\Desktop\Flutterproject\attendance_app\android\build.gradle.kts'.
[ +742 ms] > Configure project :device_info_plus
[        ] Evaluating project ':device_info_plus' using build file 'C:\Users\thama\AppData\Local\Pub\Cache\hosted\pub.dev\device_info_plus-10.1.2\android\build.gradle'.
[        ] Using default execution profile
[        ] Using Kotlin Gradle Plugin gradle85 variant
[ +112 ms] > Configure project :firebase_auth
[   +1 ms] Evaluating project ':firebase_auth' using build file 'C:\Users\thama\AppData\Local\Pub\Cache\hosted\pub.dev\firebase_auth-6.2.0\android\build.gradle'.
[        ] Using default execution profile
[  +88 ms] > Configure project :firebase_core
[        ] Evaluating project ':firebase_core' using build file 'C:\Users\thama\AppData\Local\Pub\Cache\hosted\pub.dev\firebase_core-4.5.0\android\build.gradle'.
[        ] Using default execution profile
[ +603 ms] > Configure project :flutter_ble_peripheral
[        ] Evaluating project ':flutter_ble_peripheral' using build file 'C:\Users\thama\AppData\Local\Pub\Cache\hosted\pub.dev\flutter_ble_peripheral-2.1.0\android\build.gradle'.
[        ] Using default execution profile
[        ] Using Kotlin Gradle Plugin gradle85 variant
[ +197 ms] > Configure project :flutter_secure_storage
[        ] Evaluating project ':flutter_secure_storage' using build file 'C:\Users\thama\AppData\Local\Pub\Cache\hosted\pub.dev\flutter_secure_storage-9.2.4\android\build.gradle'.
[        ] Using default execution profile
[ +202 ms] > Configure project :path_provider_android
[        ] Evaluating project ':path_provider_android' using build file 'C:\Users\thama\AppData\Local\Pub\Cache\hosted\pub.dev\path_provider_android-2.2.19\android\build.gradle'.
[        ] Using default execution profile
[ +293 ms] > Configure project :permission_handler_android
[        ] Evaluating project ':permission_handler_android' using build file 'C:\Users\thama\AppData\Local\Pub\Cache\hosted\pub.dev\permission_handler_android-13.0.1\android\build.gradle'.
[        ] Using default execution profile
[ +293 ms] > Configure project :shared_preferences_android
[        ] Evaluating project ':shared_preferences_android' using build file 'C:\Users\thama\AppData\Local\Pub\Cache\hosted\pub.dev\shared_preferences_android-2.4.13\android\build.gradle'.
[        ] Using default execution profile
[        ] Using Kotlin Gradle Plugin gradle85 variant
[ +200 ms] > Configure project :video_player_android
[        ] Evaluating project ':video_player_android' using build file 'C:\Users\thama\AppData\Local\Pub\Cache\hosted\pub.dev\video_player_android-2.8.15\android\build.gradle'.
[        ] Using default execution profile
[        ] All projects evaluated.
[ +198 ms] Task name matched 'assembleDebug'
[        ] Selected primary task 'assembleDebug' from project :
[ +109 ms] WARNING: We recommend using a newer Android Gradle plugin to use compileSdk = 36
[   +1 ms] This Android Gradle plugin (8.7.3) was tested up to compileSdk = 35.
[        ] You are strongly encouraged to update your project to use a newer
[        ] Android Gradle plugin that has been tested with compileSdk = 36.
[        ] If you are already using the latest version of the Android Gradle plugin,
[        ] you may need to wait until a newer version with support for compileSdk = 36 is available.
[        ] For more information refer to the compatibility table:
[        ] https://d.android.com/r/tools/api-level-support
[        ] To suppress this warning, add/update
[        ]     android.suppressUnsupportedCompileSdk=36
[        ] to this project's gradle.properties.
[+1206 ms] Tasks to be executed: [task ':app:DebugMinSdkCheck', task ':app:preBuild', task ':app:preDebugBuild', task ':app:mergeDebugNativeDebugMetadata', task ':app:checkKotlinGradlePluginConfigurationErrors', task ':app:compileFlutterBuildDebug', task ':app:packJniLibsflutterBuildDebug', task ':device_info_plus:preBuild', task ':device_info_plus:preDebugBuild', task ':device_info_plus:writeDebugAarMetadata', task ':firebase_auth:preBuild', task ':firebase_auth:preDebugBuild', task ':firebase_auth:writeDebugAarMetadata', task ':firebase_core:preBuild', task ':firebase_core:preDebugBuild', task ':firebase_core:writeDebugAarMetadata', task ':flutter_ble_peripheral:preBuild', task ':flutter_ble_peripheral:preDebugBuild', task ':flutter_ble_peripheral:writeDebugAarMetadata', task ':flutter_secure_storage:preBuild', task ':flutter_secure_storage:preDebugBuild', task ':flutter_secure_storage:writeDebugAarMetadata', task ':path_provider_android:preBuild', task ':path_provider_android:preDebugBuild', task ':path_provider_android:writeDebugAarMetadata', task ':permission_handler_android:preBuild', task ':permission_handler_android:preDebugBuild', task ':permission_handler_android:writeDebugAarMetadata', task ':shared_preferences_android:preBuild', task ':shared_preferences_android:preDebugBuild', task ':shared_preferences_android:writeDebugAarMetadata', task ':video_player_android:preBuild', task ':video_player_android:preDebugBuild', task ':video_player_android:writeDebugAarMetadata', task ':app:checkDebugAarMetadata', task ':app:cleanMergeDebugAssets', task ':app:mergeDebugShaders', task ':app:compileDebugShaders', task ':app:generateDebugAssets', task ':device_info_plus:mergeDebugShaders', task ':device_info_plus:compileDebugShaders', task ':device_info_plus:generateDebugAssets', task ':device_info_plus:packageDebugAssets', task ':firebase_auth:mergeDebugShaders', task ':firebase_auth:compileDebugShaders', task ':firebase_auth:generateDebugAssets', task ':firebase_auth:packageDebugAssets', task ':firebase_core:mergeDebugShaders', task ':firebase_core:compileDebugShaders', task ':firebase_core:generateDebugAssets', task ':firebase_core:packageDebugAssets', task ':flutter_ble_peripheral:mergeDebugShaders', task ':flutter_ble_peripheral:compileDebugShaders', task ':flutter_ble_peripheral:generateDebugAssets', task ':flutter_ble_peripheral:packageDebugAssets', task ':flutter_secure_storage:mergeDebugShaders', task ':flutter_secure_storage:compileDebugShaders', task ':flutter_secure_storage:generateDebugAssets', task ':flutter_secure_storage:packageDebugAssets', task ':path_provider_android:mergeDebugShaders', task ':path_provider_android:compileDebugShaders', task ':path_provider_android:generateDebugAssets', task ':path_provider_android:packageDebugAssets', task ':permission_handler_android:mergeDebugShaders', task ':permission_handler_android:compileDebugShaders', task ':permission_handler_android:generateDebugAssets', task ':permission_handler_android:packageDebugAssets', task ':shared_preferences_android:mergeDebugShaders', task ':shared_preferences_android:compileDebugShaders', task ':shared_preferences_android:generateDebugAssets', task ':shared_preferences_android:packageDebugAssets', task ':video_player_android:mergeDebugShaders', task ':video_player_android:compileDebugShaders', task ':video_player_android:generateDebugAssets', task ':video_player_android:packageDebugAssets', task ':app:mergeDebugAssets', task ':app:copyFlutterAssetsDebug', task ':app:generateDebugResValues', task ':app:processDebugGoogleServices', task ':device_info_plus:generateDebugResValues', task ':device_info_plus:generateDebugResources', task ':device_info_plus:packageDebugResources', task ':firebase_auth:generateDebugResValues', task ':firebase_auth:generateDebugResources', task ':firebase_auth:packageDebugResources', task ':firebase_core:generateDebugResValues', task ':firebase_core:generateDebugResources', task ':firebase_core:packageDebugResources', task ':flutter_ble_peripheral:generateDebugResValues', task ':flutter_ble_peripheral:generateDebugResources', task ':flutter_ble_peripheral:packageDebugResources', task ':flutter_secure_storage:generateDebugResValues', task ':flutter_secure_storage:generateDebugResources', task ':flutter_secure_storage:packageDebugResources', task ':path_provider_android:generateDebugResValues', task ':path_provider_android:generateDebugResources', task ':path_provider_android:packageDebugResources', task ':permission_handler_android:generateDebugResValues', task ':permission_handler_android:generateDebugResources', task ':permission_handler_android:packageDebugResources', task ':shared_preferences_android:generateDebugResValues', task ':shared_preferences_android:generateDebugResources', task ':shared_preferences_android:packageDebugResources', task ':video_player_android:generateDebugResValues', task ':video_player_android:generateDebugResources', task ':video_player_android:packageDebugResources', task ':app:mapDebugSourceSetPaths', task ':app:generateDebugResources', task ':app:mergeDebugResources', task ':app:packageDebugResources', task ':app:parseDebugLocalResources', task ':app:createDebugCompatibleScreenManifests', task ':app:extractDeepLinksDebug', task ':device_info_plus:extractDeepLinksDebug', task ':device_info_plus:processDebugManifest', task ':firebase_auth:extractDeepLinksDebug', task ':firebase_auth:processDebugManifest', task ':firebase_core:extractDeepLinksDebug', task ':firebase_core:processDebugManifest', task ':flutter_ble_peripheral:extractDeepLinksDebug', task ':flutter_ble_peripheral:processDebugManifest', task ':flutter_secure_storage:extractDeepLinksDebug', task ':flutter_secure_storage:processDebugManifest', task ':path_provider_android:extractDeepLinksDebug', task ':path_provider_android:processDebugManifest', task ':permission_handler_android:extractDeepLinksDebug', task ':permission_handler_android:processDebugManifest', task ':shared_preferences_android:extractDeepLinksDebug', task ':shared_preferences_android:processDebugManifest', task ':video_player_android:extractDeepLinksDebug', task ':video_player_android:processDebugManifest', task ':app:processDebugMainManifest', task ':app:processDebugManifest', task ':app:processDebugManifestForPackage', task ':device_info_plus:compileDebugLibraryResources', task ':device_info_plus:parseDebugLocalResources', task ':device_info_plus:generateDebugRFile', task ':firebase_auth:compileDebugLibraryResources', task ':firebase_auth:parseDebugLocalResources', task ':firebase_auth:generateDebugRFile', task ':firebase_core:compileDebugLibraryResources', task ':firebase_core:parseDebugLocalResources', task ':firebase_core:generateDebugRFile', task ':flutter_ble_peripheral:compileDebugLibraryResources', task ':flutter_ble_peripheral:parseDebugLocalResources', task ':flutter_ble_peripheral:generateDebugRFile', task ':flutter_secure_storage:compileDebugLibraryResources', task ':flutter_secure_storage:parseDebugLocalResources', task ':flutter_secure_storage:generateDebugRFile', task ':path_provider_android:compileDebugLibraryResources', task ':path_provider_android:parseDebugLocalResources', task ':path_provider_android:generateDebugRFile', task ':permission_handler_android:compileDebugLibraryResources', task ':permission_handler_android:parseDebugLocalResources', task ':permission_handler_android:generateDebugRFile', task ':shared_preferences_android:compileDebugLibraryResources', task ':shared_preferences_android:parseDebugLocalResources', task ':shared_preferences_android:generateDebugRFile', task ':video_player_android:compileDebugLibraryResources', task ':video_player_android:parseDebugLocalResources', task ':video_player_android:generateDebugRFile', task ':app:processDebugResources', task ':device_info_plus:checkKotlinGradlePluginConfigurationErrors', task ':device_info_plus:compileDebugKotlin', task ':device_info_plus:javaPreCompileDebug', task ':device_info_plus:compileDebugJavaWithJavac', task ':device_info_plus:bundleLibCompileToJarDebug', task ':firebase_auth:generateDebugBuildConfig', task ':firebase_auth:javaPreCompileDebug', task ':firebase_core:generateDebugBuildConfig', task ':firebase_core:javaPreCompileDebug', task ':firebase_core:compileDebugJavaWithJavac', task ':firebase_core:bundleLibCompileToJarDebug', task ':firebase_auth:compileDebugJavaWithJavac', task ':firebase_auth:bundleLibCompileToJarDebug', task ':flutter_ble_peripheral:checkKotlinGradlePluginConfigurationErrors', task ':flutter_ble_peripheral:compileDebugKotlin', task ':flutter_ble_peripheral:javaPreCompileDebug', task ':flutter_ble_peripheral:compileDebugJavaWithJavac', task ':flutter_ble_peripheral:bundleLibCompileToJarDebug', task ':flutter_secure_storage:generateDebugBuildConfig', task ':flutter_secure_storage:javaPreCompileDebug', task ':flutter_secure_storage:compileDebugJavaWithJavac', task ':flutter_secure_storage:bundleLibCompileToJarDebug', task ':path_provider_android:javaPreCompileDebug', task ':path_provider_android:compileDebugJavaWithJavac', task ':path_provider_android:bundleLibCompileToJarDebug', task ':permission_handler_android:javaPreCompileDebug', task ':permission_handler_android:compileDebugJavaWithJavac', task ':permission_handler_android:bundleLibCompileToJarDebug', task ':shared_preferences_android:checkKotlinGradlePluginConfigurationErrors', task ':shared_preferences_android:compileDebugKotlin', task ':shared_preferences_android:javaPreCompileDebug', task ':shared_preferences_android:compileDebugJavaWithJavac', task ':shared_preferences_android:bundleLibCompileToJarDebug', task ':video_player_android:javaPreCompileDebug', task ':video_player_android:compileDebugJavaWithJavac', task ':video_player_android:bundleLibCompileToJarDebug', task ':app:compileDebugKotlin', task ':app:javaPreCompileDebug', task ':app:compileDebugJavaWithJavac', task ':app:compressDebugAssets', task ':app:processDebugJavaRes', task ':device_info_plus:processDebugJavaRes', task ':firebase_auth:processDebugJavaRes', task ':firebase_core:processDebugJavaRes', task ':flutter_ble_peripheral:processDebugJavaRes', task ':flutter_secure_storage:processDebugJavaRes', task ':path_provider_android:processDebugJavaRes', task ':permission_handler_android:processDebugJavaRes', task ':shared_preferences_android:processDebugJavaRes', task ':video_player_android:processDebugJavaRes', task ':app:mergeDebugJavaResource', task ':app:checkDebugDuplicateClasses', task ':app:desugarDebugFileDependencies', task ':app:mergeExtDexDebug', task ':device_info_plus:bundleLibRuntimeToJarDebug', task ':firebase_auth:bundleLibRuntimeToJarDebug', task ':firebase_core:bundleLibRuntimeToJarDebug', task ':flutter_ble_peripheral:bundleLibRuntimeToJarDebug', task ':flutter_secure_storage:bundleLibRuntimeToJarDebug', task ':path_provider_android:bundleLibRuntimeToJarDebug', task ':permission_handler_android:bundleLibRuntimeToJarDebug', task ':shared_preferences_android:bundleLibRuntimeToJarDebug', task ':video_player_android:bundleLibRuntimeToJarDebug', task ':app:mergeLibDexDebug', task ':app:dexBuilderDebug', task ':app:mergeProjectDexDebug', task ':app:preProfileBuild', task ':app:configureCMakeDebug[arm64-v8a]', task ':app:buildCMakeDebug[arm64-v8a]', task ':app:configureCMakeDebug[armeabi-v7a]', task ':app:buildCMakeDebug[armeabi-v7a]', task ':app:configureCMakeDebug[x86]', task ':app:buildCMakeDebug[x86]', task ':app:configureCMakeDebug[x86_64]', task ':app:buildCMakeDebug[x86_64]', task ':app:mergeDebugJniLibFolders', task ':device_info_plus:mergeDebugJniLibFolders', task ':device_info_plus:mergeDebugNativeLibs', task ':device_info_plus:copyDebugJniLibsProjectOnly', task ':firebase_auth:mergeDebugJniLibFolders', task ':firebase_auth:mergeDebugNativeLibs', task ':firebase_auth:copyDebugJniLibsProjectOnly', task ':firebase_core:mergeDebugJniLibFolders', task ':firebase_core:mergeDebugNativeLibs', task ':firebase_core:copyDebugJniLibsProjectOnly', task ':flutter_ble_peripheral:mergeDebugJniLibFolders', task ':flutter_ble_peripheral:mergeDebugNativeLibs', task ':flutter_ble_peripheral:copyDebugJniLibsProjectOnly', task ':flutter_secure_storage:mergeDebugJniLibFolders', task ':flutter_secure_storage:mergeDebugNativeLibs', task ':flutter_secure_storage:copyDebugJniLibsProjectOnly', task ':path_provider_android:mergeDebugJniLibFolders', task ':path_provider_android:mergeDebugNativeLibs', task ':path_provider_android:copyDebugJniLibsProjectOnly', task ':permission_handler_android:mergeDebugJniLibFolders', task ':permission_handler_android:mergeDebugNativeLibs', task ':permission_handler_android:copyDebugJniLibsProjectOnly', task ':shared_preferences_android:mergeDebugJniLibFolders', task ':shared_preferences_android:mergeDebugNativeLibs', task ':shared_preferences_android:copyDebugJniLibsProjectOnly', task ':video_player_android:mergeDebugJniLibFolders', task ':video_player_android:mergeDebugNativeLibs', task ':video_player_android:copyDebugJniLibsProjectOnly', task ':app:mergeDebugNativeLibs', task ':app:stripDebugDebugSymbols', task ':app:validateSigningDebug', task ':app:writeDebugAppMetadata', task ':app:writeDebugSigningConfigVersions', task ':app:packageDebug', task ':app:createDebugApkListingFileRedirect', task ':app:assembleDebug', task ':device_info_plus:stripDebugDebugSymbols', task ':device_info_plus:copyDebugJniLibsProjectAndLocalJars', task ':device_info_plus:extractDebugAnnotations', task ':device_info_plus:extractDeepLinksForAarDebug', task ':device_info_plus:mergeDebugGeneratedProguardFiles', task ':device_info_plus:mergeDebugConsumerProguardFiles', task ':device_info_plus:prepareDebugArtProfile', task ':device_info_plus:prepareLintJarForPublish', task ':device_info_plus:mergeDebugJavaResource', task ':device_info_plus:syncDebugLibJars', task ':device_info_plus:bundleDebugAar', task ':device_info_plus:assembleDebug', task ':firebase_auth:stripDebugDebugSymbols', task ':firebase_auth:copyDebugJniLibsProjectAndLocalJars', task ':firebase_auth:extractDebugAnnotations', task ':firebase_auth:extractDeepLinksForAarDebug', task ':firebase_auth:mergeDebugGeneratedProguardFiles', task ':firebase_auth:mergeDebugConsumerProguardFiles', task ':firebase_auth:prepareDebugArtProfile', task ':firebase_auth:prepareLintJarForPublish', task ':firebase_auth:mergeDebugJavaResource', task ':firebase_auth:syncDebugLibJars', task ':firebase_auth:bundleDebugAar', task ':firebase_auth:assembleDebug', task ':firebase_core:stripDebugDebugSymbols', task ':firebase_core:copyDebugJniLibsProjectAndLocalJars', task ':firebase_core:extractDebugAnnotations', task ':firebase_core:extractDeepLinksForAarDebug', task ':firebase_core:mergeDebugGeneratedProguardFiles', task ':firebase_core:mergeDebugConsumerProguardFiles', task ':firebase_core:prepareDebugArtProfile', task ':firebase_core:prepareLintJarForPublish', task ':firebase_core:mergeDebugJavaResource', task ':firebase_core:syncDebugLibJars', task ':firebase_core:bundleDebugAar', task ':firebase_core:assembleDebug', task ':flutter_ble_peripheral:stripDebugDebugSymbols', task ':flutter_ble_peripheral:copyDebugJniLibsProjectAndLocalJars', task ':flutter_ble_peripheral:extractDebugAnnotations', task ':flutter_ble_peripheral:extractDeepLinksForAarDebug', task ':flutter_ble_peripheral:mergeDebugGeneratedProguardFiles', task ':flutter_ble_peripheral:mergeDebugConsumerProguardFiles', task ':flutter_ble_peripheral:prepareDebugArtProfile', task ':flutter_ble_peripheral:prepareLintJarForPublish', task ':flutter_ble_peripheral:mergeDebugJavaResource', task ':flutter_ble_peripheral:syncDebugLibJars', task ':flutter_ble_peripheral:bundleDebugAar', task ':flutter_ble_peripheral:assembleDebug', task ':flutter_secure_storage:stripDebugDebugSymbols', task ':flutter_secure_storage:copyDebugJniLibsProjectAndLocalJars', task ':flutter_secure_storage:extractDebugAnnotations', task ':flutter_secure_storage:extractDeepLinksForAarDebug', task ':flutter_secure_storage:mergeDebugGeneratedProguardFiles', task ':flutter_secure_storage:mergeDebugConsumerProguardFiles', task ':flutter_secure_storage:prepareDebugArtProfile', task ':flutter_secure_storage:prepareLintJarForPublish', task ':flutter_secure_storage:mergeDebugJavaResource', task ':flutter_secure_storage:syncDebugLibJars', task ':flutter_secure_storage:bundleDebugAar', task ':flutter_secure_storage:assembleDebug', task ':path_provider_android:stripDebugDebugSymbols', task ':path_provider_android:copyDebugJniLibsProjectAndLocalJars', task ':path_provider_android:extractDebugAnnotations', task ':path_provider_android:extractDeepLinksForAarDebug', task ':path_provider_android:mergeDebugGeneratedProguardFiles', task ':path_provider_android:mergeDebugConsumerProguardFiles', task ':path_provider_android:prepareDebugArtProfile', task ':path_provider_android:prepareLintJarForPublish', task ':path_provider_android:mergeDebugJavaResource', task ':path_provider_android:syncDebugLibJars', task ':path_provider_android:bundleDebugAar', task ':path_provider_android:assembleDebug', task ':permission_handler_android:stripDebugDebugSymbols', task ':permission_handler_android:copyDebugJniLibsProjectAndLocalJars', task ':permission_handler_android:extractDebugAnnotations', task ':permission_handler_android:extractDeepLinksForAarDebug', task ':permission_handler_android:mergeDebugGeneratedProguardFiles', task ':permission_handler_android:mergeDebugConsumerProguardFiles', task ':permission_handler_android:prepareDebugArtProfile', task ':permission_handler_android:prepareLintJarForPublish', task ':permission_handler_android:mergeDebugJavaResource', task ':permission_handler_android:syncDebugLibJars', task ':permission_handler_android:bundleDebugAar', task ':permission_handler_android:assembleDebug', task ':shared_preferences_android:stripDebugDebugSymbols', task ':shared_preferences_android:copyDebugJniLibsProjectAndLocalJars', task ':shared_preferences_android:extractDebugAnnotations', task ':shared_preferences_android:extractDeepLinksForAarDebug', task ':shared_preferences_android:mergeDebugGeneratedProguardFiles', task ':shared_preferences_android:mergeDebugConsumerProguardFiles', task ':shared_preferences_android:prepareDebugArtProfile', task ':shared_preferences_android:prepareLintJarForPublish', task ':shared_preferences_android:mergeDebugJavaResource', task ':shared_preferences_android:syncDebugLibJars', task ':shared_preferences_android:bundleDebugAar', task ':shared_preferences_android:assembleDebug', task ':video_player_android:stripDebugDebugSymbols', task ':video_player_android:copyDebugJniLibsProjectAndLocalJars', task ':video_player_android:extractDebugAnnotations', task ':video_player_android:extractDeepLinksForAarDebug', task ':video_player_android:mergeDebugGeneratedProguardFiles', task ':video_player_android:mergeDebugConsumerProguardFiles', task ':video_player_android:prepareDebugArtProfile', task ':video_player_android:prepareLintJarForPublish', task ':video_player_android:mergeDebugJavaResource', task ':video_player_android:syncDebugLibJars', task ':video_player_android:bundleDebugAar', task ':video_player_android:assembleDebug']
[   +4 ms] Tasks that were excluded: []
[        ] work action Parameters of DexingWithClasspathTransform (Thread[#1742,Execution worker Thread 6,5,main]) started.
[        ] Resolve mutations for :app:DebugMinSdkCheck (Thread[#1742,Execution worker Thread 6,5,main]) started.
[        ] :app:DebugMinSdkCheck (Thread[#1742,Execution worker Thread 6,5,main]) started.
[        ] > Task :app:DebugMinSdkCheck
[        ] Caching disabled for task ':app:DebugMinSdkCheck' because:
[        ]   Build cache is disabled
[        ] Task ':app:DebugMinSdkCheck' is not up-to-date because:
[        ]   Task has not declared any outputs despite executing actions.
[        ] Resolve mutations for :app:preBuild (Thread[#1742,Execution worker Thread 6,5,main]) started.
[        ] :app:preBuild (Thread[#1742,Execution worker Thread 6,5,main]) started.
[        ] > Task :app:preBuild UP-TO-DATE
[        ] Skipping task ':app:preBuild' as it has no actions.
[        ] Resolve mutations for :app:preDebugBuild (Thread[#1742,Execution worker Thread 6,5,main]) started.
[        ] :app:preDebugBuild (Thread[#1742,Execution worker Thread 6,5,main]) started.
[        ] > Task :app:preDebugBuild UP-TO-DATE
[        ] Skipping task ':app:preDebugBuild' as it has no actions.
[        ] Resolve mutations for :app:mergeDebugNativeDebugMetadata (Thread[#1742,Execution worker Thread 6,5,main]) started.
[        ] :app:mergeDebugNativeDebugMetadata (Thread[#1742,Execution worker Thread 6,5,main]) started.
[        ] > Task :app:mergeDebugNativeDebugMetadata NO-SOURCE
[        ] Skipping task ':app:mergeDebugNativeDebugMetadata' as it has no source files and no previous output files.
[        ] Resolve mutations for :app:checkKotlinGradlePluginConfigurationErrors (Thread[#1742,Execution worker Thread 6,5,main]) started.
[        ] :app:checkKotlinGradlePluginConfigurationErrors (Thread[#1742,Execution worker Thread 6,5,main]) started.
[        ] > Task :app:checkKotlinGradlePluginConfigurationErrors SKIPPED
[        ] Skipping task ':app:checkKotlinGradlePluginConfigurationErrors' as task onlyIf 'errorDiagnostics are present' is false.
[        ] Resolve mutations for :app:compileFlutterBuildDebug (Thread[#1742,Execution worker Thread 6,5,main]) started.
[        ] :app:compileFlutterBuildDebug (Thread[#1742,Execution worker Thread 6,5,main]) started.
[+1965 ms] > Task :app:compileFlutterBuildDebug
[        ] Caching disabled for task ':app:compileFlutterBuildDebug' because:
[        ]   Build cache is disabled
[        ]   Caching has not been enabled for the task
[        ] Task ':app:compileFlutterBuildDebug' is not up-to-date because:
[        ]   Value of input property 'verbose' has changed for task ':app:compileFlutterBuildDebug'
[        ] Starting process 'command 'C:\Flutter\flutter_windows_3.32.8-stable\flutter\bin\flutter.bat''. Working directory: C:\Users\thama\OneDrive\Desktop\Flutterproject\attendance_app Command: C:\Flutter\flutter_windows_3.32.8-stable\flutter\bin\flutter.bat --verbose assemble --no-version-check --depfile C:\Users\thama\OneDrive\Desktop\Flutterproject\attendance_app\build\app\intermediates\flutter\debug/flutter_build.d --output C:\Users\thama\OneDrive\Desktop\Flutterproject\attendance_app\build\app\intermediates\flutter\debug -dTargetFile=C:\Users\thama\OneDrive\Desktop\Flutterproject\attendance_app\lib\main.dart -dTargetPlatform=android -dBuildMode=debug -dTrackWidgetCreation=true --DartDefines=RkxVVFRFUl9WRVJTSU9OPTMuMzIuOA==,RkxVVFRFUl9DSEFOTkVMPXN0YWJsZQ==,RkxVVFRFUl9HSVRfVVJMPWh0dHBzOi8vZ2l0aHViLmNvbS9mbHV0dGVyL2ZsdXR0ZXIuZ2l0,RkxVVFRFUl9GUkFNRVdPUktfUkVWSVNJT049ZWRhZGE3YzU2ZQ==,RkxVVFRFUl9FTkdJTkVfUkVWSVNJT049ZWYwY2QwMDA5MQ==,RkxVVFRFUl9EQVJUX1ZFUlNJT049My44LjE= -dFlavor= -dAndroidArchs=android-arm64 -dMinSdkVersion=23 debug_android_application
[        ] Successfully started process 'command 'C:\Flutter\flutter_windows_3.32.8-stable\flutter\bin\flutter.bat''
[ +900 ms] [ +389 ms] Artifact Instance of 'AndroidGenSnapshotArtifacts' is not required, skipping update.
[        ] [        ] Artifact Instance of 'AndroidInternalBuildArtifacts' is not required, skipping update.
[        ] [        ] Artifact Instance of 'IOSEngineArtifacts' is not required, skipping update.
[        ] [        ] Artifact Instance of 'FlutterWebSdk' is not required, skipping update.
[        ] [        ] Artifact Instance of 'LegacyCanvasKitRemover' is not required, skipping update.
[        ] [   +4 ms] Artifact Instance of 'WindowsEngineArtifacts' is not required, skipping update.
[        ] [        ] Artifact Instance of 'MacOSEngineArtifacts' is not required, skipping update.
[        ] [        ] Artifact Instance of 'LinuxEngineArtifacts' is not required, skipping update.
[        ] [        ] Artifact Instance of 'LinuxFuchsiaSDKArtifacts' is not required, skipping update.
[        ] [        ] Artifact Instance of 'MacOSFuchsiaSDKArtifacts' is not required, skipping update.
[        ] [        ] Artifact Instance of 'FlutterRunnerSDKArtifacts' is not required, skipping update.
[        ] [        ] Artifact Instance of 'FlutterRunnerDebugSymbols' is not required, skipping update.
[ +200 ms] [ +181 ms] Artifact Instance of 'MaterialFonts' is not required, skipping update.
[        ] [        ] Artifact Instance of 'GradleWrapper' is not required, skipping update.
[        ] [   +3 ms] Artifact Instance of 'AndroidInternalBuildArtifacts' is not required, skipping update.
[        ] [        ] Artifact Instance of 'IOSEngineArtifacts' is not required, skipping update.
[        ] [        ] Artifact Instance of 'FlutterWebSdk' is not required, skipping update.
[        ] [        ] Artifact Instance of 'LegacyCanvasKitRemover' is not required, skipping update.
[        ] [        ] Artifact Instance of 'FlutterSdk' is not required, skipping update.
[        ] [        ] Artifact Instance of 'WindowsEngineArtifacts' is not required, skipping update.
[        ] [        ] Artifact Instance of 'MacOSEngineArtifacts' is not required, skipping update.
[        ] [        ] Artifact Instance of 'LinuxEngineArtifacts' is not required, skipping update.
[        ] [        ] Artifact Instance of 'LinuxFuchsiaSDKArtifacts' is not required, skipping update.
[        ] [        ] Artifact Instance of 'MacOSFuchsiaSDKArtifacts' is not required, skipping update.
[        ] [        ] Artifact Instance of 'FlutterRunnerSDKArtifacts' is not required, skipping update.
[        ] [        ] Artifact Instance of 'FlutterRunnerDebugSymbols' is not required, skipping update.
[        ] [        ] Artifact Instance of 'IosUsbArtifacts' is not required, skipping update.
[        ] [        ] Artifact Instance of 'IosUsbArtifacts' is not required, skipping update.
[        ] [        ] Artifact Instance of 'IosUsbArtifacts' is not required, skipping update.
[        ] [        ] Artifact Instance of 'IosUsbArtifacts' is not required, skipping update.
[        ] [        ] Artifact Instance of 'IosUsbArtifacts' is not required, skipping update.
[        ] [        ] Artifact Instance of 'FontSubsetArtifacts' is not required, skipping update.
[        ] [        ] Artifact Instance of 'PubDependencies' is not required, skipping update.
[        ] [  +48 ms] Initializing file store
[  +89 ms] [  +43 ms] Done initializing file store
[  +93 ms] [ +133 ms] Skipping target: gen_localizations
[        ] [  +20 ms] Skipping target: gen_dart_plugin_registrant
[+1200 ms] [+1135 ms] kernel_snapshot_program: Starting due to {InvalidatedReasonKind.inputChanged: The following inputs have updated contents: C:\Users\thama\OneDrive\Desktop\Flutterproject\attendance_app\lib\screens\splash_screen.dart,C:\Users\thama\AppData\Local\Pub\Cache\hosted\pub.dev\video_player_android-2.8.15\lib\video_player_android.dart,C:\Users\thama\AppData\Local\Pub\Cache\hosted\pub.dev\video_player_avfoundation-2.8.4\lib\video_player_avfoundation.dart,C:\Users\thama\AppData\Local\Pub\Cache\hosted\pub.dev\video_player-2.10.1\lib\video_player.dart,C:\Users\thama\AppData\Local\Pub\Cache\hosted\pub.dev\video_player_android-2.8.15\lib\src\android_video_player.dart,C:\Users\thama\AppData\Local\Pub\Cache\hosted\pub.dev\video_player_avfoundation-2.8.4\lib\src\avfoundation_video_player.dart,C:\Users\thama\AppData\Local\Pub\Cache\hosted\pub.dev\video_player_platform_interface-6.6.0\lib\video_player_platform_interface.dart,C:\Users\thama\AppData\Local\Pub\Cache\hosted\pub.dev\video_player-2.10.1\lib\src\closed_caption_file.dart,C:\Users\thama\AppData\Local\Pub\Cache\hosted\pub.dev\video_player_android-2.8.15\lib\src\messages.g.dart,C:\Users\thama\AppData\Local\Pub\Cache\hosted\pub.dev\video_player_android-2.8.15\lib\src\platform_view_player.dart,C:\Users\thama\AppData\Local\Pub\Cache\hosted\pub.dev\video_player_avfoundation-2.8.4\lib\src\messages.g.dart,C:\Users\thama\AppData\Local\Pub\Cache\hosted\pub.dev\video_player-2.10.1\lib\src\sub_rip.dart,C:\Users\thama\AppData\Local\Pub\Cache\hosted\pub.dev\video_player-2.10.1\lib\src\web_vtt.dart,C:\Users\thama\AppData\Local\Pub\Cache\hosted\pub.dev\html-0.15.6\lib\dom.dart,C:\Users\thama\AppData\Local\Pub\Cache\hosted\pub.dev\html-0.15.6\lib\parser.dart,C:\Users\thama\AppData\Local\Pub\Cache\hosted\pub.dev\html-0.15.6\lib\dom_parsing.dart,C:\Users\thama\AppData\Local\Pub\Cache\hosted\pub.dev\html-0.15.6\lib\src\constants.dart,C:\Users\thama\AppData\Local\Pub\Cache\hosted\pub.dev\html-0.15.6\lib\src\css_class_set.dart,C:\Users\thama\AppData\Local\Pub\Cache\hosted\pub.dev\html-0.15.6\lib\src\list_proxy.dart,C:\Users\thama\AppData\Local\Pub\Cache\hosted\pub.dev\html-0.15.6\lib\src\query_selector.dart,C:\Users\thama\AppData\Local\Pub\Cache\hosted\pub.dev\html-0.15.6\lib\src\token.dart,C:\Users\thama\AppData\Local\Pub\Cache\hosted\pub.dev\html-0.15.6\lib\src\tokenizer.dart,C:\Users\thama\AppData\Local\Pub\Cache\hosted\pub.dev\html-0.15.6\lib\src\encoding_parser.dart,C:\Users\thama\AppData\Local\Pub\Cache\hosted\pub.dev\html-0.15.6\lib\src\treebuilder.dart,C:\Users\thama\AppData\Local\Pub\Cache\hosted\pub.dev\html-0.15.6\lib\src\utils.dart,C:\Users\thama\AppData\Local\Pub\Cache\hosted\pub.dev\html-0.15.6\lib\html_escape.dart,C:\Users\thama\AppData\Local\Pub\Cache\hosted\pub.dev\csslib-1.0.2\lib\parser.dart,C:\Users\thama\AppData\Local\Pub\Cache\hosted\pub.dev\csslib-1.0.2\lib\visitor.dart,C:\Users\thama\AppData\Local\Pub\Cache\hosted\pub.dev\html-0.15.6\lib\src\html_input_stream.dart,C:\Users\thama\AppData\Local\Pub\Cache\hosted\pub.dev\html-0.15.6\lib\src\trie.dart,C:\Users\thama\AppData\Local\Pub\Cache\hosted\pub.dev\csslib-1.0.2\lib\src\messages.dart,C:\Users\thama\AppData\Local\Pub\Cache\hosted\pub.dev\csslib-1.0.2\lib\src\preprocessor_options.dart,C:\Users\thama\AppData\Local\Pub\Cache\hosted\pub.dev\csslib-1.0.2\lib\src\analyzer.dart,C:\Users\thama\AppData\Local\Pub\Cache\hosted\pub.dev\csslib-1.0.2\lib\src\polyfill.dart,C:\Users\thama\AppData\Local\Pub\Cache\hosted\pub.dev\csslib-1.0.2\lib\src\property.dart,C:\Users\thama\AppData\Local\Pub\Cache\hosted\pub.dev\csslib-1.0.2\lib\src\token.dart,C:\Users\thama\AppData\Local\Pub\Cache\hosted\pub.dev\csslib-1.0.2\lib\src\token_kind.dart,C:\Users\thama\AppData\Local\Pub\Cache\hosted\pub.dev\csslib-1.0.2\lib\src\tokenizer.dart,C:\Users\thama\AppData\Local\Pub\Cache\hosted\pub.dev\csslib-1.0.2\lib\src\tokenizer_base.dart,C:\Users\thama\AppData\Local\Pub\Cache\hosted\pub.dev\csslib-1.0.2\lib\src\css_printer.dart,C:\Users\thama\AppData\Local\Pub\Cache\hosted\pub.dev\csslib-1.0.2\lib\src\tree.dart,C:\Users\thama\AppData\Local\Pub\Cache\hosted\pub.dev\csslib-1.0.2\lib\src\tree_base.dart,C:\Users\thama\AppData\Local\Pub\Cache\hosted\pub.dev\csslib-1.0.2\lib\src\tree_printer.dart}
[   +1 ms] [  +20 ms] C:\Flutter\flutter_windows_3.32.8-stable\flutter\bin\cache\dart-sdk\bin\dartaotruntime.exe C:\Flutter\flutter_windows_3.32.8-stable\flutter\bin\cache\dart-sdk\bin\snapshots\frontend_server_aot.dart.snapshot --sdk-root C:\Flutter\flutter_windows_3.32.8-stable\flutter\bin\cache\artifacts\engine\common\flutter_patched_sdk/ --target=flutter --no-print-incremental-dependencies -DFLUTTER_VERSION=3.32.8 -DFLUTTER_CHANNEL=stable -DFLUTTER_GIT_URL=https://github.com/flutter/flutter.git -DFLUTTER_FRAMEWORK_REVISION=edada7c56e -DFLUTTER_ENGINE_REVISION=ef0cd00091 -DFLUTTER_DART_VERSION=3.8.1 -DFLUTTER_APP_FLAVOR= -Ddart.vm.profile=false -Ddart.vm.product=false --enable-asserts --track-widget-creation --no-link-platform --packages C:\Users\thama\OneDrive\Desktop\Flutterproject\attendance_app\.dart_tool\package_config.json --output-dill C:\Users\thama\OneDrive\Desktop\Flutterproject\attendance_app\.dart_tool\flutter_build\64b8d6de891886117d31c332e84029e3\app.dill --depfile C:\Users\thama\OneDrive\Desktop\Flutterproject\attendance_app\.dart_tool\flutter_build\64b8d6de891886117d31c332e84029e3\kernel_snapshot_program.d --incremental --initialize-from-dill C:\Users\thama\OneDrive\Desktop\Flutterproject\attendance_app\.dart_tool\flutter_build\64b8d6de891886117d31c332e84029e3\app.dill --source file:///C:/Users/thama/OneDrive/Desktop/Flutterproject/attendance_app/.dart_tool/flutter_build/dart_plugin_registrant.dart --source package:flutter/src/dart_plugin_registrant.dart -Dflutter.dart_plugin_registrant=file:///C:/Users/thama/OneDrive/Desktop/Flutterproject/attendance_app/.dart_tool/flutter_build/dart_plugin_registrant.dart --verbosity=error package:attendance_app/main.dart
[+3201 ms] [+3190 ms] kernel_snapshot_program: Complete
[+1403 ms] [+1435 ms] Skipping target: dart_build
[        ] [   +1 ms] Skipping target: install_code_assets
[        ] [  +13 ms] invalidated build due to missing files: C:\Users\thama\OneDrive\Desktop\Flutterproject\attendance_app\DOES_NOT_EXIST_RERUN_FOR_WILDCARD98702282
[ +702 ms] [ +716 ms] debug_android_application: Starting due to {InvalidatedReasonKind.inputChanged: The following inputs have updated contents: C:\Users\thama\OneDrive\Desktop\Flutterproject\attendance_app\.dart_tool\flutter_build\64b8d6de891886117d31c332e84029e3\app.dill,C:\Users\thama\OneDrive\Desktop\Flutterproject\attendance_app\assets\app_icon.png,C:\Users\thama\OneDrive\Desktop\Flutterproject\attendance_app\assets\videos\animation_logo.mp4,C:\Users\thama\AppData\Local\Pub\Cache\hosted\pub.dev\csslib-1.0.2\LICENSE,C:\Users\thama\AppData\Local\Pub\Cache\hosted\pub.dev\html-0.15.6\LICENSE,C:\Users\thama\AppData\Local\Pub\Cache\hosted\pub.dev\video_player-2.10.1\LICENSE,C:\Users\thama\AppData\Local\Pub\Cache\hosted\pub.dev\video_player_android-2.8.15\LICENSE,C:\Users\thama\AppData\Local\Pub\Cache\hosted\pub.dev\video_player_avfoundation-2.8.4\LICENSE,C:\Users\thama\AppData\Local\Pub\Cache\hosted\pub.dev\video_player_platform_interface-6.6.0\LICENSE,C:\Users\thama\AppData\Local\Pub\Cache\hosted\pub.dev\video_player_web-2.4.0\LICENSE, InvalidatedReasonKind.inputMissing: The following inputs were missing: C:\Users\thama\OneDrive\Desktop\Flutterproject\attendance_app\DOES_NOT_EXIST_RERUN_FOR_WILDCARD98702282}
[ +590 ms] [ +534 ms] Manifest contained wildcard assets. Inserting missing file into build graph to force rerun. for more information see #56466.
[        ] [  +15 ms] shaderc command: [C:\Flutter\flutter_windows_3.32.8-stable\flutter\bin\cache\artifacts\engine\windows-x64\impellerc.exe, --sksl, --runtime-stage-gles, --runtime-stage-gles3, --runtime-stage-vulkan, --iplr, --sl=C:\Users\thama\OneDrive\Desktop\Flutterproject\attendance_app\build\app\intermediates\flutter\debug\flutter_assets\shaders/ink_sparkle.frag, --spirv=C:\Users\thama\OneDrive\Desktop\Flutterproject\attendance_app\build\app\intermediates\flutter\debug\flutter_assets\shaders/ink_sparkle.frag.spirv, --input=C:\Flutter\flutter_windows_3.32.8-stable\flutter\packages\flutter\lib\src\material\shaders\ink_sparkle.frag, --input-type=frag, --include=C:\Flutter\flutter_windows_3.32.8-stable\flutter\packages\flutter\lib\src\material\shaders, --include=C:\Flutter\flutter_windows_3.32.8-stable\flutter\bin\cache\artifacts\engine\windows-x64\shader_lib]
[+1597 ms] [+1610 ms] debug_android_application: Complete
[+1010 ms] [+1052 ms] Persisting file store
[  +93 ms] [  +19 ms] Done persisting file store
[        ] [  +34 ms] build succeeded.
[        ] [  +22 ms] "flutter assemble" took 10,248ms.
[ +106 ms] [ +110 ms] Running 1 shutdown hook
[        ] [   +1 ms] Shutdown hooks complete
[ +295 ms] [ +248 ms] exiting with code 0
[ +298 ms] Resolve mutations for :app:packJniLibsflutterBuildDebug (Thread[#1742,Execution worker Thread 6,5,main]) started.
[        ] :app:packJniLibsflutterBuildDebug (Thread[#1742,Execution worker Thread 6,5,main]) started.
[        ] > Task :app:packJniLibsflutterBuildDebug UP-TO-DATE
[        ] Caching disabled for task ':app:packJniLibsflutterBuildDebug' because:
[        ]   Build cache is disabled
[        ]   Not worth caching
[        ] Skipping task ':app:packJniLibsflutterBuildDebug' as it is up-to-date.
[   +1 ms] work action org.gradle.api.internal.artifacts.transform.DefaultTransformUpstreamDependenciesResolver$FinalizeTransformDependenciesFromSelectedArtifacts$CalculateFinalDependencies@70e9cac5 (Thread[#1742,Execution worker Thread 6,5,main]) started.
[ +496 ms] work action Dependencies for project :device_info_plus {artifactType=android-classes-jar, dexing-component-attributes=ComponentSpecificParameters(minSdkVersion=23, debuggable=true, enableCoreLibraryDesugaring=false, enableGlobalSynthetics=false, enableApiModeling=false, dependenciesClassesAreInstrumented=false, asmTransformComponent=null, useJacocoTransformInstrumentation=false, enableDesugaring=true, needsClasspath=true, useFullClasspath=false, componentIfUsingFullClasspath=null)} (Thread[#1742,Execution worker Thread 6,5,main]) started.
[        ] work action org.gradle.api.internal.artifacts.transform.DefaultTransformUpstreamDependenciesResolver$FinalizeTransformDependenciesFromSelectedArtifacts$CalculateFinalDependencies@56ad3a56 (Thread[#1745,Execution worker Thread 9,5,main]) started.
[        ] work action Dependencies for project :firebase_core {artifactType=android-classes-jar, dexing-component-attributes=ComponentSpecificParameters(minSdkVersion=23, debuggable=true, enableCoreLibraryDesugaring=false, enableGlobalSynthetics=false, enableApiModeling=false, dependenciesClassesAreInstrumented=false, asmTransformComponent=null, useJacocoTransformInstrumentation=false, enableDesugaring=true, needsClasspath=true, useFullClasspath=false, componentIfUsingFullClasspath=null)} (Thread[#1745,Execution worker Thread 9,5,main]) started.
[        ] work action org.gradle.api.internal.artifacts.transform.DefaultTransformUpstreamDependenciesResolver$FinalizeTransformDependenciesFromSelectedArtifacts$CalculateFinalDependencies@3dda1130 (Thread[#1742,Execution worker Thread 6,5,main]) started.
[        ] work action Dependencies for project :flutter_ble_peripheral {artifactType=android-classes-jar, dexing-component-attributes=ComponentSpecificParameters(minSdkVersion=23, debuggable=true, enableCoreLibraryDesugaring=false, enableGlobalSynthetics=false, enableApiModeling=false, dependenciesClassesAreInstrumented=false, asmTransformComponent=null, useJacocoTransformInstrumentation=false, enableDesugaring=true, needsClasspath=true, useFullClasspath=false, componentIfUsingFullClasspath=null)} (Thread[#1742,Execution worker Thread 6,5,main]) started.
[        ] work action org.gradle.api.internal.artifacts.transform.DefaultTransformUpstreamDependenciesResolver$FinalizeTransformDependenciesFromSelectedArtifacts$CalculateFinalDependencies@3ccca267 (Thread[#1742,Execution worker Thread 6,5,main]) started.
[        ] work action Dependencies for project :flutter_secure_storage {artifactType=android-classes-jar, dexing-component-attributes=ComponentSpecificParameters(minSdkVersion=23, debuggable=true, enableCoreLibraryDesugaring=false, enableGlobalSynthetics=false, enableApiModeling=false, dependenciesClassesAreInstrumented=false, asmTransformComponent=null, useJacocoTransformInstrumentation=false, enableDesugaring=true, needsClasspath=true, useFullClasspath=false, componentIfUsingFullClasspath=null)} (Thread[#1742,Execution worker Thread 6,5,main]) started.
[        ] work action org.gradle.api.internal.artifacts.transform.DefaultTransformUpstreamDependenciesResolver$FinalizeTransformDependenciesFromSelectedArtifacts$CalculateFinalDependencies@58db6997 (Thread[#1747,Execution worker Thread 11,5,main]) started.
[        ] work action Dependencies for project :path_provider_android {artifactType=android-classes-jar, dexing-component-attributes=ComponentSpecificParameters(minSdkVersion=23, debuggable=true, enableCoreLibraryDesugaring=false, enableGlobalSynthetics=false, enableApiModeling=false, dependenciesClassesAreInstrumented=false, asmTransformComponent=null, useJacocoTransformInstrumentation=false, enableDesugaring=true, needsClasspath=true, useFullClasspath=false, componentIfUsingFullClasspath=null)} (Thread[#1747,Execution worker Thread 11,5,main]) started.
[        ] work action org.gradle.api.internal.artifacts.transform.DefaultTransformUpstreamDependenciesResolver$FinalizeTransformDependenciesFromSelectedArtifacts$CalculateFinalDependencies@53987e3f (Thread[#1747,Execution worker Thread 11,5,main]) started.
[        ] work action Dependencies for project :permission_handler_android {artifactType=android-classes-jar, dexing-component-attributes=ComponentSpecificParameters(minSdkVersion=23, debuggable=true, enableCoreLibraryDesugaring=false, enableGlobalSynthetics=false, enableApiModeling=false, dependenciesClassesAreInstrumented=false, asmTransformComponent=null, useJacocoTransformInstrumentation=false, enableDesugaring=true, needsClasspath=true, useFullClasspath=false, componentIfUsingFullClasspath=null)} (Thread[#1747,Execution worker Thread 11,5,main]) started.
[        ] work action org.gradle.api.internal.artifacts.transform.DefaultTransformUpstreamDependenciesResolver$FinalizeTransformDependenciesFromSelectedArtifacts$CalculateFinalDependencies@7d87819b (Thread[#1747,Execution worker Thread 11,5,main]) started.
[        ] work action Dependencies for project :shared_preferences_android {artifactType=android-classes-jar, dexing-component-attributes=ComponentSpecificParameters(minSdkVersion=23, debuggable=true, enableCoreLibraryDesugaring=false, enableGlobalSynthetics=false, enableApiModeling=false, dependenciesClassesAreInstrumented=false, asmTransformComponent=null, useJacocoTransformInstrumentation=false, enableDesugaring=true, needsClasspath=true, useFullClasspath=false, componentIfUsingFullClasspath=null)} (Thread[#1747,Execution worker Thread 11,5,main]) started.
[        ] work action org.gradle.api.internal.artifacts.transform.DefaultTransformUpstreamDependenciesResolver$FinalizeTransformDependenciesFromSelectedArtifacts$CalculateFinalDependencies@69812d29 (Thread[#1746,Execution worker Thread 10,5,main]) started.
[        ] work action Dependencies for project :video_player_android {artifactType=android-classes-jar, dexing-component-attributes=ComponentSpecificParameters(minSdkVersion=23, debuggable=true, enableCoreLibraryDesugaring=false, enableGlobalSynthetics=false, enableApiModeling=false, dependenciesClassesAreInstrumented=false, asmTransformComponent=null, useJacocoTransformInstrumentation=false, enableDesugaring=true, needsClasspath=true, useFullClasspath=false, componentIfUsingFullClasspath=null)} (Thread[#1746,Execution worker Thread 10,5,main]) started.
[        ] Resolve mutations for :device_info_plus:preBuild (Thread[#1742,Execution worker Thread 6,5,main]) started.
[        ] :device_info_plus:preBuild (Thread[#1742,Execution worker Thread 6,5,main]) started.
[        ] > Task :device_info_plus:preBuild UP-TO-DATE
[        ] Skipping task ':device_info_plus:preBuild' as it has no actions.
[        ] Resolve mutations for :device_info_plus:preDebugBuild (Thread[#1740,Execution worker Thread 4,5,main]) started.
[        ] :device_info_plus:preDebugBuild (Thread[#1740,Execution worker Thread 4,5,main]) started.
[        ] > Task :device_info_plus:preDebugBuild UP-TO-DATE
[        ] Skipping task ':device_info_plus:preDebugBuild' as it has no actions.
[        ] Resolve mutations for :device_info_plus:writeDebugAarMetadata (Thread[#1740,Execution worker Thread 4,5,main]) started.
[        ] :device_info_plus:writeDebugAarMetadata (Thread[#1740,Execution worker Thread 4,5,main]) started.
[        ] > Task :device_info_plus:writeDebugAarMetadata UP-TO-DATE
[        ] Caching disabled for task ':device_info_plus:writeDebugAarMetadata' because:
[        ]   Build cache is disabled
[        ]   Caching has been disabled for the task
[        ] Skipping task ':device_info_plus:writeDebugAarMetadata' as it is up-to-date.
[        ] work action resolve aar-metadata.properties (project :device_info_plus) (Thread[#1740,Execution worker Thread 4,5,main]) started.
[        ] Resolve mutations for :firebase_auth:preBuild (Thread[#1740,Execution worker Thread 4,5,main]) started.
[        ] :firebase_auth:preBuild (Thread[#1740,Execution worker Thread 4,5,main]) started.
[        ] > Task :firebase_auth:preBuild UP-TO-DATE
[        ] Skipping task ':firebase_auth:preBuild' as it has no actions.
[        ] Resolve mutations for :firebase_auth:preDebugBuild (Thread[#1740,Execution worker Thread 4,5,main]) started.
[        ] :firebase_auth:preDebugBuild (Thread[#1740,Execution worker Thread 4,5,main]) started.
[        ] > Task :firebase_auth:preDebugBuild UP-TO-DATE
[        ] Skipping task ':firebase_auth:preDebugBuild' as it has no actions.
[        ] Resolve mutations for :firebase_auth:writeDebugAarMetadata (Thread[#1740,Execution worker Thread 4,5,main]) started.
[        ] :firebase_auth:writeDebugAarMetadata (Thread[#1740,Execution worker Thread 4,5,main]) started.
[  +80 ms] > Task :firebase_auth:writeDebugAarMetadata UP-TO-DATE
[        ] Caching disabled for task ':firebase_auth:writeDebugAarMetadata' because:
[        ]   Build cache is disabled
[        ]   Caching has been disabled for the task
[        ] Skipping task ':firebase_auth:writeDebugAarMetadata' as it is up-to-date.
[        ] work action resolve aar-metadata.properties (project :firebase_auth) (Thread[#1740,Execution worker Thread 4,5,main]) started.
[        ] Resolve mutations for :firebase_core:preBuild (Thread[#1740,Execution worker Thread 4,5,main]) started.
[        ] :firebase_core:preBuild (Thread[#1740,Execution worker Thread 4,5,main]) started.
[        ] > Task :firebase_core:preBuild UP-TO-DATE
[        ] Skipping task ':firebase_core:preBuild' as it has no actions.
[        ] Resolve mutations for :firebase_core:preDebugBuild (Thread[#1740,Execution worker Thread 4,5,main]) started.
[        ] :firebase_core:preDebugBuild (Thread[#1740,Execution worker Thread 4,5,main]) started.
[        ] > Task :firebase_core:preDebugBuild UP-TO-DATE
[        ] Skipping task ':firebase_core:preDebugBuild' as it has no actions.
[        ] Resolve mutations for :firebase_core:writeDebugAarMetadata (Thread[#1740,Execution worker Thread 4,5,main]) started.
[        ] :firebase_core:writeDebugAarMetadata (Thread[#1740,Execution worker Thread 4,5,main]) started.
[        ] > Task :firebase_core:writeDebugAarMetadata UP-TO-DATE
[  +89 ms] Caching disabled for task ':firebase_core:writeDebugAarMetadata' because:
[        ]   Build cache is disabled
[        ]   Caching has been disabled for the task
[        ] Skipping task ':firebase_core:writeDebugAarMetadata' as it is up-to-date.
[        ] work action resolve aar-metadata.properties (project :firebase_core) (Thread[#1740,Execution worker Thread 4,5,main]) started.
[        ] Resolve mutations for :flutter_ble_peripheral:preBuild (Thread[#1740,Execution worker Thread 4,5,main]) started.
[        ] :flutter_ble_peripheral:preBuild (Thread[#1740,Execution worker Thread 4,5,main]) started.
[        ] > Task :flutter_ble_peripheral:preBuild UP-TO-DATE
[        ] Skipping task ':flutter_ble_peripheral:preBuild' as it has no actions.
[        ] Resolve mutations for :flutter_ble_peripheral:preDebugBuild (Thread[#1740,Execution worker Thread 4,5,main]) started.
[        ] :flutter_ble_peripheral:preDebugBuild (Thread[#1740,Execution worker Thread 4,5,main]) started.
[        ] > Task :flutter_ble_peripheral:preDebugBuild UP-TO-DATE
[   +2 ms] Skipping task ':flutter_ble_peripheral:preDebugBuild' as it has no actions.
[        ] Resolve mutations for :flutter_ble_peripheral:writeDebugAarMetadata (Thread[#1740,Execution worker Thread 4,5,main]) started.
[   +1 ms] :flutter_ble_peripheral:writeDebugAarMetadata (Thread[#1740,Execution worker Thread 4,5,main]) started.
[        ] > Task :flutter_ble_peripheral:writeDebugAarMetadata UP-TO-DATE
[   +5 ms] Caching disabled for task ':flutter_ble_peripheral:writeDebugAarMetadata' because:
[   +6 ms]   Build cache is disabled
[        ]   Caching has been disabled for the task
[        ] Skipping task ':flutter_ble_peripheral:writeDebugAarMetadata' as it is up-to-date.
[        ] work action resolve aar-metadata.properties (project :flutter_ble_peripheral) (Thread[#1740,Execution worker Thread 4,5,main]) started.
[        ] Resolve mutations for :flutter_secure_storage:preBuild (Thread[#1740,Execution worker Thread 4,5,main]) started.
[        ] :flutter_secure_storage:preBuild (Thread[#1740,Execution worker Thread 4,5,main]) started.
[        ] > Task :flutter_secure_storage:preBuild UP-TO-DATE
[        ] Skipping task ':flutter_secure_storage:preBuild' as it has no actions.
[        ] Resolve mutations for :flutter_secure_storage:preDebugBuild (Thread[#1740,Execution worker Thread 4,5,main]) started.
[        ] :flutter_secure_storage:preDebugBuild (Thread[#1740,Execution worker Thread 4,5,main]) started.
[        ] > Task :flutter_secure_storage:preDebugBuild UP-TO-DATE
[        ] Skipping task ':flutter_secure_storage:preDebugBuild' as it has no actions.
[        ] Resolve mutations for :flutter_secure_storage:writeDebugAarMetadata (Thread[#1740,Execution worker Thread 4,5,main]) started.
[        ] :flutter_secure_storage:writeDebugAarMetadata (Thread[#1740,Execution worker Thread 4,5,main]) started.
[        ] > Task :flutter_secure_storage:writeDebugAarMetadata UP-TO-DATE
[        ] Caching disabled for task ':flutter_secure_storage:writeDebugAarMetadata' because:
[        ]   Build cache is disabled
[        ]   Caching has been disabled for the task
[        ] Skipping task ':flutter_secure_storage:writeDebugAarMetadata' as it is up-to-date.
[        ] work action resolve aar-metadata.properties (project :flutter_secure_storage) (Thread[#1740,Execution worker Thread 4,5,main]) started.
[        ] Resolve mutations for :path_provider_android:preBuild (Thread[#1740,Execution worker Thread 4,5,main]) started.
[   +4 ms] :path_provider_android:preBuild (Thread[#1745,Execution worker Thread 9,5,main]) started.
[        ] > Task :path_provider_android:preBuild UP-TO-DATE
[        ] Skipping task ':path_provider_android:preBuild' as it has no actions.
[        ] Resolve mutations for :path_provider_android:preDebugBuild (Thread[#1745,Execution worker Thread 9,5,main]) started.
[        ] :path_provider_android:preDebugBuild (Thread[#1745,Execution worker Thread 9,5,main]) started.
[        ] > Task :path_provider_android:preDebugBuild UP-TO-DATE
[        ] Skipping task ':path_provider_android:preDebugBuild' as it has no actions.
[        ] Resolve mutations for :path_provider_android:writeDebugAarMetadata (Thread[#1745,Execution worker Thread 9,5,main]) started.
[        ] :path_provider_android:writeDebugAarMetadata (Thread[#1745,Execution worker Thread 9,5,main]) started.
[        ] > Task :path_provider_android:writeDebugAarMetadata UP-TO-DATE
[        ] Caching disabled for task ':path_provider_android:writeDebugAarMetadata' because:
[        ]   Build cache is disabled
[        ]   Caching has been disabled for the task
[        ] Skipping task ':path_provider_android:writeDebugAarMetadata' as it is up-to-date.
[        ] work action resolve aar-metadata.properties (project :path_provider_android) (Thread[#1745,Execution worker Thread 9,5,main]) started.
[        ] Resolve mutations for :permission_handler_android:preBuild (Thread[#1745,Execution worker Thread 9,5,main]) started.
[        ] :permission_handler_android:preBuild (Thread[#1745,Execution worker Thread 9,5,main]) started.
[        ] > Task :permission_handler_android:preBuild UP-TO-DATE
[        ] Skipping task ':permission_handler_android:preBuild' as it has no actions.
[        ] Resolve mutations for :permission_handler_android:preDebugBuild (Thread[#1745,Execution worker Thread 9,5,main]) started.
[        ] :permission_handler_android:preDebugBuild (Thread[#1745,Execution worker Thread 9,5,main]) started.
[        ] > Task :permission_handler_android:preDebugBuild UP-TO-DATE
[        ] Skipping task ':permission_handler_android:preDebugBuild' as it has no actions.
[        ] Resolve mutations for :permission_handler_android:writeDebugAarMetadata (Thread[#1745,Execution worker Thread 9,5,main]) started.
[        ] :permission_handler_android:writeDebugAarMetadata (Thread[#1745,Execution worker Thread 9,5,main]) started.
[        ] > Task :permission_handler_android:writeDebugAarMetadata UP-TO-DATE
[        ] Caching disabled for task ':permission_handler_android:writeDebugAarMetadata' because:
[        ]   Build cache is disabled
[        ]   Caching has been disabled for the task
[        ] Skipping task ':permission_handler_android:writeDebugAarMetadata' as it is up-to-date.
[        ] work action resolve aar-metadata.properties (project :permission_handler_android) (Thread[#1745,Execution worker Thread 9,5,main]) started.
[        ] Resolve mutations for :shared_preferences_android:preBuild (Thread[#1745,Execution worker Thread 9,5,main]) started.
[        ] :shared_preferences_android:preBuild (Thread[#1745,Execution worker Thread 9,5,main]) started.
[        ] > Task :shared_preferences_android:preBuild UP-TO-DATE
[        ] Skipping task ':shared_preferences_android:preBuild' as it has no actions.
[        ] Resolve mutations for :shared_preferences_android:preDebugBuild (Thread[#1745,Execution worker Thread 9,5,main]) started.
[        ] :shared_preferences_android:preDebugBuild (Thread[#1745,Execution worker Thread 9,5,main]) started.
[        ] > Task :shared_preferences_android:preDebugBuild UP-TO-DATE
[  +38 ms] Skipping task ':shared_preferences_android:preDebugBuild' as it has no actions.
[        ] Resolve mutations for :shared_preferences_android:writeDebugAarMetadata (Thread[#1745,Execution worker Thread 9,5,main]) started.
[        ] :shared_preferences_android:writeDebugAarMetadata (Thread[#1745,Execution worker Thread 9,5,main]) started.
[        ] > Task :shared_preferences_android:writeDebugAarMetadata UP-TO-DATE
[        ] Caching disabled for task ':shared_preferences_android:writeDebugAarMetadata' because:
[        ]   Build cache is disabled
[        ]   Caching has been disabled for the task
[        ] Skipping task ':shared_preferences_android:writeDebugAarMetadata' as it is up-to-date.
[        ] work action resolve aar-metadata.properties (project :shared_preferences_android) (Thread[#1745,Execution worker Thread 9,5,main]) started.
[        ] Resolve mutations for :video_player_android:preBuild (Thread[#1745,Execution worker Thread 9,5,main]) started.
[        ] :video_player_android:preBuild (Thread[#1745,Execution worker Thread 9,5,main]) started.
[        ] > Task :video_player_android:preBuild UP-TO-DATE
[        ] Skipping task ':video_player_android:preBuild' as it has no actions.
[        ] Resolve mutations for :video_player_android:preDebugBuild (Thread[#1740,Execution worker Thread 4,5,main]) started.
[        ] :video_player_android:preDebugBuild (Thread[#1740,Execution worker Thread 4,5,main]) started.
[        ] > Task :video_player_android:preDebugBuild UP-TO-DATE
[        ] Skipping task ':video_player_android:preDebugBuild' as it has no actions.
[        ] Resolve mutations for :video_player_android:writeDebugAarMetadata (Thread[#1740,Execution worker Thread 4,5,main]) started.
[        ] :video_player_android:writeDebugAarMetadata (Thread[#1740,Execution worker Thread 4,5,main]) started.
[        ] > Task :video_player_android:writeDebugAarMetadata UP-TO-DATE
[        ] Caching disabled for task ':video_player_android:writeDebugAarMetadata' because:
[        ]   Build cache is disabled
[        ]   Caching has been disabled for the task
[        ] Skipping task ':video_player_android:writeDebugAarMetadata' as it is up-to-date.
[   +1 ms] work action resolve aar-metadata.properties (project :video_player_android) (Thread[#1740,Execution worker Thread 4,5,main]) started.
[        ] Resolve mutations for :app:checkDebugAarMetadata (Thread[#1740,Execution worker Thread 4,5,main]) started.
[   +1 ms] :app:checkDebugAarMetadata (Thread[#1740,Execution worker Thread 4,5,main]) started.
[  +23 ms] > Task :app:checkDebugAarMetadata UP-TO-DATE
[        ] Caching disabled for task ':app:checkDebugAarMetadata' because:
[        ]   Build cache is disabled
[        ]   Caching has been disabled for the task
[        ] Skipping task ':app:checkDebugAarMetadata' as it is up-to-date.
[   +1 ms] Resolve mutations for :app:cleanMergeDebugAssets (Thread[#1740,Execution worker Thread 4,5,main]) started.
[        ] :app:cleanMergeDebugAssets (Thread[#1740,Execution worker Thread 4,5,main]) started.
[ +990 ms] > Task :app:cleanMergeDebugAssets FAILED
[        ] Caching disabled for task ':app:cleanMergeDebugAssets' because:
[        ]   Build cache is disabled
[        ] Task ':app:cleanMergeDebugAssets' is not up-to-date because:
[        ]   Task has not declared any outputs despite executing actions.
[+1103 ms] [Incubating] Problems report is available at: file:///C:/Users/thama/OneDrive/Desktop/Flutterproject/attendance_app/build/reports/problems/problems-report.html
[   +1 ms] Deprecated Gradle features were used in this build, making it incompatible with Gradle 9.0.
[        ] You can use '--warning-mode all' to show the individual deprecation warnings and determine if they come from your own scripts or plugins.
[        ] For more on this, please refer to https://docs.gradle.org/8.12/userguide/command_line_interface.html#sec:command_line_warnings in the Gradle documentation.
[        ] 18 actionable tasks: 3 executed, 15 up-to-date
[        ] Watched directory hierarchies: [C:\Flutter\flutter_windows_3.32.8-stable\flutter\packages\flutter_tools\gradle, C:\Users\thama\OneDrive\Desktop\Flutterproject\attendance_app\android]
[ +458 ms] Running Gradle task 'assembleDebug'... (completed in 26.7s)
[   +5 ms] "flutter run" took 33,345ms.
[   +1 ms] Running 3 shutdown hooks
[  +28 ms] Shutdown hooks complete
[ +258 ms] exiting with code 1
